1.34.191.8 - - [02/Sep/2013:07:00:17 +0200] "GET /dotclear/themes/giacomo/custom.css HTTP/1.1" 200 632 "http://www.sysmic.org/dotclear/index.php?post/2010/03/24/Convert-keys-betweens-GnuPG%2C-OpenSsh-and-OpenSSL" "Mozilla/5.0 (Windows NT 6.1; WOW64) AppleWebKit/537.36 (KHTML, like Gecko) Chrome/29.0.1547.57 Safari/537.36"
1.34.191.8 - - [02/Sep/2013:07:00:17 +0200] "GET /dotclear/themes/default/js/jquery.cookie.js HTTP/1.1" 200 821 "http://www.sysmic.org/dotclear/index.php?post/2010/03/24/Convert-keys-betweens-GnuPG%2C-OpenSsh-and-OpenSSL" "Mozilla/5.0 (Windows NT 6.1; WOW64) AppleWebKit/537.36 (KHTML, like Gecko) Chrome/29.0.1547.57 Safari/537.36"
1.34.191.8 - - [02/Sep/2013:07:00:17 +0200] "GET /dotclear/themes/default/js/jquery.js HTTP/1.1" 200 28399 "http://www.sysmic.org/dotclear/index.php?post/2010/03/24/Convert-keys-betweens-GnuPG%2C-OpenSsh-and-OpenSSL" "Mozilla/5.0 (Windows NT 6.1; WOW64) AppleWebKit/537.36 (KHTML, like Gecko) Chrome/29.0.1547.57 Safari/537.36"
1.34.191.8 - - [02/Sep/2013:07:00:18 +0200] "GET /dotclear/themes/giacomo/images/zen.jpg HTTP/1.1" 200 5223 "http://www.sysmic.org/dotclear/index.php?post/2010/03/24/Convert-keys-betweens-GnuPG%2C-OpenSsh-and-OpenSSL" "Mozilla/5.0 (Windows NT 6.1; WOW64) AppleWebKit/537.36 (KHTML, like Gecko) Chrome/29.0.1547.57 Safari/537.36"
1.34.191.8 - - [02/Sep/2013:07:00:18 +0200] "GET /dotclear/themes/giacomo/images/ico_comments.png HTTP/1.1" 200 541 "http://www.sysmic.org/dotclear/index.php?post/2010/03/24/Convert-keys-betweens-GnuPG%2C-OpenSsh-and-OpenSSL" "Mozilla/5.0 (Windows NT 6.1; WOW64) AppleWebKit/537.36 (KHTML, like Gecko) Chrome/29.0.1547.57 Safari/537.36"
1.34.191.8 - - [02/Sep/2013:07:00:18 +0200] "GET /dotclear/themes/giacomo/images/ico_entry.png HTTP/1.1" 200 550 "http://www.sysmic.org/dotclear/index.php?post/2010/03/24/Convert-keys-betweens-GnuPG%2C-OpenSsh-and-OpenSSL" "Mozilla/5.0 (Windows NT 6.1; WOW64) AppleWebKit/537.36 (KHTML, like Gecko) Chrome/29.0.1547.57 Safari/537.36"
1.34.191.8 - - [02/Sep/2013:07:00:18 +0200] "GET /dotclear/themes/giacomo/images/fleche.png HTTP/1.1" 200 506 "http://www.sysmic.org/dotclear/index.php?post/2010/03/24/Convert-keys-betweens-GnuPG%2C-OpenSsh-and-OpenSSL" "Mozilla/5.0 (Windows NT 6.1; WOW64) AppleWebKit/537.36 (KHTML, like Gecko) Chrome/29.0.1547.57 Safari/537.36"
1.34.191.8 - - [02/Sep/2013:07:00:18 +0200] "GET /favicon.ico HTTP/1.1" 200 7702 "-" "Mozilla/5.0 (Windows NT 6.1; WOW64) AppleWebKit/537.36 (KHTML, like Gecko) Chrome/29.0.1547.57 Safari/537.36"
5.10.83.51 - - [02/Sep/2013:07:00:37 +0200] "GET /dl/kwinDCOP/kdebase-dev_3.4.3-2_i386.deb HTTP/1.1" 200 71149 "-" "Mozilla/5.0 (compatible; AhrefsBot/5.0; +http://ahrefs.com/robot/)"
88.190.254.18 - - [02/Sep/2013:07:00:38 +0200] "GET / HTTP/1.0" 302 285 "-" "-"
1.34.191.8 - - [02/Sep/2013:07:00:40 +0200] "GET /dotclear/index.php?post/2010/03/24/Convert-keys-betweens-GnuPG%2C-OpenSsh-and-OpenSSL HTTP/1.1" 304 220 "https://www.google.com.tw/" "Mozilla/5.0 (Windows NT 6.1; WOW64) AppleWebKit/537.36 (KHTML, like Gecko) Chrome/29.0.1547.57 Safari/537.36"
94.23.244.160 - - [02/Sep/2013:07:01:09 +0200] "GET /dl/yoogoo/download.php HTTP/1.1" 200 3116 "http://www.sysmic.org/" "Mozilla/5.0 (Windows NT 6.1; WOW64) AppleWebKit/537.36 (KHTML, like Gecko) Chrome/28.0.1500.52 Safari/537.36"
94.23.244.160 - - [02/Sep/2013:07:01:10 +0200] "GET /dl/yoogoo/modules.php?name=Your_Account&op=new_user HTTP/1.1" 200 353 "http://www.sysmic.org/dl/yoogoo/download.php" "Mozilla/5.0 (Windows NT 6.1; WOW64) AppleWebKit/537.36 (KHTML, like Gecko) Chrome/28.0.1500.52 Safari/537.36"
1.34.191.8 - - [02/Sep/2013:07:02:21 +0200] "GET /dotclear/index.php?post/2010/03/24/Convert-keys-betweens-GnuPG%2C-OpenSsh-and-OpenSSL HTTP/1.1" 200 5473 "-" "Mozilla/5.0 (Macintosh; Intel Mac OS X 10_8_4) AppleWebKit/537.36 (KHTML, like Gecko) Chrome/29.0.1547.62 Safari/537.36"
1.34.191.8 - - [02/Sep/2013:07:02:22 +0200] "GET /dotclear/themes/giacomo/style.css HTTP/1.1" 200 3433 "http://www.sysmic.org/dotclear/index.php?post/2010/03/24/Convert-keys-betweens-GnuPG%2C-OpenSsh-and-OpenSSL" "Mozilla/5.0 (Macintosh; Intel Mac OS X 10_8_4) AppleWebKit/537.36 (KHTML, like Gecko) Chrome/29.0.1547.62 Safari/537.36"
1.34.191.8 - - [02/Sep/2013:07:02:22 +0200] "GET /dotclear/themes/default/print.css HTTP/1.1" 200 878 "http://www.sysmic.org/dotclear/index.php?post/2010/03/24/Convert-keys-betweens-GnuPG%2C-OpenSsh-and-OpenSSL" "Mozilla/5.0 (Macintosh; Intel Mac OS X 10_8_4) AppleWebKit/537.36 (KHTML, like Gecko) Chrome/29.0.1547.62 Safari/537.36"
1.34.191.8 - - [02/Sep/2013:07:02:22 +0200] "GET /awstats_misc_tracker.js HTTP/1.1" 200 3030 "http://www.sysmic.org/dotclear/index.php?post/2010/03/24/Convert-keys-betweens-GnuPG%2C-OpenSsh-and-OpenSSL" "Mozilla/5.0 (Macintosh; Intel Mac OS X 10_8_4) AppleWebKit/537.36 (KHTML, like Gecko) Chrome/29.0.1547.62 Safari/537.36"
1.34.191.8 - - [02/Sep/2013:07:02:22 +0200] "GET /dotclear/themes/default/js/post.js HTTP/1.1" 200 880 "http://www.sysmic.org/dotclear/index.php?post/2010/03/24/Convert-keys-betweens-GnuPG%2C-OpenSsh-and-OpenSSL" "Mozilla/5.0 (Macintosh; Intel Mac OS X 10_8_4) AppleWebKit/537.36 (KHTML, like Gecko) Chrome/29.0.1547.62 Safari/537.36"
1.34.191.8 - - [02/Sep/2013:07:02:22 +0200] "GET /dotclear/themes/default/js/jquery.cookie.js HTTP/1.1" 200 820 "http://www.sysmic.org/dotclear/index.php?post/2010/03/24/Convert-keys-betweens-GnuPG%2C-OpenSsh-and-OpenSSL" "Mozilla/5.0 (Macintosh; Intel Mac OS X 10_8_4) AppleWebKit/537.36 (KHTML, like Gecko) Chrome/29.0.1547.62 Safari/537.36"
1.34.191.8 - - [02/Sep/2013:07:02:22 +0200] "GET /dotclear/themes/giacomo/custom.css HTTP/1.1" 200 633 "http://www.sysmic.org/dotclear/index.php?post/2010/03/24/Convert-keys-betweens-GnuPG%2C-OpenSsh-and-OpenSSL" "Mozilla/5.0 (Macintosh; Intel Mac OS X 10_8_4) AppleWebKit/537.36 (KHTML, like Gecko) Chrome/29.0.1547.62 Safari/537.36"
1.34.191.8 - - [02/Sep/2013:07:02:22 +0200] "GET /dotclear/themes/default/js/jquery.js HTTP/1.1" 200 28399 "http://www.sysmic.org/dotclear/index.php?post/2010/03/24/Convert-keys-betweens-GnuPG%2C-OpenSsh-and-OpenSSL" "Mozilla/5.0 (Macintosh; Intel Mac OS X 10_8_4) AppleWebKit/537.36 (KHTML, like Gecko) Chrome/29.0.1547.62 Safari/537.36"
1.34.191.8 - - [02/Sep/2013:07:02:23 +0200] "GET /dotclear/themes/giacomo/images/ico_comments.png HTTP/1.1" 200 541 "http://www.sysmic.org/dotclear/index.php?post/2010/03/24/Convert-keys-betweens-GnuPG%2C-OpenSsh-and-OpenSSL" "Mozilla/5.0 (Macintosh; Intel Mac OS X 10_8_4) AppleWebKit/537.36 (KHTML, like Gecko) Chrome/29.0.1547.62 Safari/537.36"
1.34.191.8 - - [02/Sep/2013:07:02:23 +0200] "GET /dotclear/themes/giacomo/images/ico_entry.png HTTP/1.1" 200 550 "http://www.sysmic.org/dotclear/index.php?post/2010/03/24/Convert-keys-betweens-GnuPG%2C-OpenSsh-and-OpenSSL" "Mozilla/5.0 (Macintosh; Intel Mac OS X 10_8_4) AppleWebKit/537.36 (KHTML, like Gecko) Chrome/29.0.1547.62 Safari/537.36"
1.34.191.8 - - [02/Sep/2013:07:02:23 +0200] "GET /dotclear/themes/giacomo/images/fleche.png HTTP/1.1" 200 506 "http://www.sysmic.org/dotclear/index.php?post/2010/03/24/Convert-keys-betweens-GnuPG%2C-OpenSsh-and-OpenSSL" "Mozilla/5.0 (Macintosh; Intel Mac OS X 10_8_4) AppleWebKit/537.36 (KHTML, like Gecko) Chrome/29.0.1547.62 Safari/537.36"
1.34.191.8 - - [02/Sep/2013:07:02:23 +0200] "GET /dotclear/themes/giacomo/images/zen.jpg HTTP/1.1" 200 5223 "http://www.sysmic.org/dotclear/index.php?post/2010/03/24/Convert-keys-betweens-GnuPG%2C-OpenSsh-and-OpenSSL" "Mozilla/5.0 (Macintosh; Intel Mac OS X 10_8_4) AppleWebKit/537.36 (KHTML, like Gecko) Chrome/29.0.1547.62 Safari/537.36"
1.34.191.8 - - [02/Sep/2013:07:02:23 +0200] "GET /favicon.ico HTTP/1.1" 200 7702 "-" "Mozilla/5.0 (Macintosh; Intel Mac OS X 10_8_4) AppleWebKit/537.36 (KHTML, like Gecko) Chrome/29.0.1547.62 Safari/537.36"
5.10.83.27 - - [02/Sep/2013:07:04:35 +0200] "GET /dotclear/index.php?post/2010/03/24/Convert-keys-betweens-GnuPG,-OpenSsh-and-OpenSSL HTTP/1.1" 200 5439 "-" "Mozilla/5.0 (compatible; AhrefsBot/5.0; +http://ahrefs.com/robot/)"
119.63.193.195 - - [02/Sep/2013:07:05:10 +0200] "GET / HTTP/1.1" 302 285 "-" "Mozilla/4.0 (compatible; MSIE 7.0; Windows NT 6.0)"
1.34.191.8 - - [02/Sep/2013:07:05:42 +0200] "GET /dotclear/index.php?post/2010/03/24/Convert-keys-betweens-GnuPG%2C-OpenSsh-and-OpenSSL HTTP/1.1" 304 220 "-" "Mozilla/5.0 (Macintosh; Intel Mac OS X 10_8_4) AppleWebKit/537.36 (KHTML, like Gecko) Chrome/29.0.1547.62 Safari/537.36"
5.10.83.101 - - [02/Sep/2013:07:09:08 +0200] "GET /dl/par/?C=M;O=D HTTP/1.1" 200 979 "-" "Mozilla/5.0 (compatible; AhrefsBot/5.0; +http://ahrefs.com/robot/)"
88.190.254.18 - - [02/Sep/2013:07:10:45 +0200] "GET / HTTP/1.0" 302 285 "-" "-"
202.46.62.25 - - [02/Sep/2013:07:11:45 +0200] "GET / HTTP/1.1" 302 285 "-" "Mozilla/4.0 (compatible; MSIE 7.0; Windows NT 6.0)"
199.30.20.60 - - [02/Sep/2013:07:19:58 +0200] "GET /robots.txt HTTP/1.1" 200 368 "-" "msnbot-media/1.1 (+http://search.msn.com/msnbot.htm)"
199.30.20.60 - - [02/Sep/2013:07:19:58 +0200] "GET /yoogoo/img_rap/Finale-img72.png HTTP/1.1" 200 463 "-" "msnbot-media/1.1 (+http://search.msn.com/msnbot.htm)"
88.190.254.18 - - [02/Sep/2013:07:20:36 +0200] "GET / HTTP/1.0" 302 285 "-" "-"
37.140.141.26 - - [02/Sep/2013:07:21:17 +0200] "GET /yoogoo/img_rap/Finale-img78.png HTTP/1.1" 304 187 "-" "Mozilla/5.0 (compatible; YandexImages/3.0; +http://yandex.com/bots)"
91.200.14.55 - - [02/Sep/2013:07:21:24 +0200] "GET /dotclear/index.php?post/2005/12/26/45-invalid-lvalue-in-increment HTTP/1.0" 200 13788 "http://www.sysmic.org/dotclear/index.php?post/2005/12/26/45-invalid-lvalue-in-increment" "Opera/9.80 (Windows NT 6.1; WOW64; MRA 8.0 (build 5880)) Presto/2.12.388 Version/12.11"
91.200.14.55 - - [02/Sep/2013:07:21:25 +0200] "POST /dotclear/index.php?post/2005/12/26/45-invalid-lvalue-in-increment HTTP/1.0" 412 281 "http://www.sysmic.org/dotclear/index.php?post/2005/12/26/45-invalid-lvalue-in-increment" "Opera/9.80 (Windows NT 6.1; WOW64; MRA 8.0 (build 5880)) Presto/2.12.388 Version/12.11"
37.187.72.173 - - [02/Sep/2013:07:21:25 +0200] "GET /yoogoo/mig.php HTTP/1.1" 200 2826 "http://sysmic.org/" "Mozilla/5.0 (Windows NT 6.1; WOW64) AppleWebKit/537.36 (KHTML, like Gecko) Chrome/28.0.1500.52 Safari/537.36"
37.187.72.173 - - [02/Sep/2013:07:21:26 +0200] "GET /yoogoo/modules.php?name=Your_Account&op=new_user HTTP/1.1" 200 353 "http://sysmic.org/yoogoo/mig.php" "Mozilla/5.0 (Windows NT 6.1; WOW64) AppleWebKit/537.36 (KHTML, like Gecko) Chrome/28.0.1500.52 Safari/537.36"
37.187.72.144 - - [02/Sep/2013:07:21:32 +0200] "GET /dl/yoogoo/download.php HTTP/1.1" 200 3116 "http://www.sysmic.org/" "Mozilla/5.0 (Windows NT 6.1; WOW64) AppleWebKit/537.36 (KHTML, like Gecko) Chrome/28.0.1500.52 Safari/537.36"
37.187.72.144 - - [02/Sep/2013:07:21:33 +0200] "GET /dl/yoogoo/modules.php?name=Your_Account&op=new_user HTTP/1.1" 200 353 "http://www.sysmic.org/dl/yoogoo/download.php" "Mozilla/5.0 (Windows NT 6.1; WOW64) AppleWebKit/537.36 (KHTML, like Gecko) Chrome/28.0.1500.52 Safari/537.36"
5.10.83.76 - - [02/Sep/2013:07:23:51 +0200] "GET /CV/CV-JP.txt HTTP/1.1" 200 3096 "-" "Mozilla/5.0 (compatible; AhrefsBot/5.0; +http://ahrefs.com/robot/)"
123.125.71.79 - - [02/Sep/2013:07:23:59 +0200] "GET / HTTP/1.1" 302 285 "-" "Mozilla/5.0 (compatible; Baiduspider/2.0; +http://www.baidu.com/search/spider.html)"
66.249.66.89 - - [02/Sep/2013:07:24:30 +0200] "GET /dotclear/index.php?post/2010/04/16/Connect-to-Bluetooth-Access-Point-using-Bluez-framework HTTP/1.1" 200 4115 "-" "Mozilla/5.0 (iPhone; U; CPU iPhone OS 4_1 like Mac OS X; en-us) AppleWebKit/532.9 (KHTML, like Gecko) Version/4.0.5 Mobile/8B117 Safari/6531.22.7 (compatible; Googlebot-Mobile/2.1; +http://www.google.com/bot.html)"
66.249.81.136 - - [02/Sep/2013:07:24:51 +0200] "GET / HTTP/1.1" 302 341 "-" "Mozilla/5.0 (Windows NT 6.1; rv:6.0) Gecko/20110814 Firefox/6.0 Google (+https://developers.google.com/+/web/snippet/)"
66.249.81.136 - - [02/Sep/2013:07:24:51 +0200] "GET /dotclear/index.php HTTP/1.1" 200 15088 "-" "Mozilla/5.0 (Windows NT 6.1; rv:6.0) Gecko/20110814 Firefox/6.0 Google (+https://developers.google.com/+/web/snippet/)"
37.140.141.26 - - [02/Sep/2013:07:25:23 +0200] "GET /yoogoo/img_rap/Finale-img11.png HTTP/1.1" 304 188 "-" "Mozilla/5.0 (compatible; YandexImages/3.0; +http://yandex.com/bots)"
178.154.203.251 - - [02/Sep/2013:07:25:24 +0200] "GET /dotclear/index.php?archive/2003/11 HTTP/1.1" 200 2838 "-" "Mozilla/5.0 (compatible; YandexBot/3.0; +http://yandex.com/bots)"
220.181.108.143 - - [02/Sep/2013:07:25:57 +0200] "GET / HTTP/1.1" 302 285 "-" "Mozilla/5.0 (compatible; Baiduspider/2.0; +http://www.baidu.com/search/spider.html)"
5.10.83.27 - - [02/Sep/2013:07:27:22 +0200] "GET /dl/kaskpass/kaskpass-0.1/debian/files HTTP/1.1" 200 245 "-" "Mozilla/5.0 (compatible; AhrefsBot/5.0; +http://ahrefs.com/robot/)"
37.140.141.26 - - [02/Sep/2013:07:29:29 +0200] "GET /dl/yoogoo/themes/Kaput/images/up-right.gif HTTP/1.1" 304 188 "-" "Mozilla/5.0 (compatible; YandexImages/3.0; +http://yandex.com/bots)"
5.10.83.76 - - [02/Sep/2013:07:30:08 +0200] "GET /dl/kwinDCOP/kdebase-doc_3.4.3-2_all.deb HTTP/1.1" 200 18824 "-" "Mozilla/5.0 (compatible; AhrefsBot/5.0; +http://ahrefs.com/robot/)"
88.190.254.18 - - [02/Sep/2013:07:30:47 +0200] "GET / HTTP/1.0" 302 285 "-" "-"
131.253.38.102 - - [02/Sep/2013:07:32:14 +0200] "GET /robots.txt HTTP/1.1" 200 368 "-" "msnbot-media/1.1 (+http://search.msn.com/msnbot.htm)"
131.253.38.102 - - [02/Sep/2013:07:32:14 +0200] "GET /yoogoo/img_rap/Finale-img74.png HTTP/1.1" 200 763 "-" "msnbot-media/1.1 (+http://search.msn.com/msnbot.htm)"
66.249.66.176 - - [02/Sep/2013:07:32:31 +0200] "GET /yoogoo/links.php?op=viewlink HTTP/1.1" 200 3290 "-" "Mozilla/5.0 (compatible; Googlebot/2.1; +http://www.google.com/bot.html)"
5.10.83.30 - - [02/Sep/2013:07:33:14 +0200] "GET /dotclear/index.php?post/2011/05/12/How-to-consume-a-particular-amount-of-CPU HTTP/1.1" 200 5088 "-" "Mozilla/5.0 (compatible; AhrefsBot/5.0; +http://ahrefs.com/robot/)"
37.140.141.26 - - [02/Sep/2013:07:33:35 +0200] "GET /yoogoo/themes/Kaput/images/down-left2.gif HTTP/1.1" 304 188 "-" "Mozilla/5.0 (compatible; YandexImages/3.0; +http://yandex.com/bots)"
37.140.141.26 - - [02/Sep/2013:07:37:41 +0200] "GET /dl/yoogoo/themes/Kaput/images/up-left.gif HTTP/1.1" 304 188 "-" "Mozilla/5.0 (compatible; YandexImages/3.0; +http://yandex.com/bots)"
88.190.254.18 - - [02/Sep/2013:07:40:36 +0200] "GET / HTTP/1.0" 302 285 "-" "-"
37.140.141.26 - - [02/Sep/2013:07:41:47 +0200] "GET /yoogoo/themes/Kaput/images/down-right.gif HTTP/1.1" 304 188 "-" "Mozilla/5.0 (compatible; YandexImages/3.0; +http://yandex.com/bots)"
178.154.203.251 - - [02/Sep/2013:07:42:23 +0200] "GET /dotclear/index.php?archive/2009/10 HTTP/1.1" 200 2928 "-" "Mozilla/5.0 (compatible; YandexBot/3.0; +http://yandex.com/bots)"
66.249.66.176 - - [02/Sep/2013:07:43:34 +0200] "GET /dotclear2/index.php?post/2005/05/22/14-vous-connaissez-cannes HTTP/1.1" 301 645 "-" "Mozilla/5.0 (compatible; Googlebot/2.1; +http://www.google.com/bot.html)"
66.249.66.176 - - [02/Sep/2013:07:43:35 +0200] "GET /dotclear/index.php?post/2005/05/22/14-vous-connaissez-cannes HTTP/1.1" 200 4320 "-" "Mozilla/5.0 (compatible; Googlebot/2.1; +http://www.google.com/bot.html)"
66.249.66.176 - - [02/Sep/2013:07:44:02 +0200] "GET /yoogoo/links.php HTTP/1.1" 200 3290 "-" "Mozilla/5.0 (compatible; Googlebot/2.1; +http://www.google.com/bot.html)"
5.10.83.43 - - [02/Sep/2013:07:44:27 +0200] "GET /dotclear/index.php?feed/category/System/atom HTTP/1.1" 200 15410 "-" "Mozilla/5.0 (compatible; AhrefsBot/5.0; +http://ahrefs.com/robot/)"
66.249.66.176 - - [02/Sep/2013:07:44:47 +0200] "GET /yoogoo/themes/Kaput/style/style.css HTTP/1.1" 200 673 "-" "Mozilla/5.0 (compatible; Googlebot/2.1; +http://www.google.com/bot.html)"
86.170.14.97 - - [02/Sep/2013:07:45:44 +0200] "-" 408 0 "-" "-"
37.140.141.26 - - [02/Sep/2013:07:46:20 +0200] "GET /yoogoo/img_rap/Finale-img7.png HTTP/1.1" 304 188 "-" "Mozilla/5.0 (compatible; YandexImages/3.0; +http://yandex.com/bots)"
5.10.83.51 - - [02/Sep/2013:07:47:34 +0200] "GET /dl/yoogoo/desc.php HTTP/1.1" 200 4272 "-" "Mozilla/5.0 (compatible; AhrefsBot/5.0; +http://ahrefs.com/robot/)"
199.30.20.111 - - [02/Sep/2013:07:50:09 +0200] "GET /robots.txt HTTP/1.1" 200 368 "-" "msnbot-media/1.1 (+http://search.msn.com/msnbot.htm)"
199.30.20.111 - - [02/Sep/2013:07:50:09 +0200] "GET /yoogoo/img_rap/Finale-img3.png HTTP/1.1" 200 475 "-" "msnbot-media/1.1 (+http://search.msn.com/msnbot.htm)"
88.190.254.18 - - [02/Sep/2013:07:50:36 +0200] "GET / HTTP/1.0" 302 285 "-" "-"
37.140.141.26 - - [02/Sep/2013:07:50:53 +0200] "GET /yoogoo/img_rap/Finale-img28.png HTTP/1.1" 304 187 "-" "Mozilla/5.0 (compatible; YandexImages/3.0; +http://yandex.com/bots)"
117.30.135.127 - - [02/Sep/2013:07:51:00 +0200] "GET /dotclear/index.php?post/2004/03/03/44-learn-esperanto HTTP/1.1" 200 5590 "-" "Mozilla/4.0 (compatible; MSIE 6.0; Windows NT 5.1; SV1)"
117.30.135.127 - - [02/Sep/2013:07:51:00 +0200] "POST /dotclear/index.php?post/2004/03/03/44-learn-esperanto HTTP/1.1" 412 325 "http://www.sysmic.org/dotclear/index.php?post/2004/03/03/44-learn-esperanto" "Mozilla/4.0 (compatible; MSIE 6.0; Windows NT 5.1)"
77.75.77.11 - - [02/Sep/2013:07:53:46 +0200] "GET /robots.txt HTTP/1.1" 200 405 "-" "SeznamBot/3.0 (+http://fulltext.sblog.cz/)"
77.75.77.11 - - [02/Sep/2013:07:53:46 +0200] "GET /CV/CV-JP.pdf HTTP/1.1" 304 189 "-" "SeznamBot/3.0 (+http://fulltext.sblog.cz/)"
123.125.71.26 - - [02/Sep/2013:07:54:46 +0200] "GET /dotclear/index.php?post/2011/08/24/Process-communication-in-shell%3A-fifo%2C-redirection-and-coproc HTTP/1.1" 200 5237 "-" "Mozilla/5.0 (compatible; Baiduspider/2.0; +http://www.baidu.com/search/spider.html)"
81.52.143.36 - - [02/Sep/2013:07:55:19 +0200] "GET /dotclear/index.php?post/2005/12/03/35-publication-de-kwindcoppatch HTTP/1.1" 200 3912 "-" "Mozilla/5.0 (Windows; U; Windows NT 5.1; fr; rv:1.8.1) VoilaBot BETA 1.2 (support.voilabot@orange-ftgroup.com)"
37.140.141.26 - - [02/Sep/2013:07:55:26 +0200] "GET /yoogoo/img_rap/Finale-img41.png HTTP/1.1" 304 188 "-" "Mozilla/5.0 (compatible; YandexImages/3.0; +http://yandex.com/bots)"
178.255.215.89 - - [02/Sep/2013:07:56:05 +0200] "GET /photos/ratepic.php?pic=119&rate=2 HTTP/1.1" 401 629 "-" "Mozilla/5.0 (compatible; Exabot/3.0 (BiggerBetter); +http://www.exabot.com/go/robot)"
178.255.215.89 - - [02/Sep/2013:07:58:42 +0200] "GET /photos/ratepic.php?pic=12055&rate=4 HTTP/1.1" 401 629 "-" "Mozilla/5.0 (compatible; Exabot/3.0 (BiggerBetter); +http://www.exabot.com/go/robot)"
37.140.141.26 - - [02/Sep/2013:07:59:58 +0200] "GET /dl/yoogoo/img_rap/Finale-img2.png HTTP/1.1" 304 187 "-" "Mozilla/5.0 (compatible; YandexImages/3.0; +http://yandex.com/bots)"
88.190.254.18 - - [02/Sep/2013:08:00:36 +0200] "GET / HTTP/1.0" 302 285 "-" "-"
95.130.12.26 - - [02/Sep/2013:08:02:14 +0200] "GET /dotclear/index.php?feed/atom HTTP/1.1" 200 49295 "-" "rss2email/2.65 +http://www.aaronsw.com/2002/rss2email/"
66.249.66.119 - - [02/Sep/2013:08:02:55 +0200] "GET /dotclear/index.php?post/2010/04/16/Connect-to-Bluetooth-Access-Point-using-Bluez-framework HTTP/1.1" 200 8016 "-" "Mozilla/5.0 (compatible; Googlebot/2.1; +http://www.google.com/bot.html)"
37.140.141.26 - - [02/Sep/2013:08:04:31 +0200] "GET /yoogoo/img_rap/Finale-img3.png HTTP/1.1" 304 187 "-" "Mozilla/5.0 (compatible; YandexImages/3.0; +http://yandex.com/bots)"
213.186.127.4 - - [02/Sep/2013:08:05:53 +0200] "GET /dotclear/index.php?feed/atom HTTP/1.1" 200 49280 "-" "AhrefsBot.Feeds v0.1; http://ahrefs.com/"
5.10.83.103 - - [02/Sep/2013:08:06:29 +0200] "GET /dl/kaskpass/kaskpass-0.1/debian/kaskpass/usr/bin/?C=D;O=D HTTP/1.1" 200 660 "-" "Mozilla/5.0 (compatible; AhrefsBot/5.0; +http://ahrefs.com/robot/)"
66.249.66.176 - - [02/Sep/2013:08:06:38 +0200] "GET /ifb/jerome.pouiller@sysmic.fr.ifb HTTP/1.1" 200 1679 "-" "Mozilla/5.0 (compatible; Googlebot/2.1; +http://www.google.com/bot.html)"
37.140.141.26 - - [02/Sep/2013:08:09:23 +0200] "GET /yoogoo/themes/Kaput/images/up-left.gif HTTP/1.1" 304 188 "-" "Mozilla/5.0 (compatible; YandexImages/3.0; +http://yandex.com/bots)"
88.190.254.18 - - [02/Sep/2013:08:10:36 +0200] "GET / HTTP/1.0" 302 285 "-" "-"
161.111.80.220 - - [02/Sep/2013:08:12:21 +0200] "GET /dotclear/index.php?feed/atom HTTP/1.1" 200 49336 "-" "Apple-PubSub/65.28"
161.111.80.220 - - [02/Sep/2013:08:12:23 +0200] "GET /dotclear/index.php?feed/atom HTTP/1.1" 304 219 "-" "Apple-PubSub/65.28"
37.140.141.26 - - [02/Sep/2013:08:14:16 +0200] "GET /yoogoo/img_rap/Finale-img18.png HTTP/1.1" 304 188 "-" "Mozilla/5.0 (compatible; YandexImages/3.0; +http://yandex.com/bots)"
37.140.141.26 - - [02/Sep/2013:08:19:08 +0200] "GET /yoogoo/img_rap/Finale-img45.png HTTP/1.1" 304 187 "-" "Mozilla/5.0 (compatible; YandexImages/3.0; +http://yandex.com/bots)"
46.118.126.194 - - [02/Sep/2013:08:20:36 +0200] "GET / HTTP/1.1" 302 240 "http://myflashmob.ru/" "Mozilla/0.91 Beta (Windows)"
46.118.126.194 - - [02/Sep/2013:08:20:36 +0200] "GET / HTTP/1.1" 302 240 "http://myflashmob.ru/" "Mozilla/0.91 Beta (Windows)"
46.118.126.194 - - [02/Sep/2013:08:20:36 +0200] "GET / HTTP/1.1" 302 240 "http://myflashmob.ru/" "Mozilla/0.91 Beta (Windows)"
88.190.254.18 - - [02/Sep/2013:08:20:37 +0200] "GET / HTTP/1.0" 302 285 "-" "-"
91.200.13.20 - - [02/Sep/2013:08:21:59 +0200] "GET /dotclear/index.php?post/2005/12/26/45-invalid-lvalue-in-increment HTTP/1.0" 200 13831 "http://www.sysmic.org/dotclear/index.php?post/2005/12/26/45-invalid-lvalue-in-increment" "Mozilla/5.0 (Windows NT 6.2; WOW64; rv:16.0) Gecko/20100101 Firefox/16.0"
91.200.13.20 - - [02/Sep/2013:08:22:00 +0200] "POST /dotclear/index.php?post/2005/12/26/45-invalid-lvalue-in-increment HTTP/1.0" 412 281 "http://www.sysmic.org/dotclear/index.php?post/2005/12/26/45-invalid-lvalue-in-increment" "Mozilla/5.0 (Windows NT 6.2; WOW64; rv:16.0) Gecko/20100101 Firefox/16.0"
123.125.71.84 - - [02/Sep/2013:08:22:20 +0200] "GET / HTTP/1.1" 302 285 "-" "Mozilla/5.0 (compatible; Baiduspider/2.0; +http://www.baidu.com/search/spider.html)"
220.181.108.146 - - [02/Sep/2013:08:22:53 +0200] "GET / HTTP/1.1" 302 285 "-" "Mozilla/5.0 (compatible; Baiduspider/2.0; +http://www.baidu.com/search/spider.html)"
37.140.141.26 - - [02/Sep/2013:08:24:00 +0200] "GET /dl/yoogoo/themes/Kaput/images/down-right2.gif HTTP/1.1" 304 188 "-" "Mozilla/5.0 (compatible; YandexImages/3.0; +http://yandex.com/bots)"
65.55.215.81 - - [02/Sep/2013:08:28:17 +0200] "GET /robots.txt HTTP/1.1" 200 368 "-" "msnbot-media/1.1 (+http://search.msn.com/msnbot.htm)"
65.55.215.81 - - [02/Sep/2013:08:28:17 +0200] "GET /yoogoo/img_rap/Finale-img51.png HTTP/1.1" 200 450 "-" "msnbot-media/1.1 (+http://search.msn.com/msnbot.htm)"
23.19.171.73 - - [02/Sep/2013:08:28:26 +0200] "GET /yoogoo/docs.php HTTP/1.0" 200 2998 "http://sysmic.org/" "Mozilla/5.0 (Windows NT 6.1; WOW64) AppleWebKit/537.36 (KHTML, like Gecko) Chrome/28.0.1500.52 Safari/537.36"
23.19.171.73 - - [02/Sep/2013:08:28:30 +0200] "GET /yoogoo/modules.php?name=Your_Account&op=new_user HTTP/1.0" 200 353 "http://sysmic.org/yoogoo/docs.php" "Mozilla/5.0 (Windows NT 6.1; WOW64) AppleWebKit/537.36 (KHTML, like Gecko) Chrome/28.0.1500.52 Safari/537.36"
37.140.141.26 - - [02/Sep/2013:08:29:14 +0200] "GET /yoogoo/img_rap/Finale-img49.png HTTP/1.1" 304 187 "-" "Mozilla/5.0 (compatible; YandexImages/3.0; +http://yandex.com/bots)"
88.190.254.18 - - [02/Sep/2013:08:30:46 +0200] "GET / HTTP/1.0" 302 285 "-" "-"
88.190.223.75 - - [02/Sep/2013:08:32:57 +0200] "GET /dl/yoogoo/docs.php HTTP/1.1" 200 2998 "http://www.sysmic.org/" "Mozilla/5.0 (Windows NT 6.1; WOW64) AppleWebKit/537.36 (KHTML, like Gecko) Chrome/28.0.1500.52 Safari/537.36"
91.210.103.10 - - [02/Sep/2013:08:32:57 +0200] "GET /dl/yoogoo/modules.php?name=Your_Account&op=new_user HTTP/1.1" 200 353 "http://www.sysmic.org/dl/yoogoo/docs.php" "Mozilla/5.0 (Windows NT 6.1; WOW64) AppleWebKit/537.36 (KHTML, like Gecko) Chrome/28.0.1500.52 Safari/537.36"
81.52.143.15 - - [02/Sep/2013:08:33:48 +0200] "GET /robots.txt HTTP/1.1" 200 368 "-" "Mozilla/5.0 (Windows; U; Windows NT 5.1; fr; rv:1.8.1) VoilaBot BETA 1.2 (support.voilabot@orange-ftgroup.com)"
81.52.143.15 - - [02/Sep/2013:08:33:58 +0200] "GET /dotclear/index.php?post/2009/10/01/RFC:-Filesystem-encapsulation-in-MS-Word-document HTTP/1.1" 200 3770 "-" "Mozilla/5.0 (Windows; U; Windows NT 5.1; fr; rv:1.8.1) VoilaBot BETA 1.2 (support.voilabot@orange-ftgroup.com)"
1.34.191.8 - - [02/Sep/2013:08:34:06 +0200] "GET /dotclear/index.php?post/2010/03/24/Convert-keys-betweens-GnuPG%2C-OpenSsh-and-OpenSSL HTTP/1.1" 200 5465 "-" "Mozilla/5.0 (Windows NT 6.1; WOW64) AppleWebKit/537.36 (KHTML, like Gecko) Chrome/29.0.1547.62 Safari/537.36"
1.34.191.8 - - [02/Sep/2013:08:34:06 +0200] "GET /dotclear/themes/default/print.css HTTP/1.1" 200 878 "http://www.sysmic.org/dotclear/index.php?post/2010/03/24/Convert-keys-betweens-GnuPG%2C-OpenSsh-and-OpenSSL" "Mozilla/5.0 (Windows NT 6.1; WOW64) AppleWebKit/537.36 (KHTML, like Gecko) Chrome/29.0.1547.62 Safari/537.36"
1.34.191.8 - - [02/Sep/2013:08:34:06 +0200] "GET /dotclear/themes/giacomo/style.css HTTP/1.1" 200 3433 "http://www.sysmic.org/dotclear/index.php?post/2010/03/24/Convert-keys-betweens-GnuPG%2C-OpenSsh-and-OpenSSL" "Mozilla/5.0 (Windows NT 6.1; WOW64) AppleWebKit/537.36 (KHTML, like Gecko) Chrome/29.0.1547.62 Safari/537.36"
1.34.191.8 - - [02/Sep/2013:08:34:07 +0200] "GET /dotclear/themes/default/js/jquery.cookie.js HTTP/1.1" 200 821 "http://www.sysmic.org/dotclear/index.php?post/2010/03/24/Convert-keys-betweens-GnuPG%2C-OpenSsh-and-OpenSSL" "Mozilla/5.0 (Windows NT 6.1; WOW64) AppleWebKit/537.36 (KHTML, like Gecko) Chrome/29.0.1547.62 Safari/537.36"
1.34.191.8 - - [02/Sep/2013:08:34:07 +0200] "GET /dotclear/themes/default/js/post.js HTTP/1.1" 200 880 "http://www.sysmic.org/dotclear/index.php?post/2010/03/24/Convert-keys-betweens-GnuPG%2C-OpenSsh-and-OpenSSL" "Mozilla/5.0 (Windows NT 6.1; WOW64) AppleWebKit/537.36 (KHTML, like Gecko) Chrome/29.0.1547.62 Safari/537.36"
1.34.191.8 - - [02/Sep/2013:08:34:07 +0200] "GET /awstats_misc_tracker.js HTTP/1.1" 200 3030 "http://www.sysmic.org/dotclear/index.php?post/2010/03/24/Convert-keys-betweens-GnuPG%2C-OpenSsh-and-OpenSSL" "Mozilla/5.0 (Windows NT 6.1; WOW64) AppleWebKit/537.36 (KHTML, like Gecko) Chrome/29.0.1547.62 Safari/537.36"
1.34.191.8 - - [02/Sep/2013:08:34:07 +0200] "GET /dotclear/themes/giacomo/custom.css HTTP/1.1" 200 632 "http://www.sysmic.org/dotclear/index.php?post/2010/03/24/Convert-keys-betweens-GnuPG%2C-OpenSsh-and-OpenSSL" "Mozilla/5.0 (Windows NT 6.1; WOW64) AppleWebKit/537.36 (KHTML, like Gecko) Chrome/29.0.1547.62 Safari/537.36"
1.34.191.8 - - [02/Sep/2013:08:34:07 +0200] "GET /dotclear/themes/default/js/jquery.js HTTP/1.1" 200 28399 "http://www.sysmic.org/dotclear/index.php?post/2010/03/24/Convert-keys-betweens-GnuPG%2C-OpenSsh-and-OpenSSL" "Mozilla/5.0 (Windows NT 6.1; WOW64) AppleWebKit/537.36 (KHTML, like Gecko) Chrome/29.0.1547.62 Safari/537.36"
1.34.191.8 - - [02/Sep/2013:08:34:08 +0200] "GET /dotclear/themes/giacomo/images/zen.jpg HTTP/1.1" 200 5223 "http://www.sysmic.org/dotclear/index.php?post/2010/03/24/Convert-keys-betweens-GnuPG%2C-OpenSsh-and-OpenSSL" "Mozilla/5.0 (Windows NT 6.1; WOW64) AppleWebKit/537.36 (KHTML, like Gecko) Chrome/29.0.1547.62 Safari/537.36"
1.34.191.8 - - [02/Sep/2013:08:34:08 +0200] "GET /dotclear/themes/giacomo/images/ico_entry.png HTTP/1.1" 200 550 "http://www.sysmic.org/dotclear/index.php?post/2010/03/24/Convert-keys-betweens-GnuPG%2C-OpenSsh-and-OpenSSL" "Mozilla/5.0 (Windows NT 6.1; WOW64) AppleWebKit/537.36 (KHTML, like Gecko) Chrome/29.0.1547.62 Safari/537.36"
1.34.191.8 - - [02/Sep/2013:08:34:08 +0200] "GET /dotclear/themes/giacomo/images/ico_comments.png HTTP/1.1" 200 541 "http://www.sysmic.org/dotclear/index.php?post/2010/03/24/Convert-keys-betweens-GnuPG%2C-OpenSsh-and-OpenSSL" "Mozilla/5.0 (Windows NT 6.1; WOW64) AppleWebKit/537.36 (KHTML, like Gecko) Chrome/29.0.1547.62 Safari/537.36"
1.34.191.8 - - [02/Sep/2013:08:34:08 +0200] "GET /dotclear/themes/giacomo/images/fleche.png HTTP/1.1" 200 506 "http://www.sysmic.org/dotclear/index.php?post/2010/03/24/Convert-keys-betweens-GnuPG%2C-OpenSsh-and-OpenSSL" "Mozilla/5.0 (Windows NT 6.1; WOW64) AppleWebKit/537.36 (KHTML, like Gecko) Chrome/29.0.1547.62 Safari/537.36"
1.34.191.8 - - [02/Sep/2013:08:34:08 +0200] "GET /favicon.ico HTTP/1.1" 200 7702 "-" "Mozilla/5.0 (Windows NT 6.1; WOW64) AppleWebKit/537.36 (KHTML, like Gecko) Chrome/29.0.1547.62 Safari/537.36"
1.34.191.8 - - [02/Sep/2013:08:34:08 +0200] "GET / HTTP/1.1" 302 340 "-" "Mozilla/5.0 (Windows NT 6.1; WOW64) AppleWebKit/537.36 (KHTML, like Gecko) Chrome/29.0.1547.62 Safari/537.36"
1.34.191.8 - - [02/Sep/2013:08:34:08 +0200] "GET /dotclear/index.php HTTP/1.1" 200 15088 "-" "Mozilla/5.0 (Windows NT 6.1; WOW64) AppleWebKit/537.36 (KHTML, like Gecko) Chrome/29.0.1547.62 Safari/537.36"
37.140.141.26 - - [02/Sep/2013:08:34:28 +0200] "GET /yoogoo/img_rap/Finale-img53.png HTTP/1.1" 304 187 "-" "Mozilla/5.0 (compatible; YandexImages/3.0; +http://yandex.com/bots)"
194.150.244.94 - - [02/Sep/2013:08:35:52 +0200] "GET /dotclear/index.php?post/2010/03/24/Convert-keys-betweens-GnuPG%2C-OpenSsh-and-OpenSSL HTTP/1.1" 200 5462 "http://www.google.ch/url?sa=t&rct=j&q=&esrc=s&source=web&cd=10&ved=0CIMBEBYwCQ&url=http%3A%2F%2Fwww.sysmic.org%2Fdotclear%2Findex.php%3Fpost%2F2010%2F03%2F24%2FConvert-keys-betweens-GnuPG%252C-OpenSsh-and-OpenSSL&ei=rzEkUovRJtHxhQeoiYGgDQ&usg=AFQjCNGpQnhx1mFDWQc1vHY-x-E924vxNQ" "Mozilla/5.0 (Windows NT 6.1; WOW64; rv:23.0) Gecko/20100101 Firefox/23.0"
194.150.244.94 - - [02/Sep/2013:08:35:52 +0200] "GET /dotclear/themes/default/js/jquery.cookie.js HTTP/1.1" 200 821 "http://www.sysmic.org/dotclear/index.php?post/2010/03/24/Convert-keys-betweens-GnuPG%2C-OpenSsh-and-OpenSSL" "Mozilla/5.0 (Windows NT 6.1; WOW64; rv:23.0) Gecko/20100101 Firefox/23.0"
194.150.244.94 - - [02/Sep/2013:08:35:52 +0200] "GET /dotclear/themes/default/js/jquery.js HTTP/1.1" 200 28398 "http://www.sysmic.org/dotclear/index.php?post/2010/03/24/Convert-keys-betweens-GnuPG%2C-OpenSsh-and-OpenSSL" "Mozilla/5.0 (Windows NT 6.1; WOW64; rv:23.0) Gecko/20100101 Firefox/23.0"
194.150.244.94 - - [02/Sep/2013:08:35:52 +0200] "GET /awstats_misc_tracker.js HTTP/1.1" 200 3029 "http://www.sysmic.org/dotclear/index.php?post/2010/03/24/Convert-keys-betweens-GnuPG%2C-OpenSsh-and-OpenSSL" "Mozilla/5.0 (Windows NT 6.1; WOW64; rv:23.0) Gecko/20100101 Firefox/23.0"
194.150.244.94 - - [02/Sep/2013:08:35:52 +0200] "GET /dotclear/themes/default/js/post.js HTTP/1.1" 200 879 "http://www.sysmic.org/dotclear/index.php?post/2010/03/24/Convert-keys-betweens-GnuPG%2C-OpenSsh-and-OpenSSL" "Mozilla/5.0 (Windows NT 6.1; WOW64; rv:23.0) Gecko/20100101 Firefox/23.0"
194.150.244.94 - - [02/Sep/2013:08:35:52 +0200] "GET /dotclear/themes/default/print.css HTTP/1.1" 200 877 "http://www.sysmic.org/dotclear/index.php?post/2010/03/24/Convert-keys-betweens-GnuPG%2C-OpenSsh-and-OpenSSL" "Mozilla/5.0 (Windows NT 6.1; WOW64; rv:23.0) Gecko/20100101 Firefox/23.0"
194.150.244.94 - - [02/Sep/2013:08:35:52 +0200] "GET /dotclear/themes/giacomo/style.css HTTP/1.1" 200 3434 "http://www.sysmic.org/dotclear/index.php?post/2010/03/24/Convert-keys-betweens-GnuPG%2C-OpenSsh-and-OpenSSL" "Mozilla/5.0 (Windows NT 6.1; WOW64; rv:23.0) Gecko/20100101 Firefox/23.0"
194.150.244.94 - - [02/Sep/2013:08:35:52 +0200] "GET /dotclear/themes/giacomo/custom.css HTTP/1.1" 200 632 "http://www.sysmic.org/dotclear/themes/giacomo/style.css" "Mozilla/5.0 (Windows NT 6.1; WOW64; rv:23.0) Gecko/20100101 Firefox/23.0"
194.150.244.94 - - [02/Sep/2013:08:35:52 +0200] "GET /dotclear/themes/giacomo/images/zen.jpg HTTP/1.1" 200 5223 "http://www.sysmic.org/dotclear/themes/giacomo/style.css" "Mozilla/5.0 (Windows NT 6.1; WOW64; rv:23.0) Gecko/20100101 Firefox/23.0"
194.150.244.94 - - [02/Sep/2013:08:35:52 +0200] "GET /dotclear/themes/giacomo/images/ico_entry.png HTTP/1.1" 200 550 "http://www.sysmic.org/dotclear/themes/giacomo/style.css" "Mozilla/5.0 (Windows NT 6.1; WOW64; rv:23.0) Gecko/20100101 Firefox/23.0"
194.150.244.94 - - [02/Sep/2013:08:35:52 +0200] "GET /dotclear/themes/giacomo/images/fleche.png HTTP/1.1" 200 506 "http://www.sysmic.org/dotclear/themes/giacomo/style.css" "Mozilla/5.0 (Windows NT 6.1; WOW64; rv:23.0) Gecko/20100101 Firefox/23.0"
194.150.244.94 - - [02/Sep/2013:08:35:52 +0200] "GET /dotclear/themes/giacomo/images/ico_comments.png HTTP/1.1" 200 542 "http://www.sysmic.org/dotclear/themes/giacomo/style.css" "Mozilla/5.0 (Windows NT 6.1; WOW64; rv:23.0) Gecko/20100101 Firefox/23.0"
194.150.244.94 - - [02/Sep/2013:08:35:52 +0200] "GET /favicon.ico HTTP/1.1" 200 7702 "-" "Mozilla/5.0 (Windows NT 6.1; WOW64; rv:23.0) Gecko/20100101 Firefox/23.0"
5.10.83.65 - - [02/Sep/2013:08:37:10 +0200] "GET /dl/kaskpass/kaskpass-0.1/debian/kaskpass/?C=D;O=D HTTP/1.1" 200 666 "-" "Mozilla/5.0 (compatible; AhrefsBot/5.0; +http://ahrefs.com/robot/)"
37.140.141.26 - - [02/Sep/2013:08:39:42 +0200] "GET /yoogoo/img_rap/Finale-img63.png HTTP/1.1" 304 188 "-" "Mozilla/5.0 (compatible; YandexImages/3.0; +http://yandex.com/bots)"
88.190.254.18 - - [02/Sep/2013:08:40:41 +0200] "GET / HTTP/1.0" 302 285 "-" "-"
5.10.83.43 - - [02/Sep/2013:08:40:47 +0200] "GET /CV/latex/?C=D;O=D HTTP/1.1" 200 750 "-" "Mozilla/5.0 (compatible; AhrefsBot/5.0; +http://ahrefs.com/robot/)"
161.111.80.220 - - [02/Sep/2013:08:42:28 +0200] "GET /dotclear/index.php?feed/atom HTTP/1.1" 304 220 "-" "Apple-PubSub/65.28"
37.140.141.26 - - [02/Sep/2013:08:44:56 +0200] "GET /yoogoo/img_rap/Finale-img10.png HTTP/1.1" 304 188 "-" "Mozilla/5.0 (compatible; YandexImages/3.0; +http://yandex.com/bots)"
157.55.36.38 - - [02/Sep/2013:08:48:21 +0200] "GET /robots.txt HTTP/1.1" 200 361 "-" "Mozilla/5.0 (compatible; bingbot/2.0; +http://www.bing.com/bingbot.htm)"
178.33.213.47 - - [02/Sep/2013:08:49:28 +0200] "GET /yoogoo/mig.php?currDir=.&pageType=image&image=spe_C1_1.jpg HTTP/1.0" 200 2826 "http://sysmic.org/" "Mozilla/5.0 (Windows NT 6.2; WOW64) AppleWebKit/537.36 (KHTML, like Gecko) Chrome/28.0.1500.72 Safari/537.36"
178.33.213.47 - - [02/Sep/2013:08:49:29 +0200] "GET /yoogoo/modules.php?name=Your_Account&op=new_user HTTP/1.0" 200 353 "http://sysmic.org/yoogoo/mig.php?currDir=.&pageType=image&image=spe_C1_1.jpg" "Mozilla/5.0 (Windows NT 6.2; WOW64) AppleWebKit/537.36 (KHTML, like Gecko) Chrome/28.0.1500.72 Safari/537.36"
157.55.36.38 - - [02/Sep/2013:08:49:57 +0200] "GET / HTTP/1.1" 302 341 "-" "Mozilla/5.0 (compatible; bingbot/2.0; +http://www.bing.com/bingbot.htm)"
37.140.141.26 - - [02/Sep/2013:08:50:33 +0200] "GET /yoogoo/img_rap/Finale-img21.png HTTP/1.1" 304 187 "-" "Mozilla/5.0 (compatible; YandexImages/3.0; +http://yandex.com/bots)"
88.190.254.18 - - [02/Sep/2013:08:50:38 +0200] "GET / HTTP/1.0" 302 285 "-" "-"
65.55.215.104 - - [02/Sep/2013:08:50:42 +0200] "GET /robots.txt HTTP/1.1" 200 368 "-" "msnbot-media/1.1 (+http://search.msn.com/msnbot.htm)"
65.55.215.104 - - [02/Sep/2013:08:50:42 +0200] "GET /yoogoo/img_rap/Finale-img16.png HTTP/1.1" 200 568 "-" "msnbot-media/1.1 (+http://search.msn.com/msnbot.htm)"
88.183.221.111 - - [02/Sep/2013:08:51:28 +0200] "GET /dotclear/index.php HTTP/1.1" 200 15089 "-" "Mozilla/5.0 (Windows NT 6.2; WOW64; rv:24.0) Gecko/20100101 Firefox/24.0"
88.183.221.111 - - [02/Sep/2013:08:51:33 +0200] "GET /dotclear/themes/giacomo/style.css HTTP/1.1" 200 3434 "http://www.sysmic.org/dotclear/index.php" "Mozilla/5.0 (Windows NT 6.2; WOW64; rv:24.0) Gecko/20100101 Firefox/24.0"
88.183.221.111 - - [02/Sep/2013:08:51:34 +0200] "GET /dotclear/themes/default/print.css HTTP/1.1" 200 877 "http://www.sysmic.org/dotclear/index.php" "Mozilla/5.0 (Windows NT 6.2; WOW64; rv:24.0) Gecko/20100101 Firefox/24.0"
88.183.221.111 - - [02/Sep/2013:08:51:34 +0200] "GET /dotclear/themes/default/js/jquery.cookie.js HTTP/1.1" 200 821 "http://www.sysmic.org/dotclear/index.php" "Mozilla/5.0 (Windows NT 6.2; WOW64; rv:24.0) Gecko/20100101 Firefox/24.0"
88.183.221.111 - - [02/Sep/2013:08:51:34 +0200] "GET /dotclear/themes/giacomo/custom.css HTTP/1.1" 200 632 "http://www.sysmic.org/dotclear/themes/giacomo/style.css" "Mozilla/5.0 (Windows NT 6.2; WOW64; rv:24.0) Gecko/20100101 Firefox/24.0"
88.183.221.111 - - [02/Sep/2013:08:51:33 +0200] "GET /dotclear/themes/default/js/jquery.js HTTP/1.1" 200 28399 "http://www.sysmic.org/dotclear/index.php" "Mozilla/5.0 (Windows NT 6.2; WOW64; rv:24.0) Gecko/20100101 Firefox/24.0"
88.183.221.111 - - [02/Sep/2013:08:51:42 +0200] "GET /awstats_misc_tracker.js HTTP/1.1" 200 3029 "http://www.sysmic.org/dotclear/index.php" "Mozilla/5.0 (Windows NT 6.2; WOW64; rv:24.0) Gecko/20100101 Firefox/24.0"
88.183.221.111 - - [02/Sep/2013:08:51:44 +0200] "GET /dotclear/themes/giacomo/images/zen.jpg HTTP/1.1" 200 5223 "http://www.sysmic.org/dotclear/themes/giacomo/style.css" "Mozilla/5.0 (Windows NT 6.2; WOW64; rv:24.0) Gecko/20100101 Firefox/24.0"
199.30.20.87 - - [02/Sep/2013:08:51:47 +0200] "GET /robots.txt HTTP/1.1" 200 368 "-" "msnbot-media/1.1 (+http://search.msn.com/msnbot.htm)"
88.183.221.111 - - [02/Sep/2013:08:51:47 +0200] "GET /dotclear/themes/giacomo/images/ico_entry.png HTTP/1.1" 200 550 "http://www.sysmic.org/dotclear/themes/giacomo/style.css" "Mozilla/5.0 (Windows NT 6.2; WOW64; rv:24.0) Gecko/20100101 Firefox/24.0"
88.183.221.111 - - [02/Sep/2013:08:51:47 +0200] "GET /dotclear/themes/giacomo/images/ico_comments.png HTTP/1.1" 200 542 "http://www.sysmic.org/dotclear/themes/giacomo/style.css" "Mozilla/5.0 (Windows NT 6.2; WOW64; rv:24.0) Gecko/20100101 Firefox/24.0"
88.183.221.111 - - [02/Sep/2013:08:51:47 +0200] "GET /dotclear/themes/giacomo/images/fleche.png HTTP/1.1" 200 507 "http://www.sysmic.org/dotclear/themes/giacomo/style.css" "Mozilla/5.0 (Windows NT 6.2; WOW64; rv:24.0) Gecko/20100101 Firefox/24.0"
88.183.221.111 - - [02/Sep/2013:08:51:47 +0200] "GET /js/awstats_misc_tracker.js?screen=1536x864&win=1519x718&cdi=24&java=true&shk=n&svg=n&fla=y&rp=n&mov=n&wma=y&pdf=y&uid=awsuser_id1378104712246r7986&sid=awssession_id1378104712246r7986 HTTP/1.1" 301 859 "http://www.sysmic.org/dotclear/index.php" "Mozilla/5.0 (Windows NT 6.2; WOW64; rv:24.0) Gecko/20100101 Firefox/24.0"
88.183.221.111 - - [02/Sep/2013:08:51:47 +0200] "GET /dotclear/themes/giacomo/images/ul.gif HTTP/1.1" 200 1125 "http://www.sysmic.org/dotclear/themes/giacomo/style.css" "Mozilla/5.0 (Windows NT 6.2; WOW64; rv:24.0) Gecko/20100101 Firefox/24.0"
88.183.221.111 - - [02/Sep/2013:08:51:58 +0200] "GET /favicon.ico HTTP/1.1" 200 7703 "-" "Mozilla/5.0 (Windows NT 6.2; WOW64; rv:24.0) Gecko/20100101 Firefox/24.0"
180.76.6.37 - - [02/Sep/2013:08:55:07 +0200] "GET /dl/consume_cpu.c HTTP/1.1" 200 5542 "-" "Mozilla/5.0 (compatible; Baiduspider/2.0; +http://www.baidu.com/search/spider.html)"
37.140.141.26 - - [02/Sep/2013:08:56:11 +0200] "GET /dl/yoogoo/themes/Kaput/images/down-left.gif HTTP/1.1" 304 188 "-" "Mozilla/5.0 (compatible; YandexImages/3.0; +http://yandex.com/bots)"
131.220.35.34 - - [02/Sep/2013:08:57:57 +0200] "GET /favicon.ico HTTP/1.1" 200 7703 "-" "Mozilla/5.0 (Windows NT 6.1; WOW64; rv:23.0) Gecko/20100101 Firefox/23.0"
66.249.66.89 - - [02/Sep/2013:08:58:30 +0200] "GET /dotclear/index.php?post/2010/12/06/Get-only-your-errors-from-output-of-a-command HTTP/1.1" 200 4452 "-" "Mozilla/5.0 (iPhone; U; CPU iPhone OS 4_1 like Mac OS X; en-us) AppleWebKit/532.9 (KHTML, like Gecko) Version/4.0.5 Mobile/8B117 Safari/6531.22.7 (compatible; Googlebot-Mobile/2.1; +http://www.google.com/bot.html)"
5.10.83.103 - - [02/Sep/2013:08:59:46 +0200] "GET /dl/kblogger/kblogger_0.6.2-1_i386.changes HTTP/1.1" 200 1194 "-" "Mozilla/5.0 (compatible; AhrefsBot/5.0; +http://ahrefs.com/robot/)"
78.35.50.68 - - [02/Sep/2013:09:00:26 +0200] "GET /dotclear/index.php?post/2010/03/24/Convert-keys-betweens-GnuPG%2C-OpenSsh-and-OpenSSL HTTP/1.1" 200 5482 "-" "Mozilla/5.0 (Macintosh; Intel Mac OS X 10.8; rv:23.0) Gecko/20100101 Firefox/23.0"
78.35.50.68 - - [02/Sep/2013:09:00:26 +0200] "GET /dotclear/themes/giacomo/style.css HTTP/1.1" 200 3433 "http://www.sysmic.org/dotclear/index.php?post/2010/03/24/Convert-keys-betweens-GnuPG%2C-OpenSsh-and-OpenSSL" "Mozilla/5.0 (Macintosh; Intel Mac OS X 10.8; rv:23.0) Gecko/20100101 Firefox/23.0"
78.35.50.68 - - [02/Sep/2013:09:00:26 +0200] "GET /dotclear/themes/default/print.css HTTP/1.1" 200 877 "http://www.sysmic.org/dotclear/index.php?post/2010/03/24/Convert-keys-betweens-GnuPG%2C-OpenSsh-and-OpenSSL" "Mozilla/5.0 (Macintosh; Intel Mac OS X 10.8; rv:23.0) Gecko/20100101 Firefox/23.0"
78.35.50.68 - - [02/Sep/2013:09:00:26 +0200] "GET /dotclear/themes/giacomo/custom.css HTTP/1.1" 200 633 "http://www.sysmic.org/dotclear/themes/giacomo/style.css" "Mozilla/5.0 (Macintosh; Intel Mac OS X 10.8; rv:23.0) Gecko/20100101 Firefox/23.0"
78.35.50.68 - - [02/Sep/2013:09:00:26 +0200] "GET /dotclear/themes/giacomo/images/zen.jpg HTTP/1.1" 200 5223 "http://www.sysmic.org/dotclear/themes/giacomo/style.css" "Mozilla/5.0 (Macintosh; Intel Mac OS X 10.8; rv:23.0) Gecko/20100101 Firefox/23.0"
78.35.50.68 - - [02/Sep/2013:09:00:26 +0200] "GET /dotclear/themes/giacomo/images/ico_entry.png HTTP/1.1" 200 550 "http://www.sysmic.org/dotclear/themes/giacomo/style.css" "Mozilla/5.0 (Macintosh; Intel Mac OS X 10.8; rv:23.0) Gecko/20100101 Firefox/23.0"
78.35.50.68 - - [02/Sep/2013:09:00:26 +0200] "GET /dotclear/themes/giacomo/images/ico_comments.png HTTP/1.1" 200 541 "http://www.sysmic.org/dotclear/themes/giacomo/style.css" "Mozilla/5.0 (Macintosh; Intel Mac OS X 10.8; rv:23.0) Gecko/20100101 Firefox/23.0"
78.35.50.68 - - [02/Sep/2013:09:00:26 +0200] "GET /dotclear/themes/giacomo/images/fleche.png HTTP/1.1" 200 506 "http://www.sysmic.org/dotclear/themes/giacomo/style.css" "Mozilla/5.0 (Macintosh; Intel Mac OS X 10.8; rv:23.0) Gecko/20100101 Firefox/23.0"
88.190.254.18 - - [02/Sep/2013:09:00:39 +0200] "GET / HTTP/1.0" 302 285 "-" "-"
202.46.62.31 - - [02/Sep/2013:09:01:15 +0200] "GET / HTTP/1.1" 302 285 "-" "Mozilla/4.0 (compatible; MSIE 7.0; Windows NT 6.0)"
37.140.141.26 - - [02/Sep/2013:09:01:48 +0200] "GET /yoogoo/img_rap/Finale-img64.png HTTP/1.1" 304 188 "-" "Mozilla/5.0 (compatible; YandexImages/3.0; +http://yandex.com/bots)"
119.63.193.132 - - [02/Sep/2013:09:02:09 +0200] "GET / HTTP/1.1" 302 285 "-" "Mozilla/4.0 (compatible; MSIE 7.0; Windows NT 6.0)"
5.10.83.74 - - [02/Sep/2013:09:02:43 +0200] "GET /dl/kblogger/?C=N;O=A HTTP/1.1" 200 774 "-" "Mozilla/5.0 (compatible; AhrefsBot/5.0; +http://ahrefs.com/robot/)"
37.140.141.26 - - [02/Sep/2013:09:07:25 +0200] "GET /yoogoo/img_rap/Finale-img12.png HTTP/1.1" 304 187 "-" "Mozilla/5.0 (compatible; YandexImages/3.0; +http://yandex.com/bots)"
5.10.83.30 - - [02/Sep/2013:09:09:58 +0200] "GET /dl/kaskpass/kaskpass-0.1/debian/kaskpass/usr/bin/?C=S;O=D HTTP/1.1" 200 660 "-" "Mozilla/5.0 (compatible; AhrefsBot/5.0; +http://ahrefs.com/robot/)"
88.190.254.18 - - [02/Sep/2013:09:10:38 +0200] "GET / HTTP/1.0" 302 285 "-" "-"
161.111.80.220 - - [02/Sep/2013:09:12:29 +0200] "GET /dotclear/index.php?feed/atom HTTP/1.1" 304 220 "-" "Apple-PubSub/65.28"
37.140.141.26 - - [02/Sep/2013:09:13:02 +0200] "GET /yoogoo/themes/Kaput/images/down-left.gif HTTP/1.1" 304 188 "-" "Mozilla/5.0 (compatible; YandexImages/3.0; +http://yandex.com/bots)"
198.50.136.110 - - [02/Sep/2013:09:14:15 +0200] "GET /yoogoo/download.php HTTP/1.0" 200 3116 "http://sysmic.org/" "Mozilla/5.0 (Windows NT 6.1; WOW64) AppleWebKit/537.36 (KHTML, like Gecko) Chrome/28.0.1500.52 Safari/537.36"
198.50.136.110 - - [02/Sep/2013:09:14:16 +0200] "GET /yoogoo/modules.php?name=Your_Account&op=new_user HTTP/1.0" 200 353 "http://sysmic.org/yoogoo/download.php" "Mozilla/5.0 (Windows NT 6.1; WOW64) AppleWebKit/537.36 (KHTML, like Gecko) Chrome/28.0.1500.52 Safari/537.36"
198.50.155.155 - - [02/Sep/2013:09:16:46 +0200] "GET /dotclear/index.php?post/2013/01/11/How-to-unbinize-an-UBI-image HTTP/1.1" 200 5272 "-" "Mozilla/5.0 (Windows NT 6.1; WOW64) AppleWebKit/537.36 (KHTML, like Gecko) Chrome/28.0.1500.52 Safari/537.36"
37.140.141.26 - - [02/Sep/2013:09:18:39 +0200] "GET /dl/yoogoo/themes/Kaput/images/down-left2.gif HTTP/1.1" 304 188 "-" "Mozilla/5.0 (compatible; YandexImages/3.0; +http://yandex.com/bots)"
88.190.254.18 - - [02/Sep/2013:09:20:47 +0200] "GET / HTTP/1.0" 302 285 "-" "-"
178.32.226.86 - - [02/Sep/2013:09:23:29 +0200] "GET /yoogoo/docs.php HTTP/1.1" 200 2998 "http://sysmic.org/" "Mozilla/5.0 (Windows NT 6.1; WOW64) AppleWebKit/537.36 (KHTML, like Gecko) Chrome/28.0.1500.52 Safari/537.36"
178.32.226.86 - - [02/Sep/2013:09:23:30 +0200] "GET /yoogoo/modules.php?name=Your_Account&op=new_user HTTP/1.1" 200 352 "http://sysmic.org/yoogoo/docs.php" "Mozilla/5.0 (Windows NT 6.1; WOW64) AppleWebKit/537.36 (KHTML, like Gecko) Chrome/28.0.1500.52 Safari/537.36"
178.32.226.86 - - [02/Sep/2013:09:23:31 +0200] "GET /yoogoo/download.php HTTP/1.1" 200 3115 "http://sysmic.org/" "Mozilla/5.0 (Windows NT 6.1; WOW64) AppleWebKit/537.36 (KHTML, like Gecko) Chrome/28.0.1500.52 Safari/537.36"
178.32.226.86 - - [02/Sep/2013:09:23:31 +0200] "GET /yoogoo/modules.php?name=Your_Account&op=new_user HTTP/1.1" 200 352 "http://sysmic.org/yoogoo/download.php" "Mozilla/5.0 (Windows NT 6.1; WOW64) AppleWebKit/537.36 (KHTML, like Gecko) Chrome/28.0.1500.52 Safari/537.36"
37.140.141.26 - - [02/Sep/2013:09:24:16 +0200] "GET /icons/unknown.gif HTTP/1.1" 200 535 "-" "Mozilla/5.0 (compatible; YandexImages/3.0; +http://yandex.com/bots)"
198.143.143.59 - - [02/Sep/2013:09:24:35 +0200] "GET /yoogoo/mig.php HTTP/1.0" 200 2826 "http://sysmic.org/" "Mozilla/5.0 (Windows NT 6.1; WOW64) AppleWebKit/537.36 (KHTML, like Gecko) Chrome/28.0.1500.63 Safari/537.36"
198.143.143.59 - - [02/Sep/2013:09:24:36 +0200] "GET /yoogoo/modules.php?name=Your_Account&op=new_user HTTP/1.0" 200 353 "http://sysmic.org/yoogoo/mig.php" "Mozilla/5.0 (Windows NT 6.1; WOW64) AppleWebKit/537.36 (KHTML, like Gecko) Chrome/28.0.1500.63 Safari/537.36"
1.34.191.8 - - [02/Sep/2013:09:29:23 +0200] "GET /dotclear/index.php?post/2010/03/24/Convert-keys-betweens-GnuPG%2C-OpenSsh-and-OpenSSL HTTP/1.1" 304 220 "-" "Mozilla/5.0 (Macintosh; Intel Mac OS X 10_8_4) AppleWebKit/537.36 (KHTML, like Gecko) Chrome/29.0.1547.62 Safari/537.36"
37.140.141.26 - - [02/Sep/2013:09:29:53 +0200] "GET /yoogoo/img_rap/Finale-img14.png HTTP/1.1" 304 188 "-" "Mozilla/5.0 (compatible; YandexImages/3.0; +http://yandex.com/bots)"
5.10.83.76 - - [02/Sep/2013:09:30:30 +0200] "GET /dl/twinkle/debian/?C=N;O=D HTTP/1.1" 200 839 "-" "Mozilla/5.0 (compatible; AhrefsBot/5.0; +http://ahrefs.com/robot/)"
88.190.254.18 - - [02/Sep/2013:09:30:38 +0200] "GET / HTTP/1.0" 302 285 "-" "-"
5.10.83.101 - - [02/Sep/2013:09:30:52 +0200] "GET /dl/kaskpass/kaskpass-0.1/bin/?C=N;O=A HTTP/1.1" 200 653 "-" "Mozilla/5.0 (compatible; AhrefsBot/5.0; +http://ahrefs.com/robot/)"
5.39.113.0 - - [02/Sep/2013:09:32:17 +0200] "GET /yoogoo/equipe.php HTTP/1.1" 200 3239 "http://sysmic.org/" "Mozilla/5.0 (Windows NT 6.1; WOW64) AppleWebKit/537.36 (KHTML, like Gecko) Chrome/28.0.1500.52 Safari/537.36"
5.39.113.0 - - [02/Sep/2013:09:32:17 +0200] "GET /yoogoo/modules.php?name=Your_Account&op=new_user HTTP/1.1" 200 352 "http://sysmic.org/yoogoo/equipe.php" "Mozilla/5.0 (Windows NT 6.1; WOW64) AppleWebKit/537.36 (KHTML, like Gecko) Chrome/28.0.1500.52 Safari/537.36"
66.249.81.136 - - [02/Sep/2013:09:33:58 +0200] "GET / HTTP/1.1" 302 341 "-" "Mozilla/5.0 (Windows NT 6.1; rv:6.0) Gecko/20110814 Firefox/6.0 Google (+https://developers.google.com/+/web/snippet/)"
66.249.81.136 - - [02/Sep/2013:09:33:58 +0200] "GET /dotclear/index.php HTTP/1.1" 200 15088 "-" "Mozilla/5.0 (Windows NT 6.1; rv:6.0) Gecko/20110814 Firefox/6.0 Google (+https://developers.google.com/+/web/snippet/)"
37.140.141.26 - - [02/Sep/2013:09:35:30 +0200] "GET /yoogoo/images/links/web.gif HTTP/1.1" 200 2726 "-" "Mozilla/5.0 (compatible; YandexImages/3.0; +http://yandex.com/bots)"
88.190.223.75 - - [02/Sep/2013:09:37:47 +0200] "GET /dl/yoogoo/docs.php HTTP/1.1" 200 2998 "http://www.sysmic.org/" "Mozilla/5.0 (Windows NT 6.1; WOW64) AppleWebKit/537.36 (KHTML, like Gecko) Chrome/28.0.1500.52 Safari/537.36"
195.78.108.24 - - [02/Sep/2013:09:37:47 +0200] "GET /dl/yoogoo/modules.php?name=Your_Account&op=new_user HTTP/1.1" 200 353 "http://www.sysmic.org/dl/yoogoo/docs.php" "Mozilla/5.0 (Windows NT 6.1; WOW64) AppleWebKit/537.36 (KHTML, like Gecko) Chrome/28.0.1500.52 Safari/537.36"
119.247.226.28 - - [02/Sep/2013:09:39:11 +0200] "GET /dotclear/index.php?post/2006/06/06/56-l-histoire-se-repete HTTP/1.1" 200 11510 "-" "Mozilla/4.0 (compatible; MSIE 5.5; Windows NT)"
88.190.254.18 - - [02/Sep/2013:09:40:39 +0200] "GET / HTTP/1.0" 302 285 "-" "-"
37.140.141.26 - - [02/Sep/2013:09:41:07 +0200] "GET /yoogoo/img_rap/Finale-img51.png HTTP/1.1" 304 187 "-" "Mozilla/5.0 (compatible; YandexImages/3.0; +http://yandex.com/bots)"
161.111.80.220 - - [02/Sep/2013:09:42:31 +0200] "GET /dotclear/index.php?feed/atom HTTP/1.1" 304 220 "-" "Apple-PubSub/65.28"
5.135.167.151 - - [02/Sep/2013:09:43:30 +0200] "GET /yoogoo/mig.php HTTP/1.1" 200 2826 "http://sysmic.org/" "Mozilla/5.0 (Windows NT 6.1; WOW64) AppleWebKit/537.36 (KHTML, like Gecko) Chrome/28.0.1500.52 Safari/537.36"
5.135.167.151 - - [02/Sep/2013:09:43:30 +0200] "GET /yoogoo/modules.php?name=Your_Account&op=new_user HTTP/1.1" 200 353 "http://sysmic.org/yoogoo/mig.php" "Mozilla/5.0 (Windows NT 6.1; WOW64) AppleWebKit/537.36 (KHTML, like Gecko) Chrome/28.0.1500.52 Safari/537.36"
5.10.83.74 - - [02/Sep/2013:09:44:25 +0200] "GET /dotclear/index.php?feed/atom/comments/43 HTTP/1.1" 200 5143 "-" "Mozilla/5.0 (compatible; AhrefsBot/5.0; +http://ahrefs.com/robot/)"
5.10.83.74 - - [02/Sep/2013:09:46:15 +0200] "GET /dl/yoogoo/sout3.php HTTP/1.1" 200 18761 "-" "Mozilla/5.0 (compatible; AhrefsBot/5.0; +http://ahrefs.com/robot/)"
37.140.141.26 - - [02/Sep/2013:09:46:44 +0200] "GET /icons/text.gif HTTP/1.1" 200 519 "-" "Mozilla/5.0 (compatible; YandexImages/3.0; +http://yandex.com/bots)"
94.228.34.203 - - [02/Sep/2013:09:47:27 +0200] "GET /robots.txt HTTP/1.1" 200 405 "-" "magpie-crawler/1.1 (U; Linux amd64; en-GB; +http://www.brandwatch.net)"
