37.140.141.26 - - [02/Sep/2013:11:39:03 +0200] "GET /yoogoo/img_rap/Finale-img19.png HTTP/1.1" 304 188 "-" "Mozilla/5.0 (compatible; YandexImages/3.0; +http://yandex.com/bots)"
88.190.254.18 - - [02/Sep/2013:11:40:40 +0200] "GET / HTTP/1.0" 302 285 "-" "-"
5.10.83.101 - - [02/Sep/2013:11:41:19 +0200] "GET /dl/kaskpass/kaskpass-0.1/debian/kaskpass/usr/?C=M;O=D HTTP/1.1" 200 669 "-" "Mozilla/5.0 (compatible; AhrefsBot/5.0; +http://ahrefs.com/robot/)"
161.111.80.220 - - [02/Sep/2013:11:42:37 +0200] "GET /dotclear/index.php?feed/atom HTTP/1.1" 304 220 "-" "Apple-PubSub/65.28"
66.249.66.82 - - [02/Sep/2013:11:44:00 +0200] "GET /icons/odf6odt-20x22.png HTTP/1.1" 200 5080 "-" "Googlebot-Image/1.0"
86.69.241.22 - - [02/Sep/2013:11:44:21 +0200] "GET /yoogoo/docMultithread.php HTTP/1.1" 200 10580 "http://www.google.fr/url?sa=t&rct=j&q=&esrc=s&source=web&cd=2&ved=0CDgQFjAB&url=http%3A%2F%2Fwww.sysmic.org%2Fyoogoo%2FdocMultithread.php&ei=410kUsqqJMjT0QWzpoGQBA&usg=AFQjCNGt9Yxnazu7WpAiyCRT7iQbdSt-aw&sig2=aWsPCL3hV5AmREzbjG-HYw&cad=rja" "Mozilla/5.0 (X11; Ubuntu; Linux i686; rv:21.0) Gecko/20100101 Firefox/21.0"
86.69.241.22 - - [02/Sep/2013:11:44:21 +0200] "GET /yoogoo/themes/Kaput/style/style.css HTTP/1.1" 200 673 "http://www.sysmic.org/yoogoo/docMultithread.php" "Mozilla/5.0 (X11; Ubuntu; Linux i686; rv:21.0) Gecko/20100101 Firefox/21.0"
86.69.241.22 - - [02/Sep/2013:11:44:21 +0200] "GET /yoogoo/Final.css HTTP/1.1" 200 756 "http://www.sysmic.org/yoogoo/docMultithread.php" "Mozilla/5.0 (X11; Ubuntu; Linux i686; rv:21.0) Gecko/20100101 Firefox/21.0"
86.69.241.22 - - [02/Sep/2013:11:44:21 +0200] "GET /yoogoo/themes/Kaput/images/up-left2.gif HTTP/1.1" 200 564 "http://www.sysmic.org/yoogoo/docMultithread.php" "Mozilla/5.0 (X11; Ubuntu; Linux i686; rv:21.0) Gecko/20100101 Firefox/21.0"
86.69.241.22 - - [02/Sep/2013:11:44:21 +0200] "GET /yoogoo/themes/Kaput/images/up-right.gif HTTP/1.1" 200 694 "http://www.sysmic.org/yoogoo/docMultithread.php" "Mozilla/5.0 (X11; Ubuntu; Linux i686; rv:21.0) Gecko/20100101 Firefox/21.0"
86.69.241.22 - - [02/Sep/2013:11:44:21 +0200] "GET /yoogoo/themes/Kaput/images/up-left.gif HTTP/1.1" 200 699 "http://www.sysmic.org/yoogoo/docMultithread.php" "Mozilla/5.0 (X11; Ubuntu; Linux i686; rv:21.0) Gecko/20100101 Firefox/21.0"
86.69.241.22 - - [02/Sep/2013:11:44:21 +0200] "GET /yoogoo/themes/Kaput/images/down-right2.gif HTTP/1.1" 200 549 "http://www.sysmic.org/yoogoo/docMultithread.php" "Mozilla/5.0 (X11; Ubuntu; Linux i686; rv:21.0) Gecko/20100101 Firefox/21.0"
86.69.241.22 - - [02/Sep/2013:11:44:21 +0200] "GET /yoogoo/themes/Kaput/images/down-left.gif HTTP/1.1" 200 693 "http://www.sysmic.org/yoogoo/docMultithread.php" "Mozilla/5.0 (X11; Ubuntu; Linux i686; rv:21.0) Gecko/20100101 Firefox/21.0"
86.69.241.22 - - [02/Sep/2013:11:44:21 +0200] "GET /yoogoo/themes/Kaput/images/down-left2.gif HTTP/1.1" 200 562 "http://www.sysmic.org/yoogoo/docMultithread.php" "Mozilla/5.0 (X11; Ubuntu; Linux i686; rv:21.0) Gecko/20100101 Firefox/21.0"
86.69.241.22 - - [02/Sep/2013:11:44:21 +0200] "GET /yoogoo/themes/Kaput/images/down-right.gif HTTP/1.1" 200 696 "http://www.sysmic.org/yoogoo/docMultithread.php" "Mozilla/5.0 (X11; Ubuntu; Linux i686; rv:21.0) Gecko/20100101 Firefox/21.0"
86.69.241.22 - - [02/Sep/2013:11:44:21 +0200] "GET /yoogoo/themes/Kaput/images/up-right2.gif HTTP/1.1" 200 556 "http://www.sysmic.org/yoogoo/docMultithread.php" "Mozilla/5.0 (X11; Ubuntu; Linux i686; rv:21.0) Gecko/20100101 Firefox/21.0"
86.69.241.22 - - [02/Sep/2013:11:44:21 +0200] "GET /yoogoo/logo.gif HTTP/1.1" 200 32379 "http://www.sysmic.org/yoogoo/docMultithread.php" "Mozilla/5.0 (X11; Ubuntu; Linux i686; rv:21.0) Gecko/20100101 Firefox/21.0"
86.69.241.22 - - [02/Sep/2013:11:44:21 +0200] "GET /yoogoo/themes/Kaput/images/up2.gif HTTP/1.1" 200 386 "http://www.sysmic.org/yoogoo/docMultithread.php" "Mozilla/5.0 (X11; Ubuntu; Linux i686; rv:21.0) Gecko/20100101 Firefox/21.0"
86.69.241.22 - - [02/Sep/2013:11:44:21 +0200] "GET /yoogoo/themes/Kaput/images/left2.gif HTTP/1.1" 200 387 "http://www.sysmic.org/yoogoo/docMultithread.php" "Mozilla/5.0 (X11; Ubuntu; Linux i686; rv:21.0) Gecko/20100101 Firefox/21.0"
86.69.241.22 - - [02/Sep/2013:11:44:22 +0200] "GET /yoogoo/themes/Kaput/images/right2.gif HTTP/1.1" 200 370 "http://www.sysmic.org/yoogoo/docMultithread.php" "Mozilla/5.0 (X11; Ubuntu; Linux i686; rv:21.0) Gecko/20100101 Firefox/21.0"
86.69.241.22 - - [02/Sep/2013:11:44:22 +0200] "GET /yoogoo/themes/Kaput/images/down2.gif HTTP/1.1" 200 369 "http://www.sysmic.org/yoogoo/docMultithread.php" "Mozilla/5.0 (X11; Ubuntu; Linux i686; rv:21.0) Gecko/20100101 Firefox/21.0"
86.69.241.22 - - [02/Sep/2013:11:44:21 +0200] "GET /yoogoo/images/powered/apache.gif HTTP/1.1" 200 2098 "http://www.sysmic.org/yoogoo/docMultithread.php" "Mozilla/5.0 (X11; Ubuntu; Linux i686; rv:21.0) Gecko/20100101 Firefox/21.0"
86.69.241.22 - - [02/Sep/2013:11:44:21 +0200] "GET /yoogoo/images/powered/epita.gif HTTP/1.1" 200 4083 "http://www.sysmic.org/yoogoo/docMultithread.php" "Mozilla/5.0 (X11; Ubuntu; Linux i686; rv:21.0) Gecko/20100101 Firefox/21.0"
86.69.241.22 - - [02/Sep/2013:11:44:21 +0200] "GET /yoogoo/images/powered/php2.gif HTTP/1.1" 200 1452 "http://www.sysmic.org/yoogoo/docMultithread.php" "Mozilla/5.0 (X11; Ubuntu; Linux i686; rv:21.0) Gecko/20100101 Firefox/21.0"
86.69.241.22 - - [02/Sep/2013:11:44:21 +0200] "GET /yoogoo/themes/NukeNews/images/pixel.gif HTTP/1.1" 200 332 "http://www.sysmic.org/yoogoo/docMultithread.php" "Mozilla/5.0 (X11; Ubuntu; Linux i686; rv:21.0) Gecko/20100101 Firefox/21.0"
86.69.241.22 - - [02/Sep/2013:11:44:22 +0200] "GET /yoogoo/themes/Kaput/images/up.gif HTTP/1.1" 200 419 "http://www.sysmic.org/yoogoo/docMultithread.php" "Mozilla/5.0 (X11; Ubuntu; Linux i686; rv:21.0) Gecko/20100101 Firefox/21.0"
86.69.241.22 - - [02/Sep/2013:11:44:22 +0200] "GET /yoogoo/themes/Kaput/images/left.gif HTTP/1.1" 200 415 "http://www.sysmic.org/yoogoo/docMultithread.php" "Mozilla/5.0 (X11; Ubuntu; Linux i686; rv:21.0) Gecko/20100101 Firefox/21.0"
86.69.241.22 - - [02/Sep/2013:11:44:22 +0200] "GET /yoogoo/themes/Kaput/images/backdot.gif HTTP/1.1" 200 357 "http://www.sysmic.org/yoogoo/docMultithread.php" "Mozilla/5.0 (X11; Ubuntu; Linux i686; rv:21.0) Gecko/20100101 Firefox/21.0"
86.69.241.22 - - [02/Sep/2013:11:44:22 +0200] "GET /yoogoo/themes/Kaput/images/right.gif HTTP/1.1" 200 414 "http://www.sysmic.org/yoogoo/docMultithread.php" "Mozilla/5.0 (X11; Ubuntu; Linux i686; rv:21.0) Gecko/20100101 Firefox/21.0"
86.69.241.22 - - [02/Sep/2013:11:44:22 +0200] "GET /yoogoo/themes/Kaput/images/down.gif HTTP/1.1" 200 414 "http://www.sysmic.org/yoogoo/docMultithread.php" "Mozilla/5.0 (X11; Ubuntu; Linux i686; rv:21.0) Gecko/20100101 Firefox/21.0"
86.69.241.22 - - [02/Sep/2013:11:44:22 +0200] "GET /favicon.ico HTTP/1.1" 200 7702 "-" "Mozilla/5.0 (X11; Ubuntu; Linux i686; rv:21.0) Gecko/20100101 Firefox/21.0"
37.140.141.26 - - [02/Sep/2013:11:44:40 +0200] "GET /yoogoo/img_rap/Finale-img4.png HTTP/1.1" 304 188 "-" "Mozilla/5.0 (compatible; YandexImages/3.0; +http://yandex.com/bots)"
156.17.1.5 - - [02/Sep/2013:11:46:47 +0200] "GET /dotclear/index.php?post/2010/03/24/Convert-keys-betweens-GnuPG%2C-OpenSsh-and-OpenSSL HTTP/1.1" 200 5473 "-" "Mozilla/5.0 (X11; Linux x86_64; rv:23.0) Gecko/20100101 Firefox/23.0"
156.17.1.5 - - [02/Sep/2013:11:46:47 +0200] "GET /dotclear/themes/giacomo/style.css HTTP/1.1" 200 3433 "http://www.sysmic.org/dotclear/index.php?post/2010/03/24/Convert-keys-betweens-GnuPG%2C-OpenSsh-and-OpenSSL" "Mozilla/5.0 (X11; Linux x86_64; rv:23.0) Gecko/20100101 Firefox/23.0"
156.17.1.5 - - [02/Sep/2013:11:46:48 +0200] "GET /dotclear/themes/default/print.css HTTP/1.1" 200 877 "http://www.sysmic.org/dotclear/index.php?post/2010/03/24/Convert-keys-betweens-GnuPG%2C-OpenSsh-and-OpenSSL" "Mozilla/5.0 (X11; Linux x86_64; rv:23.0) Gecko/20100101 Firefox/23.0"
156.17.1.5 - - [02/Sep/2013:11:46:48 +0200] "GET /dotclear/themes/giacomo/custom.css HTTP/1.1" 200 632 "http://www.sysmic.org/dotclear/themes/giacomo/style.css" "Mozilla/5.0 (X11; Linux x86_64; rv:23.0) Gecko/20100101 Firefox/23.0"
156.17.1.5 - - [02/Sep/2013:11:46:48 +0200] "GET /dotclear/themes/giacomo/images/ico_entry.png HTTP/1.1" 200 551 "http://www.sysmic.org/dotclear/themes/giacomo/style.css" "Mozilla/5.0 (X11; Linux x86_64; rv:23.0) Gecko/20100101 Firefox/23.0"
156.17.1.5 - - [02/Sep/2013:11:46:48 +0200] "GET /dotclear/themes/giacomo/images/zen.jpg HTTP/1.1" 200 5223 "http://www.sysmic.org/dotclear/themes/giacomo/style.css" "Mozilla/5.0 (X11; Linux x86_64; rv:23.0) Gecko/20100101 Firefox/23.0"
156.17.1.5 - - [02/Sep/2013:11:46:48 +0200] "GET /dotclear/themes/giacomo/images/ico_comments.png HTTP/1.1" 200 541 "http://www.sysmic.org/dotclear/themes/giacomo/style.css" "Mozilla/5.0 (X11; Linux x86_64; rv:23.0) Gecko/20100101 Firefox/23.0"
156.17.1.5 - - [02/Sep/2013:11:46:48 +0200] "GET /dotclear/themes/giacomo/images/fleche.png HTTP/1.1" 200 507 "http://www.sysmic.org/dotclear/themes/giacomo/style.css" "Mozilla/5.0 (X11; Linux x86_64; rv:23.0) Gecko/20100101 Firefox/23.0"
156.17.1.5 - - [02/Sep/2013:11:46:48 +0200] "GET /favicon.ico HTTP/1.1" 200 7702 "-" "Mozilla/5.0 (X11; Linux x86_64; rv:23.0) Gecko/20100101 Firefox/23.0"
156.17.1.5 - - [02/Sep/2013:11:46:48 +0200] "GET /favicon.ico HTTP/1.1" 200 7702 "-" "Mozilla/5.0 (X11; Linux x86_64; rv:23.0) Gecko/20100101 Firefox/23.0"
180.76.5.145 - - [02/Sep/2013:11:48:18 +0200] "GET /dl/?C=D;O=D HTTP/1.1" 200 1154 "-" "Mozilla/5.0 (compatible; Baiduspider/2.0; +http://www.baidu.com/search/spider.html)"
37.140.141.26 - - [02/Sep/2013:11:50:17 +0200] "GET /yoogoo/img_rap/Finale-img60.png HTTP/1.1" 304 188 "-" "Mozilla/5.0 (compatible; YandexImages/3.0; +http://yandex.com/bots)"
88.190.254.18 - - [02/Sep/2013:11:50:40 +0200] "GET / HTTP/1.0" 302 285 "-" "-"
37.140.141.26 - - [02/Sep/2013:11:55:54 +0200] "GET /yoogoo/img_rap/Finale-img13.png HTTP/1.1" 304 188 "-" "Mozilla/5.0 (compatible; YandexImages/3.0; +http://yandex.com/bots)"
5.10.83.38 - - [02/Sep/2013:11:56:36 +0200] "GET /dl/kaskpass/kaskpass-0.1/debian/kaskpass/usr/bin/?C=M;O=D HTTP/1.1" 200 660 "-" "Mozilla/5.0 (compatible; AhrefsBot/5.0; +http://ahrefs.com/robot/)"
37.140.141.26 - - [02/Sep/2013:12:01:31 +0200] "GET /dl/yoogoo/themes/Kaput/images/down-right.gif HTTP/1.1" 304 188 "-" "Mozilla/5.0 (compatible; YandexImages/3.0; +http://yandex.com/bots)"
88.190.254.18 - - [02/Sep/2013:12:02:07 +0200] "GET / HTTP/1.0" 302 285 "-" "-"
46.105.133.47 - - [02/Sep/2013:12:05:30 +0200] "GET /yoogoo/mig.php?currDir=.&pageType=image&image=spe_C1_1.jpg HTTP/1.0" 200 2826 "http://sysmic.org/" "Mozilla/5.0 (Windows NT 6.1; WOW64) AppleWebKit/537.36 (KHTML, like Gecko) Chrome/28.0.1500.52 Safari/537.36"
46.105.133.47 - - [02/Sep/2013:12:05:31 +0200] "GET /yoogoo/modules.php?name=Your_Account&op=new_user HTTP/1.0" 200 353 "http://sysmic.org/yoogoo/mig.php?currDir=.&pageType=image&image=spe_C1_1.jpg" "Mozilla/5.0 (Windows NT 6.1; WOW64) AppleWebKit/537.36 (KHTML, like Gecko) Chrome/28.0.1500.52 Safari/537.36"
66.249.66.173 - - [02/Sep/2013:12:06:54 +0200] "GET /" 400 529 "-" "-"
66.249.66.173 - - [02/Sep/2013:12:06:54 +0200] "GET /" 400 529 "-" "-"
37.140.141.26 - - [02/Sep/2013:12:07:08 +0200] "GET /dl/yoogoo/themes/Kaput/images/up-left2.gif HTTP/1.1" 304 188 "-" "Mozilla/5.0 (compatible; YandexImages/3.0; +http://yandex.com/bots)"
5.10.83.105 - - [02/Sep/2013:12:07:30 +0200] "GET /dotclear/index.php?feed/atom/comments/28 HTTP/1.1" 200 1088 "-" "Mozilla/5.0 (compatible; AhrefsBot/5.0; +http://ahrefs.com/robot/)"
5.10.83.43 - - [02/Sep/2013:12:07:51 +0200] "GET /dl/yoogoo/mig.php?currDir=.&pageType=image&image=spe_C2_2.jpg HTTP/1.1" 200 2770 "-" "Mozilla/5.0 (compatible; AhrefsBot/5.0; +http://ahrefs.com/robot/)"
91.200.13.20 - - [02/Sep/2013:12:09:16 +0200] "GET /dotclear/index.php?post/2005/12/26/45-invalid-lvalue-in-increment HTTP/1.0" 200 13788 "http://www.sysmic.org/dotclear/index.php?post/2005/12/26/45-invalid-lvalue-in-increment" "Opera/9.80 (Windows NT 6.1; WOW64; U; ru) Presto/2.10.289 Version/12.00"
91.200.13.20 - - [02/Sep/2013:12:09:17 +0200] "POST /dotclear/index.php?post/2005/12/26/45-invalid-lvalue-in-increment HTTP/1.0" 412 281 "http://www.sysmic.org/dotclear/index.php?post/2005/12/26/45-invalid-lvalue-in-increment" "Opera/9.80 (Windows NT 6.1; WOW64; U; ru) Presto/2.10.289 Version/12.00"
5.10.83.30 - - [02/Sep/2013:12:10:35 +0200] "GET /dotclear/index.php?post/2010/04/16/Connect-to-Bluetooth-Access-Point-using-Bluez-framework HTTP/1.1" 200 4059 "-" "Mozilla/5.0 (compatible; AhrefsBot/5.0; +http://ahrefs.com/robot/)"
88.190.254.18 - - [02/Sep/2013:12:10:45 +0200] "GET / HTTP/1.0" 302 285 "-" "-"
66.249.66.87 - - [02/Sep/2013:12:11:48 +0200] "GET /" 400 529 "-" "-"
66.249.66.87 - - [02/Sep/2013:12:11:48 +0200] "GET /" 400 529 "-" "-"
161.111.80.220 - - [02/Sep/2013:12:12:39 +0200] "GET /dotclear/index.php?feed/atom HTTP/1.1" 304 220 "-" "Apple-PubSub/65.28"
37.140.141.26 - - [02/Sep/2013:12:12:45 +0200] "GET /yoogoo/img_rap/Finale-img44.png HTTP/1.1" 304 188 "-" "Mozilla/5.0 (compatible; YandexImages/3.0; +http://yandex.com/bots)"
37.140.141.26 - - [02/Sep/2013:12:18:22 +0200] "GET /yoogoo/img_rap/Finale-img36.png HTTP/1.1" 304 188 "-" "Mozilla/5.0 (compatible; YandexImages/3.0; +http://yandex.com/bots)"
5.10.83.27 - - [02/Sep/2013:12:19:39 +0200] "GET /dotclear/index.php?feed/atom/comments/91 HTTP/1.1" 200 1108 "-" "Mozilla/5.0 (compatible; AhrefsBot/5.0; +http://ahrefs.com/robot/)"
66.249.66.89 - - [02/Sep/2013:12:20:16 +0200] "GET /dotclear/index.php?post/2005/12/26/45-invalid-lvalue-in-increment HTTP/1.1" 200 4931 "-" "Mozilla/5.0 (iPhone; U; CPU iPhone OS 4_1 like Mac OS X; en-us) AppleWebKit/532.9 (KHTML, like Gecko) Version/4.0.5 Mobile/8B117 Safari/6531.22.7 (compatible; Googlebot-Mobile/2.1; +http://www.google.com/bot.html)"
91.200.14.57 - - [02/Sep/2013:12:20:42 +0200] "GET /dotclear/index.php?post/2005/12/26/45-invalid-lvalue-in-increment HTTP/1.0" 200 13800 "http://www.sysmic.org/dotclear/index.php?post/2005/12/26/45-invalid-lvalue-in-increment" "Opera/9.80 (Windows NT 6.1; U; ru) Presto/2.7.39 Version/11.00"
88.190.254.18 - - [02/Sep/2013:12:20:43 +0200] "GET / HTTP/1.0" 302 285 "-" "-"
91.200.14.57 - - [02/Sep/2013:12:20:44 +0200] "POST /dotclear/index.php?post/2005/12/26/45-invalid-lvalue-in-increment HTTP/1.0" 412 281 "http://www.sysmic.org/dotclear/index.php?post/2005/12/26/45-invalid-lvalue-in-increment" "Opera/9.80 (Windows NT 6.1; U; ru) Presto/2.7.39 Version/11.00"
123.125.71.105 - - [02/Sep/2013:12:22:59 +0200] "GET / HTTP/1.1" 302 285 "-" "Mozilla/5.0 (compatible; Baiduspider/2.0; +http://www.baidu.com/search/spider.html)"
220.181.108.182 - - [02/Sep/2013:12:23:37 +0200] "GET / HTTP/1.1" 302 285 "-" "Mozilla/5.0 (compatible; Baiduspider/2.0; +http://www.baidu.com/search/spider.html)"
37.140.141.26 - - [02/Sep/2013:12:23:59 +0200] "GET /dl/yoogoo/themes/Kaput/images/up-right2.gif HTTP/1.1" 304 188 "-" "Mozilla/5.0 (compatible; YandexImages/3.0; +http://yandex.com/bots)"
5.10.83.65 - - [02/Sep/2013:12:26:05 +0200] "GET /dl/microdia-module/microdia-source_090504-s1_all.deb HTTP/1.1" 200 30408 "-" "Mozilla/5.0 (compatible; AhrefsBot/5.0; +http://ahrefs.com/robot/)"
193.252.118.174 - - [02/Sep/2013:12:28:52 +0200] "GET /dotclear/index.php?post/2010/03/10/Le-plus-court-chemin...-en-avion HTTP/1.1" 200 4239 "-" "Mozilla/5.0 (Windows; U; Windows NT 5.1; fr; rv:1.8.1) VoilaBot BETA 1.2 (support.voilabot@orange-ftgroup.com)"
37.140.141.26 - - [02/Sep/2013:12:29:36 +0200] "GET /yoogoo/img_rap/Finale-img57.png HTTP/1.1" 304 187 "-" "Mozilla/5.0 (compatible; YandexImages/3.0; +http://yandex.com/bots)"
5.10.83.74 - - [02/Sep/2013:12:30:46 +0200] "GET /dl/yoogoo/links.php?op=viewlink&cid=4&orderby=dateD HTTP/1.1" 200 3234 "-" "Mozilla/5.0 (compatible; AhrefsBot/5.0; +http://ahrefs.com/robot/)"
88.190.254.18 - - [02/Sep/2013:12:30:56 +0200] "GET / HTTP/1.0" 302 285 "-" "-"
157.55.32.219 - - [02/Sep/2013:12:34:34 +0200] "GET /robots.txt HTTP/1.1" 200 361 "-" "Mozilla/5.0 (compatible; bingbot/2.0; +http://www.bing.com/bingbot.htm)"
193.252.118.174 - - [02/Sep/2013:12:34:57 +0200] "GET /robots.txt HTTP/1.1" 200 368 "-" "Mozilla/5.0 (Windows; U; Windows NT 5.1; fr; rv:1.8.1) VoilaBot BETA 1.2 (support.voilabot@orange-ftgroup.com)"
37.140.141.26 - - [02/Sep/2013:12:35:12 +0200] "GET /yoogoo/img_rap/Finale-img48.png HTTP/1.1" 304 187 "-" "Mozilla/5.0 (compatible; YandexImages/3.0; +http://yandex.com/bots)"
193.252.118.174 - - [02/Sep/2013:12:35:13 +0200] "GET /dotclear/index.php?xbel HTTP/1.1" 200 757 "-" "Mozilla/5.0 (Windows; U; Windows NT 5.1; fr; rv:1.8.1) VoilaBot BETA 1.2 (support.voilabot@orange-ftgroup.com)"
157.55.32.219 - - [02/Sep/2013:12:36:37 +0200] "GET /yoogoo/docWinsock.php HTTP/1.1" 200 7659 "-" "Mozilla/5.0 (compatible; bingbot/2.0; +http://www.bing.com/bingbot.htm)"
157.55.32.219 - - [02/Sep/2013:12:37:29 +0200] "GET /yoogoo/themes/Kaput/images/down.gif HTTP/1.1" 200 415 "-" "Mozilla/5.0 (compatible; bingbot/2.0; +http://www.bing.com/bingbot.htm)"
157.55.32.219 - - [02/Sep/2013:12:37:30 +0200] "GET /yoogoo/themes/Kaput/images/left.gif HTTP/1.1" 200 416 "-" "Mozilla/5.0 (compatible; bingbot/2.0; +http://www.bing.com/bingbot.htm)"
157.55.32.219 - - [02/Sep/2013:12:37:31 +0200] "GET /yoogoo/themes/Kaput/images/right.gif HTTP/1.1" 200 415 "-" "Mozilla/5.0 (compatible; bingbot/2.0; +http://www.bing.com/bingbot.htm)"
157.55.32.219 - - [02/Sep/2013:12:37:32 +0200] "GET /yoogoo/themes/Kaput/images/up-right.gif HTTP/1.1" 200 695 "-" "Mozilla/5.0 (compatible; bingbot/2.0; +http://www.bing.com/bingbot.htm)"
157.55.32.219 - - [02/Sep/2013:12:37:33 +0200] "GET /yoogoo/themes/Kaput/images/up-left.gif HTTP/1.1" 200 699 "-" "Mozilla/5.0 (compatible; bingbot/2.0; +http://www.bing.com/bingbot.htm)"
50.115.172.246 - - [02/Sep/2013:12:37:44 +0200] "GET /yoogoo/mig.php HTTP/1.0" 200 2826 "http://sysmic.org/" "Mozilla/5.0 (Windows NT 6.1; WOW64) AppleWebKit/537.36 (KHTML, like Gecko) Chrome/28.0.1500.52 Safari/537.36"
50.115.172.246 - - [02/Sep/2013:12:37:45 +0200] "GET /yoogoo/modules.php?name=Your_Account&op=new_user HTTP/1.0" 200 353 "http://sysmic.org/yoogoo/mig.php" "Mozilla/5.0 (Windows NT 6.1; WOW64) AppleWebKit/537.36 (KHTML, like Gecko) Chrome/28.0.1500.52 Safari/537.36"
157.55.33.29 - - [02/Sep/2013:12:37:49 +0200] "GET /yoogoo/Final.css HTTP/1.1" 200 757 "-" "Mozilla/5.0 (compatible; bingbot/2.0; +http://www.bing.com/bingbot.htm)"
157.55.33.29 - - [02/Sep/2013:12:37:50 +0200] "GET /yoogoo/themes/Kaput/images/down-left.gif HTTP/1.1" 200 694 "-" "Mozilla/5.0 (compatible; bingbot/2.0; +http://www.bing.com/bingbot.htm)"
94.23.28.69 - - [02/Sep/2013:12:38:30 +0200] "GET /yoogoo/mig.php?currDir=.&pageType=image&image=spe_C1_1.jpg HTTP/1.1" 200 2826 "http://sysmic.org/" "Mozilla/5.0 (Windows NT 6.1; WOW64) AppleWebKit/537.36 (KHTML, like Gecko) Chrome/28.0.1500.52 Safari/537.36"
94.23.28.69 - - [02/Sep/2013:12:38:30 +0200] "GET /yoogoo/modules.php?name=Your_Account&op=new_user HTTP/1.1" 200 353 "http://sysmic.org/yoogoo/mig.php?currDir=.&pageType=image&image=spe_C1_1.jpg" "Mozilla/5.0 (Windows NT 6.1; WOW64) AppleWebKit/537.36 (KHTML, like Gecko) Chrome/28.0.1500.52 Safari/537.36"
5.10.83.101 - - [02/Sep/2013:12:40:05 +0200] "GET /CV/latex/CV-fr.tex HTTP/1.1" 200 20995 "-" "Mozilla/5.0 (compatible; AhrefsBot/5.0; +http://ahrefs.com/robot/)"
88.190.254.18 - - [02/Sep/2013:12:40:43 +0200] "GET / HTTP/1.0" 302 285 "-" "-"
37.140.141.26 - - [02/Sep/2013:12:40:49 +0200] "GET /yoogoo/img_rap/Finale-img46.png HTTP/1.1" 304 188 "-" "Mozilla/5.0 (compatible; YandexImages/3.0; +http://yandex.com/bots)"
123.151.148.190 - - [02/Sep/2013:12:41:01 +0200] "GET / HTTP/1.1" 302 341 "http://www.sysmic.org/" "Mozilla/5.0 (compatible; Sosospider/2.0; +http://help.soso.com/webspider.htm)"
123.151.148.190 - - [02/Sep/2013:12:41:02 +0200] "GET /dotclear/index.php HTTP/1.1" 200 15089 "http://www.sysmic.org/" "Mozilla/5.0 (compatible; Sosospider/2.0; +http://help.soso.com/webspider.htm)"
123.151.148.190 - - [02/Sep/2013:12:41:11 +0200] "GET /dotclear/themes/giacomo/style.css HTTP/1.1" 200 3434 "http://www.sysmic.org/" "Mozilla/5.0 (compatible; Sosospider/2.0; +http://help.soso.com/webspider.htm)"
123.151.148.190 - - [02/Sep/2013:12:41:21 +0200] "GET /dotclear/themes/default/print.css HTTP/1.1" 200 878 "http://www.sysmic.org/" "Mozilla/5.0 (compatible; Sosospider/2.0; +http://help.soso.com/webspider.htm)"
65.55.215.106 - - [02/Sep/2013:12:41:52 +0200] "GET /robots.txt HTTP/1.1" 200 368 "-" "msnbot-media/1.1 (+http://search.msn.com/msnbot.htm)"
65.55.215.106 - - [02/Sep/2013:12:41:52 +0200] "GET /yoogoo/img_rap/Finale-img11.png HTTP/1.1" 200 570 "-" "msnbot-media/1.1 (+http://search.msn.com/msnbot.htm)"
161.111.80.220 - - [02/Sep/2013:12:42:41 +0200] "GET /dotclear/index.php?feed/atom HTTP/1.1" 304 220 "-" "Apple-PubSub/65.28"
2602:306:ccb2:d3c0:b51b:d1a6:71d4:130d - - [02/Sep/2013:12:43:09 +0200] "GET /favicon.ico HTTP/1.1" 200 7703 "-" "Mozilla/5.0 (compatible; MSIE 10.0; Windows NT 6.1; Win64; x64; Trident/6.0; yie9)"
2602:306:ccb2:d3c0:b51b:d1a6:71d4:130d - - [02/Sep/2013:12:43:26 +0200] "-" 408 0 "-" "-"
2602:306:ccb2:d3c0:b51b:d1a6:71d4:130d - - [02/Sep/2013:12:43:30 +0200] "-" 408 0 "-" "-"
37.140.141.26 - - [02/Sep/2013:12:46:26 +0200] "GET /yoogoo/img_rap/Finale-img62.png HTTP/1.1" 304 188 "-" "Mozilla/5.0 (compatible; YandexImages/3.0; +http://yandex.com/bots)"
5.10.83.105 - - [02/Sep/2013:12:47:05 +0200] "GET /dl/microdia-module/?C=D;O=A HTTP/1.1" 200 775 "-" "Mozilla/5.0 (compatible; AhrefsBot/5.0; +http://ahrefs.com/robot/)"
65.55.215.103 - - [02/Sep/2013:12:47:27 +0200] "GET /robots.txt HTTP/1.1" 200 368 "-" "msnbot-media/1.1 (+http://search.msn.com/msnbot.htm)"
65.55.215.103 - - [02/Sep/2013:12:47:27 +0200] "GET /yoogoo/img_rap/Finale-img42.png HTTP/1.1" 200 582 "-" "msnbot-media/1.1 (+http://search.msn.com/msnbot.htm)"
157.55.33.29 - - [02/Sep/2013:12:47:49 +0200] "GET /yoogoo/themes/Kaput/images/right2.gif HTTP/1.1" 200 371 "-" "Mozilla/5.0 (compatible; bingbot/2.0; +http://www.bing.com/bingbot.htm)"
157.55.32.219 - - [02/Sep/2013:12:48:29 +0200] "GET /yoogoo/themes/Kaput/images/backdot.gif HTTP/1.1" 200 358 "-" "Mozilla/5.0 (compatible; bingbot/2.0; +http://www.bing.com/bingbot.htm)"
157.55.32.219 - - [02/Sep/2013:12:48:30 +0200] "GET /yoogoo/themes/Kaput/images/down2.gif HTTP/1.1" 200 370 "-" "Mozilla/5.0 (compatible; bingbot/2.0; +http://www.bing.com/bingbot.htm)"
157.55.32.219 - - [02/Sep/2013:12:48:31 +0200] "GET /yoogoo/themes/Kaput/images/up2.gif HTTP/1.1" 200 387 "-" "Mozilla/5.0 (compatible; bingbot/2.0; +http://www.bing.com/bingbot.htm)"
5.10.83.38 - - [02/Sep/2013:12:49:27 +0200] "GET /dotclear/index.php?post/2010/03/10/Le-plus-court-chemin...-en-avion HTTP/1.1" 200 4222 "-" "Mozilla/5.0 (compatible; AhrefsBot/5.0; +http://ahrefs.com/robot/)"
66.249.81.136 - - [02/Sep/2013:12:50:21 +0200] "GET / HTTP/1.1" 302 341 "-" "Mozilla/5.0 (Windows NT 6.1; rv:6.0) Gecko/20110814 Firefox/6.0 Google (+https://developers.google.com/+/web/snippet/)"
66.249.81.136 - - [02/Sep/2013:12:50:21 +0200] "GET /dotclear/index.php HTTP/1.1" 200 15088 "-" "Mozilla/5.0 (Windows NT 6.1; rv:6.0) Gecko/20110814 Firefox/6.0 Google (+https://developers.google.com/+/web/snippet/)"
88.190.254.18 - - [02/Sep/2013:12:50:42 +0200] "GET / HTTP/1.0" 302 285 "-" "-"
5.10.83.103 - - [02/Sep/2013:12:51:11 +0200] "GET /blog/index.php/2005/05/02/6-a-propos-de-cygnus HTTP/1.1" 200 15033 "-" "Mozilla/5.0 (compatible; AhrefsBot/5.0; +http://ahrefs.com/robot/)"
37.140.141.26 - - [02/Sep/2013:12:52:03 +0200] "GET /yoogoo/img_rap/Finale-img39.png HTTP/1.1" 304 188 "-" "Mozilla/5.0 (compatible; YandexImages/3.0; +http://yandex.com/bots)"
41.228.14.132 - - [02/Sep/2013:12:53:56 +0200] "GET /CV/CV-JP.odt HTTP/1.1" 200 63863 "http://www.google.tn/url?sa=t&rct=j&q=&esrc=s&source=web&cd=10&ved=0CFkQFjAJ&url=http%3A%2F%2Fwww.sysmic.org%2FCV%2FCV-JP.odt&ei=sGskUqvoJIjMsgabvoDIDg&usg=AFQjCNHEqpRfwrPKfy-N_RPDcXBUNglqRg&sig2=EnmfJRa2x0GuhCdvB68lRg&bvm=bv.51495398,d.Yms&cad=rja" "Mozilla/5.0 (Windows NT 5.1; rv:23.0) Gecko/20100101 Firefox/23.0"
81.252.96.8 - - [02/Sep/2013:12:56:27 +0200] "GET /yoogoo/docMultithread.php HTTP/1.1" 200 10580 "http://www.bing.com/search?q=multithread+semaphore&qs=n&form=QBRE&pq=multithread+semaphore&sc=0-9&sp=-1&sk=" "Mozilla/4.0 (compatible; MSIE 8.0; Windows NT 5.1; Trident/4.0; .NET CLR 1.1.4322; .NET CLR 2.0.50727; .NET CLR 3.0.4506.2152; .NET CLR 3.5.30729; .NET4.0C; .NET4.0E; InfoPath.2)"
81.252.96.8 - - [02/Sep/2013:12:56:27 +0200] "GET /yoogoo/Final.css HTTP/1.1" 200 756 "http://sysmic.org/yoogoo/docMultithread.php" "Mozilla/4.0 (compatible; MSIE 8.0; Windows NT 5.1; Trident/4.0; .NET CLR 1.1.4322; .NET CLR 2.0.50727; .NET CLR 3.0.4506.2152; .NET CLR 3.5.30729; .NET4.0C; .NET4.0E; InfoPath.2)"
81.252.96.8 - - [02/Sep/2013:12:56:27 +0200] "GET /yoogoo/themes/Kaput/style/style.css HTTP/1.1" 200 672 "http://sysmic.org/yoogoo/docMultithread.php" "Mozilla/4.0 (compatible; MSIE 8.0; Windows NT 5.1; Trident/4.0; .NET CLR 1.1.4322; .NET CLR 2.0.50727; .NET CLR 3.0.4506.2152; .NET CLR 3.5.30729; .NET4.0C; .NET4.0E; InfoPath.2)"
81.252.96.8 - - [02/Sep/2013:12:56:27 +0200] "GET /yoogoo/themes/Kaput/images/up-left2.gif HTTP/1.1" 200 565 "http://sysmic.org/yoogoo/docMultithread.php" "Mozilla/4.0 (compatible; MSIE 8.0; Windows NT 5.1; Trident/4.0; .NET CLR 1.1.4322; .NET CLR 2.0.50727; .NET CLR 3.0.4506.2152; .NET CLR 3.5.30729; .NET4.0C; .NET4.0E; InfoPath.2)"
81.252.96.8 - - [02/Sep/2013:12:56:27 +0200] "GET /yoogoo/themes/Kaput/images/up-right2.gif HTTP/1.1" 200 555 "http://sysmic.org/yoogoo/docMultithread.php" "Mozilla/4.0 (compatible; MSIE 8.0; Windows NT 5.1; Trident/4.0; .NET CLR 1.1.4322; .NET CLR 2.0.50727; .NET CLR 3.0.4506.2152; .NET CLR 3.5.30729; .NET4.0C; .NET4.0E; InfoPath.2)"
81.252.96.8 - - [02/Sep/2013:12:56:27 +0200] "GET /yoogoo/themes/Kaput/images/down-left2.gif HTTP/1.1" 200 561 "http://sysmic.org/yoogoo/docMultithread.php" "Mozilla/4.0 (compatible; MSIE 8.0; Windows NT 5.1; Trident/4.0; .NET CLR 1.1.4322; .NET CLR 2.0.50727; .NET CLR 3.0.4506.2152; .NET CLR 3.5.30729; .NET4.0C; .NET4.0E; InfoPath.2)"
81.252.96.8 - - [02/Sep/2013:12:56:27 +0200] "GET /yoogoo/themes/Kaput/images/down-right2.gif HTTP/1.1" 200 549 "http://sysmic.org/yoogoo/docMultithread.php" "Mozilla/4.0 (compatible; MSIE 8.0; Windows NT 5.1; Trident/4.0; .NET CLR 1.1.4322; .NET CLR 2.0.50727; .NET CLR 3.0.4506.2152; .NET CLR 3.5.30729; .NET4.0C; .NET4.0E; InfoPath.2)"
81.252.96.8 - - [02/Sep/2013:12:56:27 +0200] "GET /yoogoo/themes/Kaput/images/up-left.gif HTTP/1.1" 200 698 "http://sysmic.org/yoogoo/docMultithread.php" "Mozilla/4.0 (compatible; MSIE 8.0; Windows NT 5.1; Trident/4.0; .NET CLR 1.1.4322; .NET CLR 2.0.50727; .NET CLR 3.0.4506.2152; .NET CLR 3.5.30729; .NET4.0C; .NET4.0E; InfoPath.2)"
81.252.96.8 - - [02/Sep/2013:12:56:27 +0200] "GET /yoogoo/logo.gif HTTP/1.1" 200 32379 "http://sysmic.org/yoogoo/docMultithread.php" "Mozilla/4.0 (compatible; MSIE 8.0; Windows NT 5.1; Trident/4.0; .NET CLR 1.1.4322; .NET CLR 2.0.50727; .NET CLR 3.0.4506.2152; .NET CLR 3.5.30729; .NET4.0C; .NET4.0E; InfoPath.2)"
81.252.96.8 - - [02/Sep/2013:12:56:27 +0200] "GET /yoogoo/themes/Kaput/images/up-right.gif HTTP/1.1" 200 694 "http://sysmic.org/yoogoo/docMultithread.php" "Mozilla/4.0 (compatible; MSIE 8.0; Windows NT 5.1; Trident/4.0; .NET CLR 1.1.4322; .NET CLR 2.0.50727; .NET CLR 3.0.4506.2152; .NET CLR 3.5.30729; .NET4.0C; .NET4.0E; InfoPath.2)"
81.252.96.8 - - [02/Sep/2013:12:56:27 +0200] "GET /yoogoo/themes/Kaput/images/down-left.gif HTTP/1.1" 200 693 "http://sysmic.org/yoogoo/docMultithread.php" "Mozilla/4.0 (compatible; MSIE 8.0; Windows NT 5.1; Trident/4.0; .NET CLR 1.1.4322; .NET CLR 2.0.50727; .NET CLR 3.0.4506.2152; .NET CLR 3.5.30729; .NET4.0C; .NET4.0E; InfoPath.2)"
81.252.96.8 - - [02/Sep/2013:12:56:27 +0200] "GET /yoogoo/images/powered/apache.gif HTTP/1.1" 200 2098 "http://sysmic.org/yoogoo/docMultithread.php" "Mozilla/4.0 (compatible; MSIE 8.0; Windows NT 5.1; Trident/4.0; .NET CLR 1.1.4322; .NET CLR 2.0.50727; .NET CLR 3.0.4506.2152; .NET CLR 3.5.30729; .NET4.0C; .NET4.0E; InfoPath.2)"
81.252.96.8 - - [02/Sep/2013:12:56:27 +0200] "GET /yoogoo/themes/NukeNews/images/pixel.gif HTTP/1.1" 200 332 "http://sysmic.org/yoogoo/docMultithread.php" "Mozilla/4.0 (compatible; MSIE 8.0; Windows NT 5.1; Trident/4.0; .NET CLR 1.1.4322; .NET CLR 2.0.50727; .NET CLR 3.0.4506.2152; .NET CLR 3.5.30729; .NET4.0C; .NET4.0E; InfoPath.2)"
81.252.96.8 - - [02/Sep/2013:12:56:27 +0200] "GET /yoogoo/themes/Kaput/images/down-right.gif HTTP/1.1" 200 697 "http://sysmic.org/yoogoo/docMultithread.php" "Mozilla/4.0 (compatible; MSIE 8.0; Windows NT 5.1; Trident/4.0; .NET CLR 1.1.4322; .NET CLR 2.0.50727; .NET CLR 3.0.4506.2152; .NET CLR 3.5.30729; .NET4.0C; .NET4.0E; InfoPath.2)"
81.252.96.8 - - [02/Sep/2013:12:56:27 +0200] "GET /yoogoo/images/powered/php2.gif HTTP/1.1" 200 1452 "http://sysmic.org/yoogoo/docMultithread.php" "Mozilla/4.0 (compatible; MSIE 8.0; Windows NT 5.1; Trident/4.0; .NET CLR 1.1.4322; .NET CLR 2.0.50727; .NET CLR 3.0.4506.2152; .NET CLR 3.5.30729; .NET4.0C; .NET4.0E; InfoPath.2)"
81.252.96.8 - - [02/Sep/2013:12:56:27 +0200] "GET /yoogoo/images/powered/epita.gif HTTP/1.1" 200 4083 "http://sysmic.org/yoogoo/docMultithread.php" "Mozilla/4.0 (compatible; MSIE 8.0; Windows NT 5.1; Trident/4.0; .NET CLR 1.1.4322; .NET CLR 2.0.50727; .NET CLR 3.0.4506.2152; .NET CLR 3.5.30729; .NET4.0C; .NET4.0E; InfoPath.2)"
81.252.96.8 - - [02/Sep/2013:12:56:27 +0200] "GET /yoogoo/themes/Kaput/images/up2.gif HTTP/1.1" 200 386 "http://sysmic.org/yoogoo/docMultithread.php" "Mozilla/4.0 (compatible; MSIE 8.0; Windows NT 5.1; Trident/4.0; .NET CLR 1.1.4322; .NET CLR 2.0.50727; .NET CLR 3.0.4506.2152; .NET CLR 3.5.30729; .NET4.0C; .NET4.0E; InfoPath.2)"
81.252.96.8 - - [02/Sep/2013:12:56:27 +0200] "GET /yoogoo/themes/Kaput/images/left2.gif HTTP/1.1" 200 387 "http://sysmic.org/yoogoo/docMultithread.php" "Mozilla/4.0 (compatible; MSIE 8.0; Windows NT 5.1; Trident/4.0; .NET CLR 1.1.4322; .NET CLR 2.0.50727; .NET CLR 3.0.4506.2152; .NET CLR 3.5.30729; .NET4.0C; .NET4.0E; InfoPath.2)"
81.252.96.8 - - [02/Sep/2013:12:56:27 +0200] "GET /yoogoo/themes/Kaput/images/down2.gif HTTP/1.1" 200 369 "http://sysmic.org/yoogoo/docMultithread.php" "Mozilla/4.0 (compatible; MSIE 8.0; Windows NT 5.1; Trident/4.0; .NET CLR 1.1.4322; .NET CLR 2.0.50727; .NET CLR 3.0.4506.2152; .NET CLR 3.5.30729; .NET4.0C; .NET4.0E; InfoPath.2)"
81.252.96.8 - - [02/Sep/2013:12:56:27 +0200] "GET /yoogoo/themes/Kaput/images/up.gif HTTP/1.1" 200 419 "http://sysmic.org/yoogoo/docMultithread.php" "Mozilla/4.0 (compatible; MSIE 8.0; Windows NT 5.1; Trident/4.0; .NET CLR 1.1.4322; .NET CLR 2.0.50727; .NET CLR 3.0.4506.2152; .NET CLR 3.5.30729; .NET4.0C; .NET4.0E; InfoPath.2)"
81.252.96.8 - - [02/Sep/2013:12:56:27 +0200] "GET /yoogoo/themes/Kaput/images/left.gif HTTP/1.1" 200 415 "http://sysmic.org/yoogoo/docMultithread.php" "Mozilla/4.0 (compatible; MSIE 8.0; Windows NT 5.1; Trident/4.0; .NET CLR 1.1.4322; .NET CLR 2.0.50727; .NET CLR 3.0.4506.2152; .NET CLR 3.5.30729; .NET4.0C; .NET4.0E; InfoPath.2)"
81.252.96.8 - - [02/Sep/2013:12:56:27 +0200] "GET /yoogoo/themes/Kaput/images/right2.gif HTTP/1.1" 200 371 "http://sysmic.org/yoogoo/docMultithread.php" "Mozilla/4.0 (compatible; MSIE 8.0; Windows NT 5.1; Trident/4.0; .NET CLR 1.1.4322; .NET CLR 2.0.50727; .NET CLR 3.0.4506.2152; .NET CLR 3.5.30729; .NET4.0C; .NET4.0E; InfoPath.2)"
81.252.96.8 - - [02/Sep/2013:12:56:27 +0200] "GET /yoogoo/themes/Kaput/images/backdot.gif HTTP/1.1" 200 357 "http://sysmic.org/yoogoo/docMultithread.php" "Mozilla/4.0 (compatible; MSIE 8.0; Windows NT 5.1; Trident/4.0; .NET CLR 1.1.4322; .NET CLR 2.0.50727; .NET CLR 3.0.4506.2152; .NET CLR 3.5.30729; .NET4.0C; .NET4.0E; InfoPath.2)"
81.252.96.8 - - [02/Sep/2013:12:56:27 +0200] "GET /yoogoo/themes/Kaput/images/right.gif HTTP/1.1" 200 414 "http://sysmic.org/yoogoo/docMultithread.php" "Mozilla/4.0 (compatible; MSIE 8.0; Windows NT 5.1; Trident/4.0; .NET CLR 1.1.4322; .NET CLR 2.0.50727; .NET CLR 3.0.4506.2152; .NET CLR 3.5.30729; .NET4.0C; .NET4.0E; InfoPath.2)"
81.252.96.8 - - [02/Sep/2013:12:56:27 +0200] "GET /yoogoo/themes/Kaput/images/down.gif HTTP/1.1" 200 414 "http://sysmic.org/yoogoo/docMultithread.php" "Mozilla/4.0 (compatible; MSIE 8.0; Windows NT 5.1; Trident/4.0; .NET CLR 1.1.4322; .NET CLR 2.0.50727; .NET CLR 3.0.4506.2152; .NET CLR 3.5.30729; .NET4.0C; .NET4.0E; InfoPath.2)"
81.252.96.8 - - [02/Sep/2013:12:56:27 +0200] "GET /favicon.ico HTTP/1.1" 200 7702 "-" "Mozilla/4.0 (compatible; MSIE 8.0; Windows NT 5.1; Trident/4.0; .NET CLR 1.1.4322; .NET CLR 2.0.50727; .NET CLR 3.0.4506.2152; .NET CLR 3.5.30729; .NET4.0C; .NET4.0E; InfoPath.2)"
81.252.96.8 - - [02/Sep/2013:12:56:34 +0200] "GET /yoogoo/docMultithread.php HTTP/1.1" 200 10579 "http://www.bing.com/search?q=multithread+semaphore&qs=n&form=QBRE&pq=multithread+semaphore&sc=0-9&sp=-1&sk=" "Mozilla/4.0 (compatible; MSIE 8.0; Windows NT 5.1; Trident/4.0; .NET CLR 1.1.4322; .NET CLR 2.0.50727; .NET CLR 3.0.4506.2152; .NET CLR 3.5.30729; .NET4.0C; .NET4.0E; InfoPath.2)"
81.252.96.8 - - [02/Sep/2013:12:56:55 +0200] "GET /yoogoo/docMultithread.php HTTP/1.1" 200 10580 "http://www.bing.com/search?q=multithread+s%C3%A9maphore&qs=n&form=QBRE&pq=multithread+s%C3%A9maphore&sc=0-21&sp=-1&sk=" "Mozilla/4.0 (compatible; MSIE 8.0; Windows NT 5.1; Trident/4.0; .NET CLR 1.1.4322; .NET CLR 2.0.50727; .NET CLR 3.0.4506.2152; .NET CLR 3.5.30729; .NET4.0C; .NET4.0E; InfoPath.2)"
37.140.141.26 - - [02/Sep/2013:12:57:40 +0200] "GET /yoogoo/img_rap/Finale-img50.png HTTP/1.1" 304 188 "-" "Mozilla/5.0 (compatible; YandexImages/3.0; +http://yandex.com/bots)"
88.190.254.18 - - [02/Sep/2013:13:00:40 +0200] "GET / HTTP/1.0" 302 285 "-" "-"
202.46.61.21 - - [02/Sep/2013:13:01:30 +0200] "GET / HTTP/1.1" 302 285 "-" "Mozilla/4.0 (compatible; MSIE 7.0; Windows NT 6.0)"
157.55.36.38 - - [02/Sep/2013:13:01:49 +0200] "GET /yoogoo/themes/Kaput/images/up.gif HTTP/1.1" 200 420 "-" "Mozilla/5.0 (compatible; bingbot/2.0; +http://www.bing.com/bingbot.htm)"
134.3.193.247 - - [02/Sep/2013:13:02:06 +0200] "GET /favicon.ico HTTP/1.1" 200 7703 "-" "Mozilla/5.0 (Windows NT 6.1; WOW64; rv:23.0) Gecko/20100101 Firefox/23.0"
157.55.32.219 - - [02/Sep/2013:13:02:09 +0200] "GET /yoogoo/themes/Kaput/images/down-left2.gif HTTP/1.1" 200 562 "-" "Mozilla/5.0 (compatible; bingbot/2.0; +http://www.bing.com/bingbot.htm)"
95.130.12.26 - - [02/Sep/2013:13:02:14 +0200] "GET /dotclear/index.php?feed/atom HTTP/1.1" 304 183 "-" "rss2email/2.65 +http://www.aaronsw.com/2002/rss2email/"
119.63.193.196 - - [02/Sep/2013:13:02:24 +0200] "GET / HTTP/1.1" 302 285 "-" "Mozilla/4.0 (compatible; MSIE 7.0; Windows NT 6.0)"
157.55.33.29 - - [02/Sep/2013:13:02:29 +0200] "GET /yoogoo/themes/Kaput/images/left2.gif HTTP/1.1" 200 388 "-" "Mozilla/5.0 (compatible; bingbot/2.0; +http://www.bing.com/bingbot.htm)"
157.55.33.29 - - [02/Sep/2013:13:02:30 +0200] "GET /yoogoo/logo.gif HTTP/1.1" 200 32379 "-" "Mozilla/5.0 (compatible; bingbot/2.0; +http://www.bing.com/bingbot.htm)"
157.55.33.29 - - [02/Sep/2013:13:02:31 +0200] "GET /yoogoo/themes/Kaput/images/up-left2.gif HTTP/1.1" 200 565 "-" "Mozilla/5.0 (compatible; bingbot/2.0; +http://www.bing.com/bingbot.htm)"
91.200.13.20 - - [02/Sep/2013:13:02:44 +0200] "GET /dotclear/index.php?post/2005/12/26/45-invalid-lvalue-in-increment HTTP/1.0" 200 13818 "http://www.sysmic.org/dotclear/index.php?post/2005/12/26/45-invalid-lvalue-in-increment" "Mozilla/5.0 (Windows NT 6.0) AppleWebKit/537.11 (KHTML, like Gecko) Chrome/23.0.1271.64 Safari/537.11"
91.200.13.20 - - [02/Sep/2013:13:02:44 +0200] "POST /dotclear/index.php?post/2005/12/26/45-invalid-lvalue-in-increment HTTP/1.0" 412 281 "http://www.sysmic.org/dotclear/index.php?post/2005/12/26/45-invalid-lvalue-in-increment" "Mozilla/5.0 (Windows NT 6.0) AppleWebKit/537.11 (KHTML, like Gecko) Chrome/23.0.1271.64 Safari/537.11"
37.140.141.26 - - [02/Sep/2013:13:03:17 +0200] "GET /yoogoo/img_rap/Finale-img26.png HTTP/1.1" 304 188 "-" "Mozilla/5.0 (compatible; YandexImages/3.0; +http://yandex.com/bots)"
108.178.45.213 - - [02/Sep/2013:13:05:06 +0200] "GET /yoogoo/mig.php HTTP/1.0" 200 2826 "http://sysmic.org/" "Mozilla/5.0 (Windows NT 6.1; WOW64) AppleWebKit/537.36 (KHTML, like Gecko) Chrome/28.0.1500.52 Safari/537.36"
108.178.45.213 - - [02/Sep/2013:13:05:07 +0200] "GET /yoogoo/modules.php?name=Your_Account&op=new_user HTTP/1.0" 200 353 "http://sysmic.org/yoogoo/mig.php" "Mozilla/5.0 (Windows NT 6.1; WOW64) AppleWebKit/537.36 (KHTML, like Gecko) Chrome/28.0.1500.52 Safari/537.36"
119.247.226.28 - - [02/Sep/2013:13:05:30 +0200] "GET /dotclear/index.php?archive/2010/05 HTTP/1.1" 200 7240 "-" "Mozilla/4.0 (compatible; MSIE 5.5; Windows NT)"
31.172.30.4 - - [02/Sep/2013:13:07:46 +0200] "GET /dotclear/index.php?post/2010/03/24/Convert-keys-betweens-GnuPG%2C-OpenSsh-and-OpenSSL HTTP/1.1" 200 5495 "-" "Mozilla/5.0 (Windows NT 6.1; rv:17.0) Gecko/20100101 Firefox/17.0"
31.172.30.4 - - [02/Sep/2013:13:07:47 +0200] "GET /dotclear/themes/default/js/jquery.cookie.js HTTP/1.1" 200 821 "http://sysmic.org/dotclear/index.php?post/2010/03/24/Convert-keys-betweens-GnuPG%2C-OpenSsh-and-OpenSSL" "Mozilla/5.0 (Windows NT 6.1; rv:17.0) Gecko/20100101 Firefox/17.0"
31.172.30.4 - - [02/Sep/2013:13:07:47 +0200] "GET /awstats_misc_tracker.js HTTP/1.1" 200 3029 "http://sysmic.org/dotclear/index.php?post/2010/03/24/Convert-keys-betweens-GnuPG%2C-OpenSsh-and-OpenSSL" "Mozilla/5.0 (Windows NT 6.1; rv:17.0) Gecko/20100101 Firefox/17.0"
31.172.30.4 - - [02/Sep/2013:13:07:47 +0200] "GET /dotclear/themes/giacomo/style.css HTTP/1.1" 200 3433 "http://sysmic.org/dotclear/index.php?post/2010/03/24/Convert-keys-betweens-GnuPG%2C-OpenSsh-and-OpenSSL" "Mozilla/5.0 (Windows NT 6.1; rv:17.0) Gecko/20100101 Firefox/17.0"
31.172.30.4 - - [02/Sep/2013:13:07:48 +0200] "GET /dotclear/themes/default/js/jquery.js HTTP/1.1" 200 28398 "http://sysmic.org/dotclear/index.php?post/2010/03/24/Convert-keys-betweens-GnuPG%2C-OpenSsh-and-OpenSSL" "Mozilla/5.0 (Windows NT 6.1; rv:17.0) Gecko/20100101 Firefox/17.0"
31.172.30.4 - - [02/Sep/2013:13:07:48 +0200] "GET /dotclear/themes/default/js/post.js HTTP/1.1" 200 879 "http://sysmic.org/dotclear/index.php?post/2010/03/24/Convert-keys-betweens-GnuPG%2C-OpenSsh-and-OpenSSL" "Mozilla/5.0 (Windows NT 6.1; rv:17.0) Gecko/20100101 Firefox/17.0"
31.172.30.4 - - [02/Sep/2013:13:07:48 +0200] "GET /dotclear/themes/default/print.css HTTP/1.1" 200 877 "http://sysmic.org/dotclear/index.php?post/2010/03/24/Convert-keys-betweens-GnuPG%2C-OpenSsh-and-OpenSSL" "Mozilla/5.0 (Windows NT 6.1; rv:17.0) Gecko/20100101 Firefox/17.0"
31.172.30.4 - - [02/Sep/2013:13:07:52 +0200] "GET /dotclear/themes/giacomo/custom.css HTTP/1.1" 200 632 "http://sysmic.org/dotclear/themes/giacomo/style.css" "Mozilla/5.0 (Windows NT 6.1; rv:17.0) Gecko/20100101 Firefox/17.0"
31.172.30.4 - - [02/Sep/2013:13:07:53 +0200] "GET /dotclear/themes/giacomo/images/zen.jpg HTTP/1.1" 200 5223 "http://sysmic.org/dotclear/themes/giacomo/style.css" "Mozilla/5.0 (Windows NT 6.1; rv:17.0) Gecko/20100101 Firefox/17.0"
31.172.30.4 - - [02/Sep/2013:13:07:53 +0200] "GET /dotclear/themes/giacomo/images/ico_entry.png HTTP/1.1" 200 550 "http://sysmic.org/dotclear/themes/giacomo/style.css" "Mozilla/5.0 (Windows NT 6.1; rv:17.0) Gecko/20100101 Firefox/17.0"
31.172.30.4 - - [02/Sep/2013:13:07:53 +0200] "GET /dotclear/themes/giacomo/images/fleche.png HTTP/1.1" 200 506 "http://sysmic.org/dotclear/themes/giacomo/style.css" "Mozilla/5.0 (Windows NT 6.1; rv:17.0) Gecko/20100101 Firefox/17.0"
31.172.30.4 - - [02/Sep/2013:13:07:54 +0200] "GET /dotclear/themes/giacomo/images/ico_comments.png HTTP/1.1" 200 541 "http://sysmic.org/dotclear/themes/giacomo/style.css" "Mozilla/5.0 (Windows NT 6.1; rv:17.0) Gecko/20100101 Firefox/17.0"
31.172.30.4 - - [02/Sep/2013:13:07:55 +0200] "GET /favicon.ico HTTP/1.1" 200 7702 "-" "Mozilla/5.0 (Windows NT 6.1; rv:17.0) Gecko/20100101 Firefox/17.0"
31.172.30.4 - - [02/Sep/2013:13:07:56 +0200] "GET /favicon.ico HTTP/1.1" 200 7703 "-" "Mozilla/5.0 (Windows NT 6.1; rv:17.0) Gecko/20100101 Firefox/17.0"
37.140.141.26 - - [02/Sep/2013:13:08:53 +0200] "GET /yoogoo/img_rap/Finale-img33.png HTTP/1.1" 304 188 "-" "Mozilla/5.0 (compatible; YandexImages/3.0; +http://yandex.com/bots)"
124.231.215.44 - - [02/Sep/2013:13:10:37 +0200] "GET /dotclear/index.php?post/2012/12/20/Provide-a-standalone-toolchain-using-buildroot HTTP/1.1" 200 4467 "-" "Mozilla/4.0 (compatible; MSIE 6.0; Windows NT 5.1; SV1)"
124.231.215.44 - - [02/Sep/2013:13:10:38 +0200] "POST /dotclear/index.php?post/2012/12/20/Provide-a-standalone-toolchain-using-buildroot HTTP/1.1" 412 325 "http://www.sysmic.org/dotclear/index.php?post/2012/12/20/Provide-a-standalone-toolchain-using-buildroot" "Mozilla/4.0 (compatible; MSIE 6.0; Windows NT 5.1; SV1; Mozilla/4.0 (compatible; MSIE 6.0; Windows NT 5.1; SV1) ; .NET CLR 2.0.50727 ; .NET CLR 4.0.30319)"
88.190.254.18 - - [02/Sep/2013:13:10:39 +0200] "GET / HTTP/1.0" 302 285 "-" "-"
178.255.215.89 - - [02/Sep/2013:13:11:17 +0200] "GET /photos/displayimage.php?pos=-4513 HTTP/1.1" 401 632 "-" "Mozilla/5.0 (compatible; Exabot/3.0 (BiggerBetter); +http://www.exabot.com/go/robot)"
161.111.80.220 - - [02/Sep/2013:13:12:43 +0200] "GET /dotclear/index.php?feed/atom HTTP/1.1" 304 220 "-" "Apple-PubSub/65.28"
37.140.141.26 - - [02/Sep/2013:13:14:30 +0200] "GET /yoogoo/img_rap/Finale-img9.png HTTP/1.1" 304 187 "-" "Mozilla/5.0 (compatible; YandexImages/3.0; +http://yandex.com/bots)"
62.190.106.2 - - [02/Sep/2013:13:19:20 +0200] "HEAD / HTTP/1.1" 302 4396 "-" "libwww-perl/5.834"
62.190.106.2 - - [02/Sep/2013:13:19:20 +0200] "HEAD /dotclear/index.php HTTP/1.1" 200 4508 "-" "libwww-perl/5.834"
193.252.118.167 - - [02/Sep/2013:13:19:44 +0200] "GET /dotclear/index.php?post/2008/10/20/73-controler-8-peripheriques-rs422-a-partir-d-un-reseau-can HTTP/1.1" 200 4648 "-" "Mozilla/5.0 (Windows; U; Windows NT 5.1; fr; rv:1.8.1) VoilaBot BETA 1.2 (support.voilabot@orange-ftgroup.com)"
37.140.141.26 - - [02/Sep/2013:13:20:07 +0200] "GET /yoogoo/img_rap/Finale-img61.png HTTP/1.1" 304 188 "-" "Mozilla/5.0 (compatible; YandexImages/3.0; +http://yandex.com/bots)"
88.190.254.18 - - [02/Sep/2013:13:20:41 +0200] "GET / HTTP/1.0" 302 285 "-" "-"
94.27.64.128 - - [02/Sep/2013:13:21:52 +0200] "GET /dotclear/index.php?post/2005/12/26/45-invalid-lvalue-in-increment HTTP/1.0" 200 13800 "http://www.sysmic.org/dotclear/index.php?post/2005/12/26/45-invalid-lvalue-in-increment" "Mozilla/5.0 (Windows NT 6.0; rv:16.0) Gecko/20100101 Firefox/16.0"
5.135.160.150 - - [02/Sep/2013:13:21:53 +0200] "GET /yoogoo/docs.php HTTP/1.1" 200 2998 "http://sysmic.org/" "Mozilla/5.0 (Windows NT 6.1; WOW64) AppleWebKit/537.36 (KHTML, like Gecko) Chrome/28.0.1500.52 Safari/537.36"
5.135.160.150 - - [02/Sep/2013:13:21:53 +0200] "GET /yoogoo/modules.php?name=Your_Account&op=new_user HTTP/1.1" 200 353 "http://sysmic.org/yoogoo/docs.php" "Mozilla/5.0 (Windows NT 6.1; WOW64) AppleWebKit/537.36 (KHTML, like Gecko) Chrome/28.0.1500.52 Safari/537.36"
123.125.71.70 - - [02/Sep/2013:13:22:11 +0200] "GET / HTTP/1.1" 302 285 "-" "Mozilla/5.0 (compatible; Baiduspider/2.0; +http://www.baidu.com/search/spider.html)"
94.27.64.128 - - [02/Sep/2013:13:22:14 +0200] "POST /dotclear/index.php?post/2005/12/26/45-invalid-lvalue-in-increment HTTP/1.0" 412 281 "http://www.sysmic.org/dotclear/index.php?post/2005/12/26/45-invalid-lvalue-in-increment" "Mozilla/5.0 (Windows NT 6.0; rv:16.0) Gecko/20100101 Firefox/16.0"
220.181.108.182 - - [02/Sep/2013:13:22:42 +0200] "GET / HTTP/1.1" 302 285 "-" "Mozilla/5.0 (compatible; Baiduspider/2.0; +http://www.baidu.com/search/spider.html)"
199.30.20.6 - - [02/Sep/2013:13:25:03 +0200] "GET /robots.txt HTTP/1.1" 200 368 "-" "msnbot-media/1.1 (+http://search.msn.com/msnbot.htm)"
199.30.20.6 - - [02/Sep/2013:13:25:03 +0200] "GET /yoogoo/img_rap/Finale-img33.png HTTP/1.1" 200 720 "-" "msnbot-media/1.1 (+http://search.msn.com/msnbot.htm)"
37.140.141.26 - - [02/Sep/2013:13:25:44 +0200] "GET /yoogoo/img_rap/Finale-img2.png HTTP/1.1" 304 187 "-" "Mozilla/5.0 (compatible; YandexImages/3.0; +http://yandex.com/bots)"
88.190.254.18 - - [02/Sep/2013:13:30:48 +0200] "GET / HTTP/1.0" 302 285 "-" "-"
37.140.141.26 - - [02/Sep/2013:13:31:20 +0200] "GET /yoogoo/img_rap/Finale-img40.png HTTP/1.1" 304 188 "-" "Mozilla/5.0 (compatible; YandexImages/3.0; +http://yandex.com/bots)"
220.181.108.169 - - [02/Sep/2013:13:33:50 +0200] "GET /dotclear/themes/default/js/jquery.cookie.js HTTP/1.1" 200 784 "-" "Mozilla/5.0 (compatible; Baiduspider/2.0; +http://www.baidu.com/search/spider.html)"
66.249.66.176 - - [02/Sep/2013:13:33:54 +0200] "GET /robots.txt HTTP/1.1" 200 405 "-" "Mozilla/5.0 (compatible; Googlebot/2.1; +http://www.google.com/bot.html)"
5.200.39.77 - - [02/Sep/2013:13:35:21 +0200] "GET /w00tw00t.at.ISC.SANS.Win32:) HTTP/1.1" 400 511 "-" "-"
66.249.66.89 - - [02/Sep/2013:13:35:35 +0200] "GET /rt/realtime-pouiller-lecture-5.pdf HTTP/1.1" 304 190 "-" "Mozilla/5.0 (iPhone; U; CPU iPhone OS 4_1 like Mac OS X; en-us) AppleWebKit/532.9 (KHTML, like Gecko) Version/4.0.5 Mobile/8B117 Safari/6531.22.7 (compatible; Googlebot-Mobile/2.1; +http://www.google.com/bot.html)"
176.44.77.194 - - [02/Sep/2013:13:36:44 +0200] "-" 408 0 "-" "-"
37.140.141.26 - - [02/Sep/2013:13:37:26 +0200] "GET /yoogoo/img_rap/Finale-img23.png HTTP/1.1" 304 188 "-" "Mozilla/5.0 (compatible; YandexImages/3.0; +http://yandex.com/bots)"
81.52.143.35 - - [02/Sep/2013:13:37:52 +0200] "GET /dl/cpp_test.in HTTP/1.1" 200 971 "-" "Mozilla/5.0 (Windows; U; Windows NT 5.1; fr; rv:1.8.1) VoilaBot BETA 1.2 (support.voilabot@orange-ftgroup.com)"
199.30.24.33 - - [02/Sep/2013:13:38:09 +0200] "GET /yoogoo/themes/Kaput/style/style.css HTTP/1.1" 200 617 "http://sysmic.org/yoogoo/docWinsock.php" "Mozilla/5.0 (Windows NT 6.1; WOW64) AppleWebKit/534+ (KHTML, like Gecko) BingPreview/1.0b"
199.30.24.33 - - [02/Sep/2013:13:38:10 +0200] "GET /yoogoo/themes/Kaput/images/left.gif HTTP/1.1" 200 360 "http://sysmic.org/yoogoo/docWinsock.php" "Mozilla/5.0 (Windows NT 6.1; WOW64) AppleWebKit/534+ (KHTML, like Gecko) BingPreview/1.0b"
178.255.215.89 - - [02/Sep/2013:13:38:36 +0200] "GET /photos/ratepic.php?pic=12514&rate=2 HTTP/1.1" 401 629 "-" "Mozilla/5.0 (compatible; Exabot/3.0 (BiggerBetter); +http://www.exabot.com/go/robot)"
178.255.215.89 - - [02/Sep/2013:13:38:39 +0200] "GET /photos/ratepic.php?pic=12512&rate=2 HTTP/1.1" 401 629 "-" "Mozilla/5.0 (compatible; Exabot/3.0 (BiggerBetter); +http://www.exabot.com/go/robot)"
178.255.215.89 - - [02/Sep/2013:13:38:41 +0200] "GET /photos/ratepic.php?pic=12510&rate=2 HTTP/1.1" 401 629 "-" "Mozilla/5.0 (compatible; Exabot/3.0 (BiggerBetter); +http://www.exabot.com/go/robot)"
178.255.215.89 - - [02/Sep/2013:13:38:44 +0200] "GET /photos/ratepic.php?pic=12516&rate=2 HTTP/1.1" 401 629 "-" "Mozilla/5.0 (compatible; Exabot/3.0 (BiggerBetter); +http://www.exabot.com/go/robot)"
88.190.254.18 - - [02/Sep/2013:13:40:42 +0200] "GET / HTTP/1.0" 302 285 "-" "-"
109.190.86.140 - - [02/Sep/2013:13:41:24 +0200] "GET /training/embeded_linux/plain/Sysmic%20-%20Formation%20Linux%20embarqu%C3%A9-plain-1.pdf HTTP/1.0" 200 451227 "http://www.google.fr/url?sa=t&rct=j&q=cours%20linux%20embarqu%C3%A9%20pdf&source=web&cd=2&ved=0CEgQFjAB&url=http%3A%2F%2Fwww.sysmic.org%2Ftraining%2Fembeded_linux%2Fplain%2FSysmic%2520-%2520Formation%2520Linux%2520embarqu%25C3%25A9-plain-1.pdf&ei=XnkkUveLI8ar0AXShYC4CA&usg=AFQjCNGTFrDBHsAl4Gh5qC_rb_hlmZaZLQ&bvm=bv.51495398,d.d2k&cad=rja" "Mozilla/5.0 (Windows NT 6.1; WOW64; rv:23.0) Gecko/20100101 Firefox/23.0"
109.190.86.140 - - [02/Sep/2013:13:41:27 +0200] "GET /favicon.ico HTTP/1.0" 304 188 "-" "Mozilla/5.0 (Windows NT 6.1; WOW64; rv:23.0) Gecko/20100101 Firefox/23.0"
161.111.80.220 - - [02/Sep/2013:13:42:44 +0200] "GET /dotclear/index.php?feed/atom HTTP/1.1" 304 220 "-" "Apple-PubSub/65.28"
88.190.254.18 - - [02/Sep/2013:13:50:41 +0200] "GET / HTTP/1.0" 302 285 "-" "-"
193.252.118.173 - - [02/Sep/2013:13:52:37 +0200] "GET /dotclear/index.php?post/2006/08/22/64-tricky-shell HTTP/1.1" 200 3961 "-" "Mozilla/5.0 (Windows; U; Windows NT 5.1; fr; rv:1.8.1) VoilaBot BETA 1.2 (support.voilabot@orange-ftgroup.com)"
124.231.215.44 - - [02/Sep/2013:13:55:57 +0200] "GET /dotclear/index.php?post/2011/08/24/Process-communication-in-shell:-fifo,-redirection-and-coproc HTTP/1.1" 200 5281 "-" "Mozilla/4.0 (compatible; MSIE 6.0; Windows NT 5.1; SV1; Mozilla/4.0 (compatible; MSIE 6.0; Windows NT 5.1; SV1) ; .NET CLR 1.0.3705)"
124.231.215.44 - - [02/Sep/2013:13:55:58 +0200] "POST /dotclear/index.php?post/2011/08/24/Process-communication-in-shell:-fifo,-redirection-and-coproc HTTP/1.1" 412 325 "http://www.sysmic.org/dotclear/index.php?post/2011/08/24/Process-communication-in-shell:-fifo,-redirection-and-coproc" "Mozilla/4.0 (compatible; MSIE 6.0; Windows NT 5.1; SV1; Mozilla/4.0 (compatible; MSIE 6.0; Windows NT 5.1; SV1) )"
88.190.254.18 - - [02/Sep/2013:14:00:49 +0200] "GET / HTTP/1.0" 302 285 "-" "-"
78.231.22.170 - - [02/Sep/2013:14:01:33 +0200] "GET /favicon.ico HTTP/1.1" 200 7702 "-" "Mozilla/5.0 (Windows NT 6.1; Win64; x64; rv:26.0) Gecko/20100101 Firefox/26.0"
37.140.141.26 - - [02/Sep/2013:14:04:02 +0200] "GET /dl/yoogoo/themes/NukeNews/images/pixel.gif HTTP/1.1" 304 187 "-" "Mozilla/5.0 (compatible; YandexImages/3.0; +http://yandex.com/bots)"
115.111.231.231 - - [02/Sep/2013:14:05:08 +0200] "GET /dotclear/index.php?post/2009/06/02/83-msi-wmi-support HTTP/1.1" 200 4451 "http://www.google.co.in/url?sa=t&rct=j&q=&esrc=s&frm=1&source=web&cd=8&ved=0CFcQFjAH&url=http%3A%2F%2Fwww.sysmic.org%2Fdotclear%2Findex.php%3Fpost%2F2009%2F06%2F02%2F83-msi-wmi-support&ei=oH4kUpiQEZHRrQfzoYHoCA&usg=AFQjCNFV0sRHnlPiymNqgvrXISoCNFlQTw" "Mozilla/5.0 (compatible; MSIE 9.0; Windows NT 6.1; Win64; x64; Trident/5.0; BOIE9;ENUS)"
