217.195.202.10 - - [01/Sep/2013:15:12:33 +0200] "GET /dl/yoogoo/download.php HTTP/1.1" 200 3116 "http://www.sysmic.org/" "Mozilla/5.0 (Windows NT 6.1; WOW64) AppleWebKit/537.36 (KHTML, like Gecko) Chrome/27.0.1453.116 Safari/537.36"
217.195.202.10 - - [01/Sep/2013:15:12:33 +0200] "GET /dl/yoogoo/modules.php?name=Your_Account&op=new_user HTTP/1.1" 200 353 "http://www.sysmic.org/dl/yoogoo/download.php" "Mozilla/5.0 (Windows NT 6.1; WOW64) AppleWebKit/537.36 (KHTML, like Gecko) Chrome/27.0.1453.116 Safari/537.36"
82.192.74.116 - - [01/Sep/2013:15:13:34 +0200] "GET / HTTP/1.1" 302 296 "-" "Mozilla/5.0 (compatible; Dataprovider Site Explorer; http://www.dataprovider.com/)"
82.192.74.116 - - [01/Sep/2013:15:13:34 +0200] "GET /dotclear/index.php HTTP/1.1" 200 55384 "-" "Mozilla/5.0 (compatible; Dataprovider Site Explorer; http://www.dataprovider.com/)"
82.192.74.116 - - [01/Sep/2013:15:13:44 +0200] "GET /dotclear/index.php HTTP/1.1" 200 55384 "-" "Mozilla/5.0 (Linux; U; Android 1.6; en-us; xpndr_ihome Build/DRD35) AppleWebKit/528.5+ (KHTML, like Gecko) Version/3.1.2 Mobile Safari/525.20.1"
82.192.74.116 - - [01/Sep/2013:15:13:44 +0200] "GET /robots.txt HTTP/1.1" 200 305 "-" "Mozilla/5.0 (compatible; Dataprovider Site Explorer; http://www.dataprovider.com/)"
82.192.74.116 - - [01/Sep/2013:15:13:45 +0200] "GET /dotclear/index.php HTTP/1.1" 200 55384 "-" "Mozilla/5.0 (compatible; Dataprovider Site Explorer; http://www.dataprovider.com/)"
82.192.74.116 - - [01/Sep/2013:15:13:53 +0200] "GET /dotclear/index.php?pages/Contact HTTP/1.1" 200 7138 "-" "Mozilla/5.0 (compatible; Dataprovider Site Explorer; http://www.dataprovider.com/)"
82.192.74.116 - - [01/Sep/2013:15:13:59 +0200] "GET /dotclear/index.php?post/2009/10/23/Ajout-du-support-de-la-board-EB8541-sur-2.6.28 HTTP/1.1" 200 11073 "-" "Mozilla/5.0 (compatible; Dataprovider Site Explorer; http://www.dataprovider.com/)"
82.192.74.116 - - [01/Sep/2013:15:14:06 +0200] "GET /dotclear/index.php?post/2011/11/08/Support-de-TP-de-temps-r%C3%A9el HTTP/1.1" 200 11565 "-" "Mozilla/5.0 (compatible; Dataprovider Site Explorer; http://www.dataprovider.com/)"
82.192.74.116 - - [01/Sep/2013:15:14:13 +0200] "GET /dotclear/index.php?post/2006/06/22/55-add-multibyte-characters-support-in-par HTTP/1.1" 200 17822 "-" "Mozilla/5.0 (compatible; Dataprovider Site Explorer; http://www.dataprovider.com/)"
82.192.74.116 - - [01/Sep/2013:15:14:19 +0200] "GET /dotclear/index.php?post/2009/06/02/83-msi-wmi-support HTTP/1.1" 200 13162 "-" "Mozilla/5.0 (compatible; Dataprovider Site Explorer; http://www.dataprovider.com/)"
82.192.74.116 - - [01/Sep/2013:15:14:25 +0200] "GET /dotclear/index.php?post/2009/06/15/86-ajout-du-support-2628-sur-une-nouvelle-carte HTTP/1.1" 200 11692 "-" "Mozilla/5.0 (compatible; Dataprovider Site Explorer; http://www.dataprovider.com/)"
82.192.74.116 - - [01/Sep/2013:15:14:33 +0200] "GET /dotclear/index.php?category/Technique HTTP/1.1" 200 56086 "-" "Mozilla/5.0 (compatible; Dataprovider Site Explorer; http://www.dataprovider.com/)"
82.192.74.116 - - [01/Sep/2013:15:14:44 +0200] "GET /dotclear/index.php?post/2009/12/23/Le-support-de-Hyper-V-pourrait-%C3%AAtre-dropp%C3%A9 HTTP/1.1" 200 11045 "-" "Mozilla/5.0 (compatible; Dataprovider Site Explorer; http://www.dataprovider.com/)"
82.192.74.116 - - [01/Sep/2013:15:14:50 +0200] "GET /dotclear/index.php?post/2010/02/03/Le-support-d-Android-dropp%C3%A9-du-mainstream HTTP/1.1" 200 11883 "-" "Mozilla/5.0 (compatible; Dataprovider Site Explorer; http://www.dataprovider.com/)"
82.192.74.116 - - [01/Sep/2013:15:14:57 +0200] "GET /dotclear/index.php?post/2009/05/29/82-hue-control-not-properly-detected-on-webcam-bisoncam-nb-pro-5986-0241 HTTP/1.1" 200 13638 "-" "Mozilla/5.0 (compatible; Dataprovider Site Explorer; http://www.dataprovider.com/)"
82.192.74.116 - - [01/Sep/2013:15:15:01 +0200] "GET /dotclear/index.php?post/2011/08/24/Process-communication-in-shell%3A-fifo%2C-redirection-and-coproc HTTP/1.1" 200 15175 "-" "Mozilla/5.0 (compatible; Dataprovider Site Explorer; http://www.dataprovider.com/)"
82.192.74.116 - - [01/Sep/2013:15:15:08 +0200] "GET /dotclear/index.php?post/2011/05/12/How-to-consume-a-particular-amount-of-CPU HTTP/1.1" 200 14461 "-" "Mozilla/5.0 (compatible; Dataprovider Site Explorer; http://www.dataprovider.com/)"
82.192.74.116 - - [01/Sep/2013:15:15:12 +0200] "GET /dotclear/index.php?post/2009/06/16/81-battery-not-detected-on-msi-cr600-on-linux-26289 HTTP/1.1" 200 17863 "-" "Mozilla/5.0 (compatible; Dataprovider Site Explorer; http://www.dataprovider.com/)"
82.192.74.116 - - [01/Sep/2013:15:15:16 +0200] "GET /dotclear/index.php?category/Pensees-personnelles HTTP/1.1" 200 31416 "-" "Mozilla/5.0 (compatible; Dataprovider Site Explorer; http://www.dataprovider.com/)"
82.192.74.116 - - [01/Sep/2013:15:15:21 +0200] "GET /dotclear/index.php?post/2010/10/04/Pishing-Hadopi HTTP/1.1" 200 10948 "-" "Mozilla/5.0 (compatible; Dataprovider Site Explorer; http://www.dataprovider.com/)"
82.192.74.116 - - [01/Sep/2013:15:15:26 +0200] "GET /dotclear/index.php?post/2010/05/27/Linux-dominera-t-il-le-monde HTTP/1.1" 200 11487 "-" "Mozilla/5.0 (compatible; Dataprovider Site Explorer; http://www.dataprovider.com/)"
82.192.74.116 - - [01/Sep/2013:15:15:31 +0200] "GET /dotclear/ HTTP/1.1" 200 55384 "-" "Mozilla/5.0 (compatible; Dataprovider Site Explorer; http://www.dataprovider.com/)"
82.192.74.116 - - [01/Sep/2013:15:15:43 +0200] "GET /dotclear/index.php?post/2009/12/20/Histoire-d-un-bug HTTP/1.1" 200 25203 "-" "Mozilla/5.0 (compatible; Dataprovider Site Explorer; http://www.dataprovider.com/)"
82.192.74.116 - - [01/Sep/2013:15:15:49 +0200] "GET / HTTP/1.1" 302 240 "-" "Mozilla/5.0 (compatible; Dataprovider Site Explorer; http://www.dataprovider.com/)"
82.192.74.116 - - [01/Sep/2013:15:15:52 +0200] "GET /dl/cpp_test.in HTTP/1.1" 200 952 "-" "Mozilla/5.0 (compatible; Dataprovider Site Explorer; http://www.dataprovider.com/)"
82.192.74.116 - - [01/Sep/2013:15:15:55 +0200] "GET /dotclear/index.php?post/2010/03/24/Convert-keys-betweens-GnuPG%2C-OpenSsh-and-OpenSSL HTTP/1.1" 200 16388 "-" "Mozilla/5.0 (compatible; Dataprovider Site Explorer; http://www.dataprovider.com/)"
82.192.74.116 - - [01/Sep/2013:15:16:00 +0200] "GET /dl/consume_cpu.c HTTP/1.1" 200 5497 "-" "Mozilla/5.0 (compatible; Dataprovider Site Explorer; http://www.dataprovider.com/)"
82.192.74.116 - - [01/Sep/2013:15:16:03 +0200] "GET /dotclear/index.php?feed/atom/comments HTTP/1.1" 200 33048 "-" "Mozilla/5.0 (compatible; Dataprovider Site Explorer; http://www.dataprovider.com/)"
82.192.74.116 - - [01/Sep/2013:15:16:06 +0200] "GET /dotclear/index.php?post/2010/12/06/Get-only-your-errors-from-output-of-a-command HTTP/1.1" 200 12175 "-" "Mozilla/5.0 (compatible; Dataprovider Site Explorer; http://www.dataprovider.com/)"
82.192.74.116 - - [01/Sep/2013:15:16:09 +0200] "GET /dotclear/index.php?pages/Nous-rejoindre HTTP/1.1" 200 8179 "-" "Mozilla/5.0 (compatible; Dataprovider Site Explorer; http://www.dataprovider.com/)"
82.192.74.116 - - [01/Sep/2013:15:16:15 +0200] "GET /dotclear/index.php?post/2012/07/29/how-to-get-absolute-timestamps-from-output-of-dmesg HTTP/1.1" 200 11875 "-" "Mozilla/5.0 (compatible; Dataprovider Site Explorer; http://www.dataprovider.com/)"
82.192.74.116 - - [01/Sep/2013:15:16:18 +0200] "GET /dotclear/index.php?feed/atom HTTP/1.1" 200 49280 "-" "Mozilla/5.0 (compatible; Dataprovider Site Explorer; http://www.dataprovider.com/)"
82.192.74.116 - - [01/Sep/2013:15:16:21 +0200] "GET /rt/realtime-pouiller-lecture.tar.gz HTTP/1.1" 200 26280 "-" "Mozilla/5.0 (compatible; Dataprovider Site Explorer; http://www.dataprovider.com/)"
82.192.74.116 - - [01/Sep/2013:15:16:25 +0200] "GET /dotclear/index.php?post/2010/04/16/Connect-to-Bluetooth-Access-Point-using-Bluez-framework HTTP/1.1" 200 11619 "-" "Mozilla/5.0 (compatible; Dataprovider Site Explorer; http://www.dataprovider.com/)"
82.192.74.116 - - [01/Sep/2013:15:16:31 +0200] "GET /dotclear/index.php?post/2012/04/13/The-simplest-Makefile-you-can-write HTTP/1.1" 200 11850 "-" "Mozilla/5.0 (compatible; Dataprovider Site Explorer; http://www.dataprovider.com/)"
65.19.138.34 - - [01/Sep/2013:15:16:36 +0200] "GET /dotclear/index.php?feed/atom HTTP/1.1" 304 183 "-" "Feedly/1.0 (+http://www.feedly.com/fetcher.html; like FeedFetcher-Google)"
82.192.74.116 - - [01/Sep/2013:15:16:36 +0200] "GET /dotclear/index.php?post/2012/12/20/Provide-a-standalone-toolchain-using-buildroot HTTP/1.1" 200 12225 "-" "Mozilla/5.0 (compatible; Dataprovider Site Explorer; http://www.dataprovider.com/)"
82.192.74.116 - - [01/Sep/2013:15:16:41 +0200] "GET /dotclear/index.php?post/2012/12/06/Formations-Noyau-Linux HTTP/1.1" 200 9794 "-" "Mozilla/5.0 (compatible; Dataprovider Site Explorer; http://www.dataprovider.com/)"
173.237.181.44 - - [01/Sep/2013:15:19:21 +0200] "GET /yoogoo/mig.php?currDir=.&pageType=image&image=spe_C1_1.jpg HTTP/1.1" 200 2826 "-" "Mozilla/5.0 (Windows NT 6.1; WOW64) AppleWebKit/537.36 (KHTML, like Gecko) Chrome/27.0.1453.116 Safari/537.36"
88.190.254.18 - - [01/Sep/2013:15:20:24 +0200] "GET / HTTP/1.0" 302 285 "-" "-"
85.0.75.239 - - [01/Sep/2013:15:20:32 +0200] "GET /dl/yoogoo/mig.php HTTP/1.1" 200 2826 "http://www.sysmic.org/" "Mozilla/5.0 (Windows NT 6.1; WOW64) AppleWebKit/537.36 (KHTML, like Gecko) Chrome/27.0.1453.116 Safari/537.36"
85.0.75.239 - - [01/Sep/2013:15:20:33 +0200] "GET /dl/yoogoo/modules.php?name=Your_Account&op=new_user HTTP/1.1" 200 353 "http://www.sysmic.org/dl/yoogoo/mig.php" "Mozilla/5.0 (Windows NT 6.1; WOW64) AppleWebKit/537.36 (KHTML, like Gecko) Chrome/27.0.1453.116 Safari/537.36"
198.2.218.12 - - [01/Sep/2013:15:21:06 +0200] "GET /dotclear/index.php?post/2009/10/23/Ajout-du-support-de-la-board-EB8541-sur-2.6.28 HTTP/1.0" 200 11002 "http://www.sysmic.org/dotclear/index.php?post/2009/10/23/Ajout-du-support-de-la-board-EB8541-sur-2.6.28" "Mozilla/5.0 (Windows NT 5.1; rv:15.0) Gecko/20100101 Firefox/15.0"
198.2.218.12 - - [01/Sep/2013:15:21:07 +0200] "POST /dotclear/index.php?post/2009/10/23/Ajout-du-support-de-la-board-EB8541-sur-2.6.28 HTTP/1.0" 412 281 "http://www.sysmic.org/dotclear/index.php?post/2009/10/23/Ajout-du-support-de-la-board-EB8541-sur-2.6.28" "Mozilla/5.0 (Windows NT 5.1; rv:15.0) Gecko/20100101 Firefox/15.0"
198.2.218.12 - - [01/Sep/2013:15:21:07 +0200] "GET /dotclear/index.php?post/2009/10/23/Ajout-du-support-de-la-board-EB8541-sur-2.6.28 HTTP/1.0" 200 8760 "http://www.sysmic.org/dotclear/index.php?post/2009/10/23/Ajout-du-support-de-la-board-EB8541-sur-2.6.28" "Mozilla/5.0 (Windows NT 5.1; rv:15.0) Gecko/20100101 Firefox/15.0"
178.154.203.251 - - [01/Sep/2013:15:21:46 +0200] "GET /dotclear/index.php?archive/2005/07 HTTP/1.1" 200 2898 "-" "Mozilla/5.0 (compatible; YandexBot/3.0; +http://yandex.com/bots)"
123.125.71.105 - - [01/Sep/2013:15:22:46 +0200] "GET / HTTP/1.1" 302 285 "-" "Mozilla/5.0 (compatible; Baiduspider/2.0; +http://www.baidu.com/search/spider.html)"
220.181.108.168 - - [01/Sep/2013:15:23:27 +0200] "GET / HTTP/1.1" 302 285 "-" "Mozilla/5.0 (compatible; Baiduspider/2.0; +http://www.baidu.com/search/spider.html)"
66.249.66.89 - - [01/Sep/2013:15:29:33 +0200] "GET /dotclear/index.php?post/2005/12/07/36-partir-en-sve HTTP/1.1" 200 6450 "-" "Mozilla/5.0 (iPhone; U; CPU iPhone OS 4_1 like Mac OS X; en-us) AppleWebKit/532.9 (KHTML, like Gecko) Version/4.0.5 Mobile/8B117 Safari/6531.22.7 (compatible; Googlebot-Mobile/2.1; +http://www.google.com/bot.html)"
93.222.214.156 - - [01/Sep/2013:15:30:03 +0200] "GET /favicon.ico HTTP/1.1" 200 7702 "-" "Mozilla/5.0 (Windows NT 6.1; WOW64; rv:23.0) Gecko/20100101 Firefox/23.0"
93.222.214.156 - - [01/Sep/2013:15:30:03 +0200] "GET /favicon.ico HTTP/1.1" 200 7703 "-" "Mozilla/5.0 (Windows NT 6.1; WOW64; rv:23.0) Gecko/20100101 Firefox/23.0"
5.10.83.38 - - [01/Sep/2013:15:30:13 +0200] "GET /dotclear/index.php?post/2010/05/27/Linux-dominera-t-il-le-monde HTTP/1.1" 200 4103 "-" "Mozilla/5.0 (compatible; AhrefsBot/5.0; +http://ahrefs.com/robot/)"
88.190.254.18 - - [01/Sep/2013:15:30:33 +0200] "GET / HTTP/1.0" 302 285 "-" "-"
94.27.68.144 - - [01/Sep/2013:15:34:00 +0200] "GET /dotclear/index.php?post/2005/12/26/45-invalid-lvalue-in-increment HTTP/1.0" 200 13789 "http://www.sysmic.org/dotclear/index.php?post/2005/12/26/45-invalid-lvalue-in-increment" "Mozilla/4.0 (compatible; MSIE 8.0; Windows NT 5.1; Trident/4.0; MRA 6.0 (build 5993); MRA 8.0 (build 5784); InfoPath.2)"
94.27.68.144 - - [01/Sep/2013:15:34:02 +0200] "POST /dotclear/index.php?post/2005/12/26/45-invalid-lvalue-in-increment HTTP/1.0" 412 281 "http://www.sysmic.org/dotclear/index.php?post/2005/12/26/45-invalid-lvalue-in-increment" "Mozilla/4.0 (compatible; MSIE 8.0; Windows NT 5.1; Trident/4.0; MRA 6.0 (build 5993); MRA 8.0 (build 5784); InfoPath.2)"
101.226.166.250 - - [01/Sep/2013:15:35:01 +0200] "GET /robots.txt HTTP/1.1" 200 405 "http://sysmic.org/robots.txt" "Mozilla/4.0 (compatible; MSIE 8.0; Windows NT 6.1; Trident/4.0; SLCC2; .NET CLR 2.0.50727; .NET CLR 3.5.30729; .NET CLR 3.0.30729; Media Center PC 6.0; MDDR; .NET4.0C; .NET4.0E; .NET CLR 1.1.4322; Tablet PC 2.0); 360Spider"
66.249.66.89 - - [01/Sep/2013:15:37:50 +0200] "GET /yoogoo/oldnews.php HTTP/1.1" 200 4033 "-" "Mozilla/5.0 (compatible; Googlebot/2.1; +http://www.google.com/bot.html)"
91.200.13.43 - - [01/Sep/2013:15:38:03 +0200] "GET /dotclear/index.php?post/2005/12/26/45-invalid-lvalue-in-increment HTTP/1.0" 200 13831 "http://www.sysmic.org/dotclear/index.php?post/2005/12/26/45-invalid-lvalue-in-increment" "Mozilla/5.0 (Windows NT 6.1) AppleWebKit/535.19 (KHTML, like Gecko) Chrome/18.0.1025.1634 Safari/535.19 YE"
91.200.13.43 - - [01/Sep/2013:15:38:03 +0200] "POST /dotclear/index.php?post/2005/12/26/45-invalid-lvalue-in-increment HTTP/1.0" 412 281 "http://www.sysmic.org/dotclear/index.php?post/2005/12/26/45-invalid-lvalue-in-increment" "Mozilla/5.0 (Windows NT 6.1) AppleWebKit/535.19 (KHTML, like Gecko) Chrome/18.0.1025.1634 Safari/535.19 YE"
91.200.14.57 - - [01/Sep/2013:15:39:22 +0200] "GET /dotclear/index.php?post/2005/12/26/45-invalid-lvalue-in-increment HTTP/1.0" 200 13831 "http://www.sysmic.org/dotclear/index.php?post/2005/12/26/45-invalid-lvalue-in-increment" "Mozilla/5.0 (Windows NT 5.1; rv:13.0) Gecko/20100101 Firefox/13.0"
91.200.14.57 - - [01/Sep/2013:15:39:24 +0200] "POST /dotclear/index.php?post/2005/12/26/45-invalid-lvalue-in-increment HTTP/1.0" 412 281 "http://www.sysmic.org/dotclear/index.php?post/2005/12/26/45-invalid-lvalue-in-increment" "Mozilla/5.0 (Windows NT 5.1; rv:13.0) Gecko/20100101 Firefox/13.0"
88.190.254.18 - - [01/Sep/2013:15:40:24 +0200] "GET / HTTP/1.0" 302 285 "-" "-"
5.10.83.101 - - [01/Sep/2013:15:41:54 +0200] "GET /CV/latex/CV.css HTTP/1.1" 200 639 "-" "Mozilla/5.0 (compatible; AhrefsBot/5.0; +http://ahrefs.com/robot/)"
183.60.48.25 - - [01/Sep/2013:15:46:01 +0200] "CONNECT tcpconn2.tencent.com:443 HTTP/1.1" 302 240 "-" "-"
131.253.38.101 - - [01/Sep/2013:15:46:45 +0200] "GET /robots.txt HTTP/1.1" 200 368 "-" "msnbot-media/1.1 (+http://search.msn.com/msnbot.htm)"
131.253.38.101 - - [01/Sep/2013:15:46:45 +0200] "GET /yoogoo/img_rap/Finale-img59.png HTTP/1.1" 200 832 "-" "msnbot-media/1.1 (+http://search.msn.com/msnbot.htm)"
192.54.144.229 - - [01/Sep/2013:15:48:50 +0200] "GET /training/embeded_linux/plain/Sysmic%20-%20Formation%20Linux%20embarqu%C3%A9-plain-1.pdf HTTP/1.1" 304 190 "-" "Mozilla/4.0 (compatible;)"
88.190.254.18 - - [01/Sep/2013:15:50:34 +0200] "GET / HTTP/1.0" 302 285 "-" "-"
5.10.83.76 - - [01/Sep/2013:15:51:25 +0200] "GET /dl/kaskpass/kaskpass-0.1/debian/compat HTTP/1.1" 200 209 "-" "Mozilla/5.0 (compatible; AhrefsBot/5.0; +http://ahrefs.com/robot/)"
178.154.203.251 - - [01/Sep/2013:15:55:15 +0200] "GET /dotclear/index.php?archive/2009/03 HTTP/1.1" 200 2897 "-" "Mozilla/5.0 (compatible; YandexBot/3.0; +http://yandex.com/bots)"
46.105.247.74 - - [01/Sep/2013:15:57:25 +0200] "GET /yoogoo/download.php HTTP/1.1" 200 3116 "http://sysmic.org/" "Mozilla/5.0 (Windows NT 6.1; WOW64) AppleWebKit/537.36 (KHTML, like Gecko) Chrome/27.0.1453.116 Safari/537.36"
46.105.247.74 - - [01/Sep/2013:15:57:26 +0200] "GET /yoogoo/modules.php?name=Your_Account&op=new_user HTTP/1.1" 200 353 "http://sysmic.org/yoogoo/download.php" "Mozilla/5.0 (Windows NT 6.1; WOW64) AppleWebKit/537.36 (KHTML, like Gecko) Chrome/27.0.1453.116 Safari/537.36"
66.249.66.89 - - [01/Sep/2013:15:59:42 +0200] "GET /yoogoo/docMultithread.php HTTP/1.1" 200 10580 "-" "Mozilla/5.0 (compatible; Googlebot/2.1; +http://www.google.com/bot.html)"
84.102.79.55 - - [01/Sep/2013:16:00:20 +0200] "GET /yoogoo/sout2.php HTTP/1.1" 200 39724 "https://www.google.fr/" "Mozilla/5.0 (Windows NT 6.1; WOW64) AppleWebKit/537.36 (KHTML, like Gecko) Chrome/29.0.1547.62 Safari/537.36"
84.102.79.55 - - [01/Sep/2013:16:00:21 +0200] "GET /yoogoo/sout2.css HTTP/1.1" 200 759 "http://www.sysmic.org/yoogoo/sout2.php" "Mozilla/5.0 (Windows NT 6.1; WOW64) AppleWebKit/537.36 (KHTML, like Gecko) Chrome/29.0.1547.62 Safari/537.36"
84.102.79.55 - - [01/Sep/2013:16:00:21 +0200] "GET /yoogoo/themes/Kaput/images/down-right2.gif HTTP/1.1" 200 549 "http://www.sysmic.org/yoogoo/sout2.php" "Mozilla/5.0 (Windows NT 6.1; WOW64) AppleWebKit/537.36 (KHTML, like Gecko) Chrome/29.0.1547.62 Safari/537.36"
84.102.79.55 - - [01/Sep/2013:16:00:21 +0200] "GET /yoogoo/themes/Kaput/style/style.css HTTP/1.1" 200 673 "http://www.sysmic.org/yoogoo/sout2.php" "Mozilla/5.0 (Windows NT 6.1; WOW64) AppleWebKit/537.36 (KHTML, like Gecko) Chrome/29.0.1547.62 Safari/537.36"
84.102.79.55 - - [01/Sep/2013:16:00:21 +0200] "GET /yoogoo/themes/Kaput/images/up-left2.gif HTTP/1.1" 200 565 "http://www.sysmic.org/yoogoo/sout2.php" "Mozilla/5.0 (Windows NT 6.1; WOW64) AppleWebKit/537.36 (KHTML, like Gecko) Chrome/29.0.1547.62 Safari/537.36"
84.102.79.55 - - [01/Sep/2013:16:00:21 +0200] "GET /yoogoo/themes/Kaput/images/up-right2.gif HTTP/1.1" 200 556 "http://www.sysmic.org/yoogoo/sout2.php" "Mozilla/5.0 (Windows NT 6.1; WOW64) AppleWebKit/537.36 (KHTML, like Gecko) Chrome/29.0.1547.62 Safari/537.36"
84.102.79.55 - - [01/Sep/2013:16:00:21 +0200] "GET /yoogoo/themes/Kaput/images/down-left2.gif HTTP/1.1" 200 562 "http://www.sysmic.org/yoogoo/sout2.php" "Mozilla/5.0 (Windows NT 6.1; WOW64) AppleWebKit/537.36 (KHTML, like Gecko) Chrome/29.0.1547.62 Safari/537.36"
84.102.79.55 - - [01/Sep/2013:16:00:21 +0200] "GET /yoogoo/themes/Kaput/images/down-left.gif HTTP/1.1" 200 693 "http://www.sysmic.org/yoogoo/sout2.php" "Mozilla/5.0 (Windows NT 6.1; WOW64) AppleWebKit/537.36 (KHTML, like Gecko) Chrome/29.0.1547.62 Safari/537.36"
84.102.79.55 - - [01/Sep/2013:16:00:21 +0200] "GET /yoogoo/themes/Kaput/images/up-left.gif HTTP/1.1" 200 698 "http://www.sysmic.org/yoogoo/sout2.php" "Mozilla/5.0 (Windows NT 6.1; WOW64) AppleWebKit/537.36 (KHTML, like Gecko) Chrome/29.0.1547.62 Safari/537.36"
84.102.79.55 - - [01/Sep/2013:16:00:21 +0200] "GET /yoogoo/themes/Kaput/images/up-right.gif HTTP/1.1" 200 694 "http://www.sysmic.org/yoogoo/sout2.php" "Mozilla/5.0 (Windows NT 6.1; WOW64) AppleWebKit/537.36 (KHTML, like Gecko) Chrome/29.0.1547.62 Safari/537.36"
84.102.79.55 - - [01/Sep/2013:16:00:21 +0200] "GET /yoogoo/themes/Kaput/images/down-right.gif HTTP/1.1" 200 696 "http://www.sysmic.org/yoogoo/sout2.php" "Mozilla/5.0 (Windows NT 6.1; WOW64) AppleWebKit/537.36 (KHTML, like Gecko) Chrome/29.0.1547.62 Safari/537.36"
84.102.79.55 - - [01/Sep/2013:16:00:21 +0200] "GET /yoogoo/themes/NukeNews/images/pixel.gif HTTP/1.1" 200 332 "http://www.sysmic.org/yoogoo/sout2.php" "Mozilla/5.0 (Windows NT 6.1; WOW64) AppleWebKit/537.36 (KHTML, like Gecko) Chrome/29.0.1547.62 Safari/537.36"
84.102.79.55 - - [01/Sep/2013:16:00:21 +0200] "GET /yoogoo/images/powered/epita.gif HTTP/1.1" 200 4083 "http://www.sysmic.org/yoogoo/sout2.php" "Mozilla/5.0 (Windows NT 6.1; WOW64) AppleWebKit/537.36 (KHTML, like Gecko) Chrome/29.0.1547.62 Safari/537.36"
84.102.79.55 - - [01/Sep/2013:16:00:21 +0200] "GET /yoogoo/images/powered/apache.gif HTTP/1.1" 200 2098 "http://www.sysmic.org/yoogoo/sout2.php" "Mozilla/5.0 (Windows NT 6.1; WOW64) AppleWebKit/537.36 (KHTML, like Gecko) Chrome/29.0.1547.62 Safari/537.36"
84.102.79.55 - - [01/Sep/2013:16:00:21 +0200] "GET /yoogoo/images/powered/php2.gif HTTP/1.1" 200 1452 "http://www.sysmic.org/yoogoo/sout2.php" "Mozilla/5.0 (Windows NT 6.1; WOW64) AppleWebKit/537.36 (KHTML, like Gecko) Chrome/29.0.1547.62 Safari/537.36"
84.102.79.55 - - [01/Sep/2013:16:00:21 +0200] "GET /yoogoo/themes/Kaput/images/up2.gif HTTP/1.1" 200 386 "http://www.sysmic.org/yoogoo/sout2.php" "Mozilla/5.0 (Windows NT 6.1; WOW64) AppleWebKit/537.36 (KHTML, like Gecko) Chrome/29.0.1547.62 Safari/537.36"
84.102.79.55 - - [01/Sep/2013:16:00:21 +0200] "GET /yoogoo/themes/Kaput/images/left2.gif HTTP/1.1" 200 387 "http://www.sysmic.org/yoogoo/sout2.php" "Mozilla/5.0 (Windows NT 6.1; WOW64) AppleWebKit/537.36 (KHTML, like Gecko) Chrome/29.0.1547.62 Safari/537.36"
84.102.79.55 - - [01/Sep/2013:16:00:21 +0200] "GET /yoogoo/themes/Kaput/images/right2.gif HTTP/1.1" 200 370 "http://www.sysmic.org/yoogoo/sout2.php" "Mozilla/5.0 (Windows NT 6.1; WOW64) AppleWebKit/537.36 (KHTML, like Gecko) Chrome/29.0.1547.62 Safari/537.36"
84.102.79.55 - - [01/Sep/2013:16:00:21 +0200] "GET /yoogoo/themes/Kaput/images/down2.gif HTTP/1.1" 200 369 "http://www.sysmic.org/yoogoo/sout2.php" "Mozilla/5.0 (Windows NT 6.1; WOW64) AppleWebKit/537.36 (KHTML, like Gecko) Chrome/29.0.1547.62 Safari/537.36"
84.102.79.55 - - [01/Sep/2013:16:00:21 +0200] "GET /yoogoo/themes/Kaput/images/up.gif HTTP/1.1" 200 419 "http://www.sysmic.org/yoogoo/sout2.php" "Mozilla/5.0 (Windows NT 6.1; WOW64) AppleWebKit/537.36 (KHTML, like Gecko) Chrome/29.0.1547.62 Safari/537.36"
84.102.79.55 - - [01/Sep/2013:16:00:21 +0200] "GET /yoogoo/themes/Kaput/images/left.gif HTTP/1.1" 200 415 "http://www.sysmic.org/yoogoo/sout2.php" "Mozilla/5.0 (Windows NT 6.1; WOW64) AppleWebKit/537.36 (KHTML, like Gecko) Chrome/29.0.1547.62 Safari/537.36"
84.102.79.55 - - [01/Sep/2013:16:00:21 +0200] "GET /yoogoo/themes/Kaput/images/backdot.gif HTTP/1.1" 200 357 "http://www.sysmic.org/yoogoo/sout2.php" "Mozilla/5.0 (Windows NT 6.1; WOW64) AppleWebKit/537.36 (KHTML, like Gecko) Chrome/29.0.1547.62 Safari/537.36"
84.102.79.55 - - [01/Sep/2013:16:00:21 +0200] "GET /yoogoo/themes/Kaput/images/right.gif HTTP/1.1" 200 414 "http://www.sysmic.org/yoogoo/sout2.php" "Mozilla/5.0 (Windows NT 6.1; WOW64) AppleWebKit/537.36 (KHTML, like Gecko) Chrome/29.0.1547.62 Safari/537.36"
84.102.79.55 - - [01/Sep/2013:16:00:21 +0200] "GET /yoogoo/themes/Kaput/images/down.gif HTTP/1.1" 200 414 "http://www.sysmic.org/yoogoo/sout2.php" "Mozilla/5.0 (Windows NT 6.1; WOW64) AppleWebKit/537.36 (KHTML, like Gecko) Chrome/29.0.1547.62 Safari/537.36"
84.102.79.55 - - [01/Sep/2013:16:00:21 +0200] "GET /yoogoo/img_rap/img1.png HTTP/1.1" 200 47581 "http://www.sysmic.org/yoogoo/sout2.php" "Mozilla/5.0 (Windows NT 6.1; WOW64) AppleWebKit/537.36 (KHTML, like Gecko) Chrome/29.0.1547.62 Safari/537.36"
84.102.79.55 - - [01/Sep/2013:16:00:21 +0200] "GET /yoogoo/logo.gif HTTP/1.1" 200 32379 "http://www.sysmic.org/yoogoo/sout2.php" "Mozilla/5.0 (Windows NT 6.1; WOW64) AppleWebKit/537.36 (KHTML, like Gecko) Chrome/29.0.1547.62 Safari/537.36"
88.190.254.18 - - [01/Sep/2013:16:00:24 +0200] "GET / HTTP/1.0" 302 285 "-" "-"
84.102.79.55 - - [01/Sep/2013:16:00:24 +0200] "GET /favicon.ico HTTP/1.1" 200 7702 "-" "Mozilla/5.0 (Windows NT 6.1; WOW64) AppleWebKit/537.36 (KHTML, like Gecko) Chrome/29.0.1547.62 Safari/537.36"
95.130.12.26 - - [01/Sep/2013:16:02:26 +0200] "GET /dotclear/index.php?feed/atom HTTP/1.1" 200 49295 "-" "rss2email/2.65 +http://www.aaronsw.com/2002/rss2email/"
5.10.83.74 - - [01/Sep/2013:16:02:32 +0200] "GET /dotclear/index.php?post/2010/04/16/Connect-to-Bluetooth-Access-Point-using-Bluez-framework HTTP/1.1" 200 4053 "-" "Mozilla/5.0 (compatible; AhrefsBot/5.0; +http://ahrefs.com/robot/)"
5.10.83.105 - - [01/Sep/2013:16:04:34 +0200] "GET /dl/twinkle/debian/?C=N;O=A HTTP/1.1" 200 831 "-" "Mozilla/5.0 (compatible; AhrefsBot/5.0; +http://ahrefs.com/robot/)"
5.10.83.38 - - [01/Sep/2013:16:06:24 +0200] "GET /dotclear/index.php?feed/atom/comments/16 HTTP/1.1" 200 1080 "-" "Mozilla/5.0 (compatible; AhrefsBot/5.0; +http://ahrefs.com/robot/)"
221.235.67.111 - - [01/Sep/2013:16:08:58 +0200] "GET /dotclear/index.php?post/2006/06/22/55-add-multibyte-characters-support-in-par HTTP/1.1" 200 6128 "-" "Mozilla/4.0 (compatible; MSIE 6.0; Windows NT 5.1; SV1; Mozilla/4.0 (compatible; MSIE 6.0; Windows NT 5.1; SV1) )"
221.235.67.111 - - [01/Sep/2013:16:08:59 +0200] "POST /dotclear/index.php?post/2006/06/22/55-add-multibyte-characters-support-in-par HTTP/1.1" 412 325 "http://www.sysmic.org/dotclear/index.php?post/2006/06/22/55-add-multibyte-characters-support-in-par" "Mozilla/4.0 (compatible; MSIE 6.0; Windows NT 5.1; SV1; Mozilla/4.0 (compatible; MSIE 6.0; Windows NT 5.1; SV1) )"
178.154.203.251 - - [01/Sep/2013:16:09:30 +0200] "GET / HTTP/1.1" 302 341 "-" "Mozilla/5.0 (compatible; YandexBot/3.0; +http://yandex.com/bots)"
88.190.254.18 - - [01/Sep/2013:16:10:25 +0200] "GET / HTTP/1.0" 302 285 "-" "-"
149.255.111.43 - - [01/Sep/2013:16:16:42 +0200] "GET /yoogoo/docs.php HTTP/1.0" 200 2998 "http://sysmic.org/" "Mozilla/5.0 (Windows NT 6.1; WOW64) AppleWebKit/537.36 (KHTML, like Gecko) Chrome/27.0.1453.116 Safari/537.36"
149.255.111.43 - - [01/Sep/2013:16:16:43 +0200] "GET /yoogoo/modules.php?name=Your_Account&op=new_user HTTP/1.0" 200 353 "http://sysmic.org/yoogoo/docs.php" "Mozilla/5.0 (Windows NT 6.1; WOW64) AppleWebKit/537.36 (KHTML, like Gecko) Chrome/27.0.1453.116 Safari/537.36"
66.249.66.89 - - [01/Sep/2013:16:17:24 +0200] "GET /yoogoo/themes/Kaput/style/style.css HTTP/1.1" 200 673 "-" "Mozilla/5.0 (compatible; Googlebot/2.1; +http://www.google.com/bot.html)"
213.186.127.3 - - [01/Sep/2013:16:19:47 +0200] "GET /dotclear/index.php?feed/atom HTTP/1.1" 200 49276 "-" "AhrefsBot.Feeds v0.1; http://ahrefs.com/"
88.190.254.18 - - [01/Sep/2013:16:20:25 +0200] "GET / HTTP/1.0" 302 285 "-" "-"
193.252.118.165 - - [01/Sep/2013:16:24:32 +0200] "GET /dotclear/index.php?post/2009/10/23/Ajout-du-support-de-la-board-EB8541-sur-2.6.28 HTTP/1.1" 200 3876 "-" "Mozilla/5.0 (Windows; U; Windows NT 5.1; fr; rv:1.8.1) VoilaBot BETA 1.2 (support.voilabot@orange-ftgroup.com)"
178.255.215.89 - - [01/Sep/2013:16:24:41 +0200] "GET /dotclear2/index.php?post/2009/06/15/86-ajout-du-support-2628-sur-une-nouvelle-carte HTTP/1.1" 301 645 "-" "Mozilla/5.0 (compatible; Exabot/3.0 (BiggerBetter); +http://www.exabot.com/go/robot)"
178.255.215.89 - - [01/Sep/2013:16:25:04 +0200] "GET /dotclear/index.php?post/2009/06/15/86-ajout-du-support-2628-sur-une-nouvelle-carte HTTP/1.1" 200 4090 "-" "Mozilla/5.0 (compatible; Exabot/3.0 (BiggerBetter); +http://www.exabot.com/go/robot)"
88.190.254.18 - - [01/Sep/2013:16:30:38 +0200] "GET / HTTP/1.0" 302 285 "-" "-"
178.255.215.89 - - [01/Sep/2013:16:35:45 +0200] "GET /photos/ratepic.php?pic=136&rate=2 HTTP/1.1" 401 629 "-" "Mozilla/5.0 (compatible; Exabot/3.0 (BiggerBetter); +http://www.exabot.com/go/robot)"
88.190.254.18 - - [01/Sep/2013:16:40:35 +0200] "GET / HTTP/1.0" 302 285 "-" "-"
178.154.203.251 - - [01/Sep/2013:16:41:33 +0200] "GET /dotclear/index.php?archive/2004/01 HTTP/1.1" 200 2829 "-" "Mozilla/5.0 (compatible; YandexBot/3.0; +http://yandex.com/bots)"
193.252.149.16 - - [01/Sep/2013:16:48:09 +0200] "GET /dotclear/index.php?post/2007/12/30/71-xdmcp-couple-a-un-vpn HTTP/1.1" 200 5899 "-" "Mozilla/5.0 (Windows; U; Windows NT 5.1; fr; rv:1.8.1) VoilaBot BETA 1.2 (support.voilabot@orange-ftgroup.com)"
91.237.249.168 - - [01/Sep/2013:16:49:02 +0200] "GET /yoogoo/mig.php HTTP/1.1" 200 2826 "http://sysmic.org/" "Mozilla/5.0 (Windows NT 6.1; WOW64) AppleWebKit/537.36 (KHTML, like Gecko) Chrome/27.0.1453.116 Safari/537.36"
91.237.249.168 - - [01/Sep/2013:16:49:12 +0200] "GET /yoogoo/modules.php?name=Your_Account&op=new_user HTTP/1.1" 200 353 "http://sysmic.org/yoogoo/mig.php" "Mozilla/5.0 (Windows NT 6.1; WOW64) AppleWebKit/537.36 (KHTML, like Gecko) Chrome/27.0.1453.116 Safari/537.36"
88.190.254.18 - - [01/Sep/2013:16:50:25 +0200] "GET / HTTP/1.0" 302 285 "-" "-"
5.10.83.105 - - [01/Sep/2013:16:51:46 +0200] "GET /dotclear/index.php?post/2009/07/01/85-so-geek HTTP/1.1" 200 4080 "-" "Mozilla/5.0 (compatible; AhrefsBot/5.0; +http://ahrefs.com/robot/)"
194.0.59.52 - - [01/Sep/2013:16:52:08 +0200] "GET /dotclear/index.php?feed/atom HTTP/1.1" 200 49276 "-" "Bloglovin/1.0 (http://www.bloglovin.com; 1 subscribers)"
2a02:6b8:0:401:222:4dff:fe55:d193 - - [01/Sep/2013:16:53:45 +0200] "GET /dotclear/index.php?post/2010/03/24/Convert-keys-betweens-GnuPG%2C-OpenSsh-and-OpenSSL HTTP/1.1" 200 5496 "-" "Opera/9.80 (X11; Linux x86_64) Presto/2.12.388 Version/12.16"
2a02:6b8:0:401:222:4dff:fe55:d193 - - [01/Sep/2013:16:53:45 +0200] "GET /dotclear/themes/giacomo/style.css HTTP/1.1" 200 3433 "http://www.sysmic.org/dotclear/index.php?post/2010/03/24/Convert-keys-betweens-GnuPG%2C-OpenSsh-and-OpenSSL" "Opera/9.80 (X11; Linux x86_64) Presto/2.12.388 Version/12.16"
2a02:6b8:0:401:222:4dff:fe55:d193 - - [01/Sep/2013:16:53:46 +0200] "GET /dotclear/themes/default/print.css HTTP/1.1" 200 878 "http://www.sysmic.org/dotclear/index.php?post/2010/03/24/Convert-keys-betweens-GnuPG%2C-OpenSsh-and-OpenSSL" "Opera/9.80 (X11; Linux x86_64) Presto/2.12.388 Version/12.16"
2a02:6b8:0:401:222:4dff:fe55:d193 - - [01/Sep/2013:16:53:46 +0200] "GET /awstats_misc_tracker.js HTTP/1.1" 200 3030 "http://www.sysmic.org/dotclear/index.php?post/2010/03/24/Convert-keys-betweens-GnuPG%2C-OpenSsh-and-OpenSSL" "Opera/9.80 (X11; Linux x86_64) Presto/2.12.388 Version/12.16"
2a02:6b8:0:401:222:4dff:fe55:d193 - - [01/Sep/2013:16:53:46 +0200] "GET /dotclear/themes/default/js/jquery.cookie.js HTTP/1.1" 200 821 "http://www.sysmic.org/dotclear/index.php?post/2010/03/24/Convert-keys-betweens-GnuPG%2C-OpenSsh-and-OpenSSL" "Opera/9.80 (X11; Linux x86_64) Presto/2.12.388 Version/12.16"
2a02:6b8:0:401:222:4dff:fe55:d193 - - [01/Sep/2013:16:53:46 +0200] "GET /dotclear/themes/default/js/post.js HTTP/1.1" 200 880 "http://www.sysmic.org/dotclear/index.php?post/2010/03/24/Convert-keys-betweens-GnuPG%2C-OpenSsh-and-OpenSSL" "Opera/9.80 (X11; Linux x86_64) Presto/2.12.388 Version/12.16"
2a02:6b8:0:401:222:4dff:fe55:d193 - - [01/Sep/2013:16:53:46 +0200] "GET /dotclear/themes/default/js/jquery.js HTTP/1.1" 200 28399 "http://www.sysmic.org/dotclear/index.php?post/2010/03/24/Convert-keys-betweens-GnuPG%2C-OpenSsh-and-OpenSSL" "Opera/9.80 (X11; Linux x86_64) Presto/2.12.388 Version/12.16"
2a02:6b8:0:401:222:4dff:fe55:d193 - - [01/Sep/2013:16:53:46 +0200] "GET /dotclear/themes/giacomo/custom.css HTTP/1.1" 200 633 "http://www.sysmic.org/dotclear/index.php?post/2010/03/24/Convert-keys-betweens-GnuPG%2C-OpenSsh-and-OpenSSL" "Opera/9.80 (X11; Linux x86_64) Presto/2.12.388 Version/12.16"
2a02:6b8:0:401:222:4dff:fe55:d193 - - [01/Sep/2013:16:53:47 +0200] "GET /favicon.ico HTTP/1.1" 200 7703 "http://www.sysmic.org/dotclear/index.php?post/2010/03/24/Convert-keys-betweens-GnuPG%2C-OpenSsh-and-OpenSSL" "Opera/9.80 (X11; Linux x86_64) Presto/2.12.388 Version/12.16"
2a02:6b8:0:401:222:4dff:fe55:d193 - - [01/Sep/2013:16:53:47 +0200] "GET /dotclear/themes/giacomo/images/zen.jpg HTTP/1.1" 200 5223 "http://www.sysmic.org/dotclear/index.php?post/2010/03/24/Convert-keys-betweens-GnuPG%2C-OpenSsh-and-OpenSSL" "Opera/9.80 (X11; Linux x86_64) Presto/2.12.388 Version/12.16"
2a02:6b8:0:401:222:4dff:fe55:d193 - - [01/Sep/2013:16:53:47 +0200] "GET /dotclear/themes/giacomo/images/ico_entry.png HTTP/1.1" 200 551 "http://www.sysmic.org/dotclear/index.php?post/2010/03/24/Convert-keys-betweens-GnuPG%2C-OpenSsh-and-OpenSSL" "Opera/9.80 (X11; Linux x86_64) Presto/2.12.388 Version/12.16"
2a02:6b8:0:401:222:4dff:fe55:d193 - - [01/Sep/2013:16:53:47 +0200] "GET /dotclear/themes/giacomo/images/ico_comments.png HTTP/1.1" 200 542 "http://www.sysmic.org/dotclear/index.php?post/2010/03/24/Convert-keys-betweens-GnuPG%2C-OpenSsh-and-OpenSSL" "Opera/9.80 (X11; Linux x86_64) Presto/2.12.388 Version/12.16"
2a02:6b8:0:401:222:4dff:fe55:d193 - - [01/Sep/2013:16:53:47 +0200] "GET /dotclear/themes/giacomo/images/fleche.png HTTP/1.1" 200 507 "http://www.sysmic.org/dotclear/index.php?post/2010/03/24/Convert-keys-betweens-GnuPG%2C-OpenSsh-and-OpenSSL" "Opera/9.80 (X11; Linux x86_64) Presto/2.12.388 Version/12.16"
88.190.254.18 - - [01/Sep/2013:17:00:27 +0200] "GET / HTTP/1.0" 302 285 "-" "-"
5.10.83.27 - - [01/Sep/2013:17:05:24 +0200] "GET /dl/kaskpass/kaskpass-0.1/bin/ HTTP/1.1" 200 653 "-" "Mozilla/5.0 (compatible; AhrefsBot/5.0; +http://ahrefs.com/robot/)"
220.181.108.96 - - [01/Sep/2013:17:05:30 +0200] "GET /dotclear/index.php?post/2009/06/02/83-msi-wmi-support HTTP/1.1" 200 4412 "-" "Mozilla/5.0 (compatible; Baiduspider/2.0; +http://www.baidu.com/search/spider.html)"
202.46.59.46 - - [01/Sep/2013:17:08:06 +0200] "GET / HTTP/1.1" 302 285 "-" "Mozilla/4.0 (compatible; MSIE 7.0; Windows NT 6.0)"
119.63.193.195 - - [01/Sep/2013:17:09:17 +0200] "GET / HTTP/1.1" 302 285 "-" "Mozilla/4.0 (compatible; MSIE 7.0; Windows NT 6.0)"
88.190.254.18 - - [01/Sep/2013:17:10:33 +0200] "GET / HTTP/1.0" 302 285 "-" "-"
5.10.83.51 - - [01/Sep/2013:17:11:02 +0200] "GET /blog/index.php/2005/05/02/post/2011/11/08/post/2011/11/08/... HTTP/1.1" 200 15033 "-" "Mozilla/5.0 (compatible; AhrefsBot/5.0; +http://ahrefs.com/robot/)"
193.252.118.167 - - [01/Sep/2013:17:13:17 +0200] "GET /embeded_linux/embeded_linux_pouiller-3.pdf HTTP/1.1" 200 287822 "-" "Mozilla/5.0 (Windows; U; Windows NT 5.1; fr; rv:1.8.1) VoilaBot BETA 1.2 (support.voilabot@orange-ftgroup.com)"
178.154.203.251 - - [01/Sep/2013:17:13:37 +0200] "GET /dotclear/index.php?archive/2009/11 HTTP/1.1" 200 2914 "-" "Mozilla/5.0 (compatible; YandexBot/3.0; +http://yandex.com/bots)"
65.55.215.82 - - [01/Sep/2013:17:13:57 +0200] "GET /robots.txt HTTP/1.1" 200 368 "-" "msnbot-media/1.1 (+http://search.msn.com/msnbot.htm)"
65.55.215.82 - - [01/Sep/2013:17:13:57 +0200] "GET /yoogoo/img_rap/Finale-img14.png HTTP/1.1" 200 557 "-" "msnbot-media/1.1 (+http://search.msn.com/msnbot.htm)"
208.115.113.90 - - [01/Sep/2013:17:15:08 +0200] "GET /robots.txt HTTP/1.1" 200 305 "-" "Mozilla/5.0 (compatible; Ezooms/1.0; ezooms.bot@gmail.com)"
5.10.83.103 - - [01/Sep/2013:17:15:12 +0200] "GET /dl/kaskpass/kaskpass-0.1/debian/kaskpass/usr/share/?C=S;O=D HTTP/1.1" 200 654 "-" "Mozilla/5.0 (compatible; AhrefsBot/5.0; +http://ahrefs.com/robot/)"
66.249.66.89 - - [01/Sep/2013:17:17:33 +0200] "GET /dotclear/index.php?post/2007/12/30/71-xdmcp-couple-a-un-vpn HTTP/1.1" 200 5923 "-" "Mozilla/5.0 (iPhone; U; CPU iPhone OS 4_1 like Mac OS X; en-us) AppleWebKit/532.9 (KHTML, like Gecko) Version/4.0.5 Mobile/8B117 Safari/6531.22.7 (compatible; Googlebot-Mobile/2.1; +http://www.google.com/bot.html)"
5.10.83.105 - - [01/Sep/2013:17:17:44 +0200] "GET /dl/kaskpass/kaskpass-0.1/doc/ HTTP/1.1" 200 703 "-" "Mozilla/5.0 (compatible; AhrefsBot/5.0; +http://ahrefs.com/robot/)"
66.249.66.176 - - [01/Sep/2013:17:19:38 +0200] "GET / HTTP/1.1" 302 341 "-" "SAMSUNG-SGH-E250/1.0 Profile/MIDP-2.0 Configuration/CLDC-1.1 UP.Browser/6.2.3.3.c.1.101 (GUI) MMP/2.0 (compatible; Googlebot-Mobile/2.1; +http://www.google.com/bot.html)"
66.249.66.176 - - [01/Sep/2013:17:19:39 +0200] "GET /dotclear/index.php HTTP/1.1" 200 15089 "-" "SAMSUNG-SGH-E250/1.0 Profile/MIDP-2.0 Configuration/CLDC-1.1 UP.Browser/6.2.3.3.c.1.101 (GUI) MMP/2.0 (compatible; Googlebot-Mobile/2.1; +http://www.google.com/bot.html)"
5.10.83.103 - - [01/Sep/2013:17:19:49 +0200] "GET /CV/?C=D;O=A HTTP/1.1" 200 830 "-" "Mozilla/5.0 (compatible; AhrefsBot/5.0; +http://ahrefs.com/robot/)"
88.190.254.18 - - [01/Sep/2013:17:20:28 +0200] "GET / HTTP/1.0" 302 285 "-" "-"
202.190.203.223 - - [01/Sep/2013:17:20:39 +0200] "GET /w00tw00t.at.ISC.SANS.Win32:) HTTP/1.1" 400 511 "-" "-"
66.249.66.89 - - [01/Sep/2013:17:21:41 +0200] "GET /training/embeded_linux/plain/Sysmic%20-%20Formation%20Linux%20embarqu%C3%A9-plain-4.pdf HTTP/1.1" 200 310512 "-" "DoCoMo/2.0 N905i(c100;TB;W24H16) (compatible; Googlebot-Mobile/2.1; +http://www.google.com/bot.html)"
123.125.71.107 - - [01/Sep/2013:17:22:18 +0200] "GET / HTTP/1.1" 302 285 "-" "Mozilla/5.0 (compatible; Baiduspider/2.0; +http://www.baidu.com/search/spider.html)"
220.181.108.150 - - [01/Sep/2013:17:22:43 +0200] "GET / HTTP/1.1" 302 285 "-" "Mozilla/5.0 (compatible; Baiduspider/2.0; +http://www.baidu.com/search/spider.html)"
5.10.83.51 - - [01/Sep/2013:17:24:16 +0200] "GET /dl/kwinAltResize/?C=N;O=A HTTP/1.1" 200 1246 "-" "Mozilla/5.0 (compatible; AhrefsBot/5.0; +http://ahrefs.com/robot/)"
88.190.40.138 - - [01/Sep/2013:17:25:40 +0200] "GET /dl/yoogoo/download.php HTTP/1.1" 200 3116 "http://www.sysmic.org/" "Mozilla/5.0 (Windows NT 6.1; WOW64) AppleWebKit/537.36 (KHTML, like Gecko) Chrome/27.0.1453.116 Safari/537.36"
217.195.202.71 - - [01/Sep/2013:17:27:31 +0200] "GET /yoogoo/download.php HTTP/1.1" 200 3116 "http://sysmic.org/" "Mozilla/5.0 (Windows NT 6.1; WOW64) AppleWebKit/537.36 (KHTML, like Gecko) Chrome/27.0.1453.116 Safari/537.36"
88.190.254.18 - - [01/Sep/2013:17:30:28 +0200] "GET / HTTP/1.0" 302 285 "-" "-"
96.44.189.102 - - [01/Sep/2013:17:30:28 +0200] "GET /dotclear/index.php?post/2010/03/24/Convert-keys-betweens-GnuPG%2C-OpenSsh-and-OpenSSL HTTP/1.1" 200 5462 "http://search.yahoo.com/search;_ylt=A0oGdUb0bx9StwsAGh9XNyoA;_ylc=X1MDMjc2NjY3OQRfcgMyBGJjawMzZTJobGtsOTF1a21nJTI2YiUzRDMlMjZzJTNEaTIEY3NyY3B2aWQDa0REM3VVb0dkRWMzQ2pXbFVoOVMwQXlCMkp6VFBGSWZiX1FBQk5OSQRmcgNtb3ozNQRmcjIDc2ItdG9wBGdwcmlkAwRuX3JzbHQDMTAEbl9zdWdnAzAEb3JpZ2luA3NlYXJjaC55YWhvby5jb20EcG9zAzAEcHFzdHIDBHBxc3RybAMEcXN0cmwDMTcEcXVlcnkDZ3BnIG9wZW5zc2wgY2VydHMEdF9zdG1wAzEzNzc3OTIwMjQyNDYEdnRlc3RpZANTTUUyNTU-?p=gpg+openssl+certs&fr2=sb-top&fr=moz35" "Mozilla/5.0 (X11; Linux i686; rv:23.0) Gecko/20100101 Firefox/23.0"
96.44.189.102 - - [01/Sep/2013:17:30:31 +0200] "GET /dotclear/themes/giacomo/style.css HTTP/1.1" 200 3433 "http://sysmic.org/dotclear/index.php?post/2010/03/24/Convert-keys-betweens-GnuPG%2C-OpenSsh-and-OpenSSL" "Mozilla/5.0 (X11; Linux i686; rv:23.0) Gecko/20100101 Firefox/23.0"
96.44.189.102 - - [01/Sep/2013:17:30:31 +0200] "GET /dotclear/themes/default/print.css HTTP/1.1" 200 878 "http://sysmic.org/dotclear/index.php?post/2010/03/24/Convert-keys-betweens-GnuPG%2C-OpenSsh-and-OpenSSL" "Mozilla/5.0 (X11; Linux i686; rv:23.0) Gecko/20100101 Firefox/23.0"
96.44.189.102 - - [01/Sep/2013:17:30:34 +0200] "GET /dotclear/themes/giacomo/custom.css HTTP/1.1" 200 632 "http://sysmic.org/dotclear/themes/giacomo/style.css" "Mozilla/5.0 (X11; Linux i686; rv:23.0) Gecko/20100101 Firefox/23.0"
96.44.189.102 - - [01/Sep/2013:17:30:37 +0200] "GET /dotclear/themes/giacomo/images/zen.jpg HTTP/1.1" 200 5223 "http://sysmic.org/dotclear/themes/giacomo/style.css" "Mozilla/5.0 (X11; Linux i686; rv:23.0) Gecko/20100101 Firefox/23.0"
96.44.189.102 - - [01/Sep/2013:17:30:39 +0200] "GET /dotclear/themes/giacomo/images/ico_comments.png HTTP/1.1" 200 541 "http://sysmic.org/dotclear/themes/giacomo/style.css" "Mozilla/5.0 (X11; Linux i686; rv:23.0) Gecko/20100101 Firefox/23.0"
96.44.189.102 - - [01/Sep/2013:17:30:39 +0200] "GET /dotclear/themes/giacomo/images/fleche.png HTTP/1.1" 200 507 "http://sysmic.org/dotclear/themes/giacomo/style.css" "Mozilla/5.0 (X11; Linux i686; rv:23.0) Gecko/20100101 Firefox/23.0"
96.44.189.102 - - [01/Sep/2013:17:30:39 +0200] "GET /dotclear/themes/giacomo/images/ico_entry.png HTTP/1.1" 200 551 "http://sysmic.org/dotclear/themes/giacomo/style.css" "Mozilla/5.0 (X11; Linux i686; rv:23.0) Gecko/20100101 Firefox/23.0"
94.23.231.137 - - [01/Sep/2013:17:35:21 +0200] "GET /dl/yoogoo/download.php HTTP/1.1" 200 3116 "http://www.sysmic.org/" "Mozilla/5.0 (Windows NT 6.1; WOW64) AppleWebKit/537.36 (KHTML, like Gecko) Chrome/27.0.1453.116 Safari/537.36"
94.23.231.137 - - [01/Sep/2013:17:35:21 +0200] "GET /dl/yoogoo/modules.php?name=Your_Account&op=new_user HTTP/1.1" 200 353 "http://www.sysmic.org/dl/yoogoo/download.php" "Mozilla/5.0 (Windows NT 6.1; WOW64) AppleWebKit/537.36 (KHTML, like Gecko) Chrome/27.0.1453.116 Safari/537.36"
5.10.83.74 - - [01/Sep/2013:17:39:51 +0200] "GET /dl/kwinDCOP/kmenuedit_3.4.3-2_i386.deb HTTP/1.1" 200 82536 "-" "Mozilla/5.0 (compatible; AhrefsBot/5.0; +http://ahrefs.com/robot/)"
66.249.66.173 - - [01/Sep/2013:17:40:33 +0200] "GET /" 400 529 "-" "-"
66.249.66.173 - - [01/Sep/2013:17:40:34 +0200] "GET /" 400 529 "-" "-"
88.190.254.18 - - [01/Sep/2013:17:40:38 +0200] "GET / HTTP/1.0" 302 285 "-" "-"
178.154.203.251 - - [01/Sep/2013:17:45:40 +0200] "GET /dotclear/index.php?archive/2003/09 HTTP/1.1" 200 2775 "-" "Mozilla/5.0 (compatible; YandexBot/3.0; +http://yandex.com/bots)"
94.23.231.137 - - [01/Sep/2013:17:45:49 +0200] "GET /yoogoo/mig.php HTTP/1.1" 200 2826 "http://sysmic.org/" "Mozilla/5.0 (Windows NT 6.1; WOW64) AppleWebKit/537.36 (KHTML, like Gecko) Chrome/27.0.1453.116 Safari/537.36"
94.23.231.137 - - [01/Sep/2013:17:45:49 +0200] "GET /yoogoo/modules.php?name=Your_Account&op=new_user HTTP/1.1" 200 353 "http://sysmic.org/yoogoo/mig.php" "Mozilla/5.0 (Windows NT 6.1; WOW64) AppleWebKit/537.36 (KHTML, like Gecko) Chrome/27.0.1453.116 Safari/537.36"
5.254.132.12 - - [01/Sep/2013:17:47:12 +0200] "GET /dl/yoogoo/docs.php HTTP/1.1" 200 2998 "http://www.sysmic.org/" "Mozilla/5.0 (Windows NT 6.1; WOW64) AppleWebKit/537.36 (KHTML, like Gecko) Chrome/27.0.1453.116 Safari/537.36"
5.254.132.12 - - [01/Sep/2013:17:47:12 +0200] "GET /dl/yoogoo/modules.php?name=Your_Account&op=new_user HTTP/1.1" 200 353 "http://www.sysmic.org/dl/yoogoo/docs.php" "Mozilla/5.0 (Windows NT 6.1; WOW64) AppleWebKit/537.36 (KHTML, like Gecko) Chrome/27.0.1453.116 Safari/537.36"
65.55.215.70 - - [01/Sep/2013:17:47:55 +0200] "GET /robots.txt HTTP/1.1" 200 368 "-" "msnbot-media/1.1 (+http://search.msn.com/msnbot.htm)"
65.55.215.70 - - [01/Sep/2013:17:47:57 +0200] "GET /yoogoo/img_rap/Finale-img12.png HTTP/1.1" 200 457 "-" "msnbot-media/1.1 (+http://search.msn.com/msnbot.htm)"
124.231.215.44 - - [01/Sep/2013:17:50:02 +0200] "GET /dotclear/index.php%3Fpost/2004/03/03/44-learn-esperanto+%22Ajouter+un+commentaire%22+%22Commentaire+:%22+neutral&ct=clnk HTTP/1.1" 300 719 "-" "Mozilla/4.0 (compatible; MSIE 6.0; Windows NT 5.1; SV1; Mozilla/4.0 (compatible; MSIE 6.0; Windows NT 5.1; SV1) ; .NET CLR 1.0.3705)"
124.231.215.44 - - [01/Sep/2013:17:50:02 +0200] "GET /dotclear/index.php?post/2004/03/03/44-learn-esperanto HTTP/1.1" 200 5588 "-" "Mozilla/4.0 (compatible; MSIE 6.0; Windows NT 5.1; SV1)"
124.231.215.44 - - [01/Sep/2013:17:50:02 +0200] "POST /dotclear/index.php?post/2004/03/03/44-learn-esperanto HTTP/1.1" 412 325 "http://www.sysmic.org/dotclear/index.php?post/2004/03/03/44-learn-esperanto" "Mozilla/4.0 (compatible; MSIE 6.0; Windows NT 5.1; SV1; Mozilla/4.0 (compatible; MSIE 6.0; Windows NT 5.1; SV1) ; .NET CLR 1.0.3705)"
82.114.178.164 - - [01/Sep/2013:17:50:10 +0200] "-" 408 0 "-" "-"
88.190.254.18 - - [01/Sep/2013:17:50:27 +0200] "GET / HTTP/1.0" 302 285 "-" "-"
82.114.178.164 - - [01/Sep/2013:17:50:32 +0200] "-" 408 0 "-" "-"
82.114.178.164 - - [01/Sep/2013:17:50:34 +0200] "-" 408 0 "-" "-"
89.217.35.9 - - [01/Sep/2013:17:56:13 +0200] "-" 408 0 "-" "-"
89.217.35.9 - - [01/Sep/2013:17:56:39 +0200] "-" 408 0 "-" "-"
59.57.14.107 - - [01/Sep/2013:17:59:19 +0200] "GET /dotclear/index.php?post/2004/03/03/44-learn-esperanto HTTP/1.0" 200 14683 "http://www.sysmic.org/dotclear/index.php?post/2004/03/03/44-learn-esperanto" "Mozilla/4.0 (compatible; MSIE 8.0; Windows NT 5.1; Trident/4.0; .NET CLR 2.0.50727; .NET CLR 3.0.4506.2152; .NET CLR 3.5.30729)"
59.57.14.107 - - [01/Sep/2013:17:59:21 +0200] "POST /dotclear/index.php?post/2004/03/03/44-learn-esperanto HTTP/1.0" 412 281 "http://www.sysmic.org/dotclear/index.php?post/2004/03/03/44-learn-esperanto" "Mozilla/4.0 (compatible; MSIE 8.0; Windows NT 5.1; Trident/4.0; .NET CLR 2.0.50727; .NET CLR 3.0.4506.2152; .NET CLR 3.5.30729)"
37.201.187.187 - - [01/Sep/2013:17:59:43 +0200] "GET /favicon.ico HTTP/1.1" 200 7702 "-" "Mozilla/5.0 (Windows NT 6.1; WOW64; rv:17.0) Gecko/20100101 Firefox/17.0"
88.190.254.18 - - [01/Sep/2013:18:00:31 +0200] "GET / HTTP/1.0" 302 285 "-" "-"
5.10.83.74 - - [01/Sep/2013:18:03:18 +0200] "GET /dl/yoogoo/docs.php HTTP/1.1" 200 2942 "-" "Mozilla/5.0 (compatible; AhrefsBot/5.0; +http://ahrefs.com/robot/)"
37.187.72.144 - - [01/Sep/2013:18:04:02 +0200] "GET /yoogoo/mig.php HTTP/1.1" 200 2826 "http://sysmic.org/" "Mozilla/5.0 (Windows NT 6.1; WOW64) AppleWebKit/537.36 (KHTML, like Gecko) Chrome/27.0.1453.116 Safari/537.36"
37.187.72.144 - - [01/Sep/2013:18:04:02 +0200] "GET /yoogoo/modules.php?name=Your_Account&op=new_user HTTP/1.1" 200 353 "http://sysmic.org/yoogoo/mig.php" "Mozilla/5.0 (Windows NT 6.1; WOW64) AppleWebKit/537.36 (KHTML, like Gecko) Chrome/27.0.1453.116 Safari/537.36"
176.36.95.134 - - [01/Sep/2013:18:05:19 +0200] "GET /dotclear/index.php?post/2005/12/26/45-invalid-lvalue-in-increment HTTP/1.0" 200 13789 "http://www.sysmic.org/dotclear/index.php?post/2005/12/26/45-invalid-lvalue-in-increment" "Mozilla/5.0 (Windows NT 5.1) AppleWebKit/537.4 (KHTML, like Gecko) Chrome/22.0.1229.94 Safari/537.4"
176.36.95.134 - - [01/Sep/2013:18:05:20 +0200] "POST /dotclear/index.php?post/2005/12/26/45-invalid-lvalue-in-increment HTTP/1.0" 412 281 "http://www.sysmic.org/dotclear/index.php?post/2005/12/26/45-invalid-lvalue-in-increment" "Mozilla/5.0 (Windows NT 5.1) AppleWebKit/537.4 (KHTML, like Gecko) Chrome/22.0.1229.94 Safari/537.4"
176.36.95.134 - - [01/Sep/2013:18:05:21 +0200] "GET /dotclear/index.php?post/2005/12/26/45-invalid-lvalue-in-increment HTTP/1.0" 200 13831 "http://www.sysmic.org/dotclear/index.php?post/2005/12/26/45-invalid-lvalue-in-increment" "Mozilla/5.0 (Windows NT 5.1) AppleWebKit/537.4 (KHTML, like Gecko) Chrome/22.0.1229.94 Safari/537.4"
5.10.83.105 - - [01/Sep/2013:18:05:40 +0200] "GET /blog/index.php/2005/05/02/post/2011/11/08/post/2011/11/08/post/2011/11/08/post/2011/11/08/post/2011/11/08/post/2011/11/08/post/2011/11/08/post/2011/11/08/post/2011/11/08/post/2011/11/08/post/2011/11/08/post/2011/11/08/post/2011/11/08/post/2011/11/08/post/2011/11/08/post/2011/11/08/post/2011/11/08/post/2011/11/08/Cours-de-temps-r%C3%A9el HTTP/1.1" 200 15033 "-" "Mozilla/5.0 (compatible; AhrefsBot/5.0; +http://ahrefs.com/robot/)"
198.50.155.155 - - [01/Sep/2013:18:06:35 +0200] "GET /dotclear/index.php?post/2013/01/11/How-to-unbinize-an-UBI-image HTTP/1.1" 200 5291 "-" "Mozilla/5.0 (Windows NT 6.1; WOW64) AppleWebKit/537.36 (KHTML, like Gecko) Chrome/27.0.1453.116 Safari/537.36"
88.190.254.18 - - [01/Sep/2013:18:10:28 +0200] "GET / HTTP/1.0" 302 285 "-" "-"
5.10.83.27 - - [01/Sep/2013:18:11:36 +0200] "GET /CV/ooffice/CV-fr.odt HTTP/1.1" 200 63807 "-" "Mozilla/5.0 (compatible; AhrefsBot/5.0; +http://ahrefs.com/robot/)"
66.249.66.176 - - [01/Sep/2013:18:16:52 +0200] "GET /ifb/jerome.pouiller@sysmic.fr.ifb HTTP/1.1" 200 1679 "-" "Mozilla/5.0 (compatible; Googlebot/2.1; +http://www.google.com/bot.html)"
81.52.143.34 - - [01/Sep/2013:18:17:33 +0200] "GET /robots.txt HTTP/1.1" 200 368 "-" "Mozilla/5.0 (Windows; U; Windows NT 5.1; fr; rv:1.8.1) VoilaBot BETA 1.2 (support.voilabot@orange-ftgroup.com)"
81.52.143.34 - - [01/Sep/2013:18:17:40 +0200] "GET /dotclear/index.php?post/2010/04/16/Connect-to-Bluetooth-Access-Point-using-Bluez-framework HTTP/1.1" 200 4097 "-" "Mozilla/5.0 (Windows; U; Windows NT 5.1; fr; rv:1.8.1) VoilaBot BETA 1.2 (support.voilabot@orange-ftgroup.com)"
178.154.203.251 - - [01/Sep/2013:18:17:43 +0200] "GET /dotclear/index.php?archive/2006/02 HTTP/1.1" 200 2958 "-" "Mozilla/5.0 (compatible; YandexBot/3.0; +http://yandex.com/bots)"
88.190.254.18 - - [01/Sep/2013:18:20:27 +0200] "GET / HTTP/1.0" 302 285 "-" "-"
208.115.113.90 - - [01/Sep/2013:18:21:18 +0200] "GET /dotclear/index.php?post/2011/11/08/Cours-de-temps-r%C3%A9el HTTP/1.1" 200 12224 "-" "Mozilla/5.0 (compatible; Ezooms/1.0; ezooms.bot@gmail.com)"
5.10.83.30 - - [01/Sep/2013:18:21:26 +0200] "GET /CV/latex/CV-en.tex HTTP/1.1" 200 16584 "-" "Mozilla/5.0 (compatible; AhrefsBot/5.0; +http://ahrefs.com/robot/)"
91.200.13.43 - - [01/Sep/2013:18:22:00 +0200] "GET /dotclear/index.php?post/2005/12/26/45-invalid-lvalue-in-increment HTTP/1.0" 200 13838 "http://www.sysmic.org/dotclear/index.php?post/2005/12/26/45-invalid-lvalue-in-increment" "Opera/9.80 (Windows NT 5.1; U; ru) Presto/2.10.289 Version/12.02"
91.200.13.43 - - [01/Sep/2013:18:22:01 +0200] "POST /dotclear/index.php?post/2005/12/26/45-invalid-lvalue-in-increment HTTP/1.0" 412 281 "http://www.sysmic.org/dotclear/index.php?post/2005/12/26/45-invalid-lvalue-in-increment" "Opera/9.80 (Windows NT 5.1; U; ru) Presto/2.10.289 Version/12.02"
24.253.56.7 - - [01/Sep/2013:18:27:08 +0200] "GET /dotclear/index.php?post/2010/03/24/Convert-keys-betweens-GnuPG%2C-OpenSsh-and-OpenSSL HTTP/1.1" 200 5466 "https://www.google.com/" "Mozilla/5.0 (Macintosh; Intel Mac OS X 10_8_4) AppleWebKit/535.19 (KHTML, like Gecko) Chrome/180.1.1025.40 Safari/535.19"
24.253.56.7 - - [01/Sep/2013:18:27:08 +0200] "GET /dotclear/themes/default/print.css HTTP/1.1" 200 878 "http://www.sysmic.org/dotclear/index.php?post/2010/03/24/Convert-keys-betweens-GnuPG%2C-OpenSsh-and-OpenSSL" "Mozilla/5.0 (Macintosh; Intel Mac OS X 10_8_4) AppleWebKit/535.19 (KHTML, like Gecko) Chrome/180.1.1025.40 Safari/535.19"
24.253.56.7 - - [01/Sep/2013:18:27:08 +0200] "GET /dotclear/themes/giacomo/style.css HTTP/1.1" 200 3433 "http://www.sysmic.org/dotclear/index.php?post/2010/03/24/Convert-keys-betweens-GnuPG%2C-OpenSsh-and-OpenSSL" "Mozilla/5.0 (Macintosh; Intel Mac OS X 10_8_4) AppleWebKit/535.19 (KHTML, like Gecko) Chrome/180.1.1025.40 Safari/535.19"
24.253.56.7 - - [01/Sep/2013:18:27:08 +0200] "GET /dotclear/themes/default/js/jquery.cookie.js HTTP/1.1" 200 821 "http://www.sysmic.org/dotclear/index.php?post/2010/03/24/Convert-keys-betweens-GnuPG%2C-OpenSsh-and-OpenSSL" "Mozilla/5.0 (Macintosh; Intel Mac OS X 10_8_4) AppleWebKit/535.19 (KHTML, like Gecko) Chrome/180.1.1025.40 Safari/535.19"
