119.63.193.132 - - [01/Sep/2013:07:05:24 +0200] "GET / HTTP/1.1" 302 285 "-" "Mozilla/4.0 (compatible; MSIE 7.0; Windows NT 6.0)"
5.10.83.43 - - [01/Sep/2013:07:05:27 +0200] "GET /dl/kaskpass/kaskpass-0.1/doc/kaskpass.desktop HTTP/1.1" 200 352 "-" "Mozilla/5.0 (compatible; AhrefsBot/5.0; +http://ahrefs.com/robot/)"
88.190.254.18 - - [01/Sep/2013:07:10:19 +0200] "GET / HTTP/1.0" 302 285 "-" "-"
5.10.83.43 - - [01/Sep/2013:07:11:02 +0200] "GET /dl/kblogger/kblogger_0.6.2-1_i386.deb HTTP/1.1" 200 39096 "-" "Mozilla/5.0 (compatible; AhrefsBot/5.0; +http://ahrefs.com/robot/)"
91.200.13.20 - - [01/Sep/2013:07:12:39 +0200] "GET /dotclear/index.php?post/2005/12/26/45-invalid-lvalue-in-increment HTTP/1.0" 200 13838 "http://www.sysmic.org/dotclear/index.php?post/2005/12/26/45-invalid-lvalue-in-increment" "Mozilla/5.0 (Windows NT 6.1; rv:9.0.1) Gecko/20100101 Firefox/9.0.1"
91.200.13.20 - - [01/Sep/2013:07:12:40 +0200] "POST /dotclear/index.php?post/2005/12/26/45-invalid-lvalue-in-increment HTTP/1.0" 412 281 "http://www.sysmic.org/dotclear/index.php?post/2005/12/26/45-invalid-lvalue-in-increment" "Mozilla/5.0 (Windows NT 6.1; rv:9.0.1) Gecko/20100101 Firefox/9.0.1"
213.186.127.3 - - [01/Sep/2013:07:17:44 +0200] "GET /dotclear/index.php?feed/atom HTTP/1.1" 200 49276 "-" "AhrefsBot.Feeds v0.1; http://ahrefs.com/"
175.42.90.158 - - [01/Sep/2013:07:19:49 +0200] "GET /dotclear/index.php?post/2010/03/24/Convert-keys-betweens-GnuPG,-OpenSsh-and-OpenSSL HTTP/1.1" 200 5482 "-" "Mozilla/4.0 (compatible; MSIE 6.0; Windows NT 5.1; SV1; Mozilla/4.0 (compatible; MSIE 6.0; Windows NT 5.1; SV1) ; .NET CLR 1.0.3705)"
175.42.90.158 - - [01/Sep/2013:07:19:50 +0200] "POST /dotclear/index.php?post/2010/03/24/Convert-keys-betweens-GnuPG,-OpenSsh-and-OpenSSL HTTP/1.1" 412 325 "http://www.sysmic.org/dotclear/index.php?post/2010/03/24/Convert-keys-betweens-GnuPG,-OpenSsh-and-OpenSSL" "Mozilla/4.0 (compatible; MSIE 6.0; Windows NT 5.1; SV1; Mozilla/4.0 (compatible; MSIE 6.0; Windows NT 5.1; SV1) )"
88.190.254.18 - - [01/Sep/2013:07:20:18 +0200] "GET / HTTP/1.0" 302 285 "-" "-"
50.0.108.13 - - [01/Sep/2013:07:26:09 +0200] "GET /dotclear/index.php?post/2013/01/11/How-to-unbinize-an-UBI-image HTTP/1.1" 200 5269 "-" "Mozilla/5.0 (X11; U; Linux i686; en-US; rv:1.9.2.18) Gecko/20110628 Ubuntu/10.04 (lucid) Firefox/3.6.18"
50.0.108.13 - - [01/Sep/2013:07:26:09 +0200] "GET /dotclear/themes/giacomo/style.css HTTP/1.1" 200 3433 "http://sysmic.org/dotclear/index.php?post/2013/01/11/How-to-unbinize-an-UBI-image" "Mozilla/5.0 (X11; U; Linux i686; en-US; rv:1.9.2.18) Gecko/20110628 Ubuntu/10.04 (lucid) Firefox/3.6.18"
50.0.108.13 - - [01/Sep/2013:07:26:09 +0200] "GET /dotclear/themes/default/print.css HTTP/1.1" 200 878 "http://sysmic.org/dotclear/index.php?post/2013/01/11/How-to-unbinize-an-UBI-image" "Mozilla/5.0 (X11; U; Linux i686; en-US; rv:1.9.2.18) Gecko/20110628 Ubuntu/10.04 (lucid) Firefox/3.6.18"
50.0.108.13 - - [01/Sep/2013:07:26:09 +0200] "GET /dotclear/themes/default/js/jquery.cookie.js HTTP/1.1" 200 821 "http://sysmic.org/dotclear/index.php?post/2013/01/11/How-to-unbinize-an-UBI-image" "Mozilla/5.0 (X11; U; Linux i686; en-US; rv:1.9.2.18) Gecko/20110628 Ubuntu/10.04 (lucid) Firefox/3.6.18"
50.0.108.13 - - [01/Sep/2013:07:26:09 +0200] "GET /dotclear/themes/default/js/post.js HTTP/1.1" 200 880 "http://sysmic.org/dotclear/index.php?post/2013/01/11/How-to-unbinize-an-UBI-image" "Mozilla/5.0 (X11; U; Linux i686; en-US; rv:1.9.2.18) Gecko/20110628 Ubuntu/10.04 (lucid) Firefox/3.6.18"
50.0.108.13 - - [01/Sep/2013:07:26:09 +0200] "GET /awstats_misc_tracker.js HTTP/1.1" 200 3029 "http://sysmic.org/dotclear/index.php?post/2013/01/11/How-to-unbinize-an-UBI-image" "Mozilla/5.0 (X11; U; Linux i686; en-US; rv:1.9.2.18) Gecko/20110628 Ubuntu/10.04 (lucid) Firefox/3.6.18"
50.0.108.13 - - [01/Sep/2013:07:26:09 +0200] "GET /dotclear/themes/giacomo/custom.css HTTP/1.1" 200 632 "http://sysmic.org/dotclear/themes/giacomo/style.css" "Mozilla/5.0 (X11; U; Linux i686; en-US; rv:1.9.2.18) Gecko/20110628 Ubuntu/10.04 (lucid) Firefox/3.6.18"
50.0.108.13 - - [01/Sep/2013:07:26:09 +0200] "GET /dotclear/themes/default/js/jquery.js HTTP/1.1" 200 28399 "http://sysmic.org/dotclear/index.php?post/2013/01/11/How-to-unbinize-an-UBI-image" "Mozilla/5.0 (X11; U; Linux i686; en-US; rv:1.9.2.18) Gecko/20110628 Ubuntu/10.04 (lucid) Firefox/3.6.18"
50.0.108.13 - - [01/Sep/2013:07:26:10 +0200] "GET /dotclear/themes/giacomo/images/zen.jpg HTTP/1.1" 200 5223 "http://sysmic.org/dotclear/themes/giacomo/style.css" "Mozilla/5.0 (X11; U; Linux i686; en-US; rv:1.9.2.18) Gecko/20110628 Ubuntu/10.04 (lucid) Firefox/3.6.18"
50.0.108.13 - - [01/Sep/2013:07:26:10 +0200] "GET /dotclear/themes/giacomo/images/ico_entry.png HTTP/1.1" 200 550 "http://sysmic.org/dotclear/themes/giacomo/style.css" "Mozilla/5.0 (X11; U; Linux i686; en-US; rv:1.9.2.18) Gecko/20110628 Ubuntu/10.04 (lucid) Firefox/3.6.18"
50.0.108.13 - - [01/Sep/2013:07:26:10 +0200] "GET /dotclear/themes/giacomo/images/ul.gif HTTP/1.1" 200 1124 "http://sysmic.org/dotclear/themes/giacomo/style.css" "Mozilla/5.0 (X11; U; Linux i686; en-US; rv:1.9.2.18) Gecko/20110628 Ubuntu/10.04 (lucid) Firefox/3.6.18"
50.0.108.13 - - [01/Sep/2013:07:26:10 +0200] "GET /dotclear/themes/giacomo/images/ico_comments.png HTTP/1.1" 200 541 "http://sysmic.org/dotclear/themes/giacomo/style.css" "Mozilla/5.0 (X11; U; Linux i686; en-US; rv:1.9.2.18) Gecko/20110628 Ubuntu/10.04 (lucid) Firefox/3.6.18"
50.0.108.13 - - [01/Sep/2013:07:26:10 +0200] "GET /dotclear/themes/giacomo/images/fleche.png HTTP/1.1" 200 506 "http://sysmic.org/dotclear/themes/giacomo/style.css" "Mozilla/5.0 (X11; U; Linux i686; en-US; rv:1.9.2.18) Gecko/20110628 Ubuntu/10.04 (lucid) Firefox/3.6.18"
50.0.108.13 - - [01/Sep/2013:07:26:10 +0200] "GET /favicon.ico HTTP/1.1" 200 7702 "-" "Mozilla/5.0 (X11; U; Linux i686; en-US; rv:1.9.2.18) Gecko/20110628 Ubuntu/10.04 (lucid) Firefox/3.6.18"
91.200.13.43 - - [01/Sep/2013:07:30:02 +0200] "GET /dotclear/index.php?post/2005/12/26/45-invalid-lvalue-in-increment HTTP/1.0" 200 13788 "http://www.sysmic.org/dotclear/index.php?post/2005/12/26/45-invalid-lvalue-in-increment" "Mozilla/5.0 (Windows NT 5.1; rv:13.0) Gecko/20100101 Firefox/13.0"
91.200.13.43 - - [01/Sep/2013:07:30:02 +0200] "POST /dotclear/index.php?post/2005/12/26/45-invalid-lvalue-in-increment HTTP/1.0" 412 281 "http://www.sysmic.org/dotclear/index.php?post/2005/12/26/45-invalid-lvalue-in-increment" "Mozilla/5.0 (Windows NT 5.1; rv:13.0) Gecko/20100101 Firefox/13.0"
220.181.108.84 - - [01/Sep/2013:07:30:11 +0200] "GET /dotclear/themes/default/js/jquery.cookie.js HTTP/1.1" 200 784 "-" "Mozilla/5.0 (compatible; Baiduspider/2.0; +http://www.baidu.com/search/spider.html)"
88.190.254.18 - - [01/Sep/2013:07:30:19 +0200] "GET / HTTP/1.0" 302 285 "-" "-"
5.10.83.103 - - [01/Sep/2013:07:30:25 +0200] "GET /dotclear2/index.php?post/2006/06/30/70-documentation-sur-le-developpement-de-systemes-embarques HTTP/1.1" 301 647 "-" "Mozilla/5.0 (compatible; AhrefsBot/5.0; +http://ahrefs.com/robot/)"
5.10.83.105 - - [01/Sep/2013:07:31:42 +0200] "GET /dl/kaskpass/kaskpass-0.1/debian/kaskpass/usr/bin/?C=D;O=D HTTP/1.1" 200 664 "-" "Mozilla/5.0 (compatible; AhrefsBot/5.0; +http://ahrefs.com/robot/)"
5.10.83.105 - - [01/Sep/2013:07:34:01 +0200] "GET /dotclear/index.php?feed/atom/comments/22 HTTP/1.1" 200 1091 "-" "Mozilla/5.0 (compatible; AhrefsBot/5.0; +http://ahrefs.com/robot/)"
88.190.254.18 - - [01/Sep/2013:07:40:19 +0200] "GET / HTTP/1.0" 302 285 "-" "-"
5.10.83.103 - - [01/Sep/2013:07:40:34 +0200] "GET /dl/yoogoo/links.php?op=viewlink&cid=4&orderby=titleD HTTP/1.1" 200 3234 "-" "Mozilla/5.0 (compatible; AhrefsBot/5.0; +http://ahrefs.com/robot/)"
178.255.215.89 - - [01/Sep/2013:07:40:39 +0200] "GET /photos/ratepic.php?pic=12350&rate=0 HTTP/1.1" 401 629 "-" "Mozilla/5.0 (compatible; Exabot/3.0 (BiggerBetter); +http://www.exabot.com/go/robot)"
66.249.66.82 - - [01/Sep/2013:07:45:50 +0200] "GET / HTTP/1.1" 302 4222 "-" "Mozilla/5.0 (compatible; Googlebot/2.1; +http://www.google.com/bot.html)"
66.249.66.82 - - [01/Sep/2013:07:45:51 +0200] "GET /dotclear/index.php HTTP/1.1" 200 18995 "-" "Mozilla/5.0 (compatible; Googlebot/2.1; +http://www.google.com/bot.html)"
5.10.83.27 - - [01/Sep/2013:07:46:27 +0200] "GET /dl/kwinDCOP/?C=D;O=D HTTP/1.1" 200 1315 "-" "Mozilla/5.0 (compatible; AhrefsBot/5.0; +http://ahrefs.com/robot/)"
88.190.254.18 - - [01/Sep/2013:07:50:29 +0200] "GET / HTTP/1.0" 302 285 "-" "-"
66.249.66.82 - - [01/Sep/2013:07:52:12 +0200] "GET /dotclear/themes/giacomo/style.css HTTP/1.1" 200 7315 "-" "Mozilla/5.0 (compatible; Googlebot/2.1; +http://www.google.com/bot.html)"
198.143.144.75 - - [01/Sep/2013:07:54:26 +0200] "GET /yoogoo/mig.php HTTP/1.0" 200 2826 "http://sysmic.org/" "Mozilla/5.0 (Windows NT 6.1; WOW64) AppleWebKit/537.36 (KHTML, like Gecko) Chrome/28.0.1500.52 Safari/537.36"
198.143.144.75 - - [01/Sep/2013:07:54:27 +0200] "GET /yoogoo/modules.php?name=Your_Account&op=new_user HTTP/1.0" 200 353 "http://sysmic.org/yoogoo/mig.php" "Mozilla/5.0 (Windows NT 6.1; WOW64) AppleWebKit/537.36 (KHTML, like Gecko) Chrome/28.0.1500.52 Safari/537.36"
65.55.55.229 - - [01/Sep/2013:07:58:41 +0200] "GET /robots.txt HTTP/1.1" 200 361 "-" "Mozilla/5.0 (compatible; bingbot/2.0; +http://www.bing.com/bingbot.htm)"
65.55.55.229 - - [01/Sep/2013:08:00:02 +0200] "GET / HTTP/1.1" 302 341 "-" "Mozilla/5.0 (compatible; bingbot/2.0; +http://www.bing.com/bingbot.htm)"
88.190.254.18 - - [01/Sep/2013:08:00:27 +0200] "GET / HTTP/1.0" 302 285 "-" "-"
5.10.83.43 - - [01/Sep/2013:08:01:08 +0200] "GET /dl/yoogoo/mig.php?pageType=folder&currDir=./2002.01.24%20Election%20BDE HTTP/1.1" 200 2770 "-" "Mozilla/5.0 (compatible; AhrefsBot/5.0; +http://ahrefs.com/robot/)"
95.130.12.26 - - [01/Sep/2013:08:02:04 +0200] "GET /dotclear/index.php?feed/atom HTTP/1.1" 200 49295 "-" "rss2email/2.65 +http://www.aaronsw.com/2002/rss2email/"
5.10.83.43 - - [01/Sep/2013:08:09:12 +0200] "GET /dl/linux-2.6.28.10-eb8541/linux-2.6.28.10-eb8541-090722.tar.bz2 HTTP/1.1" 200 19535 "-" "Mozilla/5.0 (compatible; AhrefsBot/5.0; +http://ahrefs.com/robot/)"
88.190.254.18 - - [01/Sep/2013:08:10:19 +0200] "GET / HTTP/1.0" 302 285 "-" "-"
82.66.124.77 - - [01/Sep/2013:08:15:44 +0200] "GET /training/embeded_linux/plain/Sysmic%20-%20Formation%20Linux%20embarqu%C3%A9-plain-1.pdf HTTP/1.1" 200 62780 "https://www.google.fr/" "Mozilla/5.0 (Windows NT 6.0) AppleWebKit/537.36 (KHTML, like Gecko) Chrome/29.0.1547.62 Safari/537.36"
82.66.124.77 - - [01/Sep/2013:08:15:45 +0200] "GET /training/embeded_linux/plain/Sysmic%20-%20Formation%20Linux%20embarqu%C3%A9-plain-1.pdf HTTP/1.1" 206 33120 "http://www.sysmic.org/training/embeded_linux/plain/Sysmic%20-%20Formation%20Linux%20embarqu%C3%A9-plain-1.pdf" "Mozilla/5.0 (Windows NT 6.0) AppleWebKit/537.36 (KHTML, like Gecko) Chrome/29.0.1547.62 Safari/537.36"
82.66.124.77 - - [01/Sep/2013:08:15:45 +0200] "GET /favicon.ico HTTP/1.1" 200 7702 "-" "Mozilla/5.0 (Windows NT 6.0) AppleWebKit/537.36 (KHTML, like Gecko) Chrome/29.0.1547.62 Safari/537.36"
82.66.124.77 - - [01/Sep/2013:08:15:45 +0200] "GET /training/embeded_linux/plain/Sysmic%20-%20Formation%20Linux%20embarqu%C3%A9-plain-1.pdf HTTP/1.1" 206 418513 "http://www.sysmic.org/training/embeded_linux/plain/Sysmic%20-%20Formation%20Linux%20embarqu%C3%A9-plain-1.pdf" "Mozilla/5.0 (Windows NT 6.0) AppleWebKit/537.36 (KHTML, like Gecko) Chrome/29.0.1547.62 Safari/537.36"
81.52.143.32 - - [01/Sep/2013:08:19:49 +0200] "GET /dotclear/index.php?post/2010/03/10/Le-plus-court-chemin...-en-avion HTTP/1.1" 200 4264 "-" "Mozilla/5.0 (Windows; U; Windows NT 5.1; fr; rv:1.8.1) VoilaBot BETA 1.2 (support.voilabot@orange-ftgroup.com)"
66.249.66.87 - - [01/Sep/2013:08:20:07 +0200] "GET /" 400 529 "-" "-"
66.249.66.87 - - [01/Sep/2013:08:20:07 +0200] "GET /" 400 529 "-" "-"
88.190.254.18 - - [01/Sep/2013:08:20:28 +0200] "GET / HTTP/1.0" 302 285 "-" "-"
66.249.66.82 - - [01/Sep/2013:08:20:42 +0200] "GET /dotclear/index.php?post/2003/09/09/39-les-first-jeudis HTTP/1.1" 200 8234 "-" "Mozilla/5.0 (iPhone; U; CPU iPhone OS 4_1 like Mac OS X; en-us) AppleWebKit/532.9 (KHTML, like Gecko) Version/4.0.5 Mobile/8B117 Safari/6531.22.7 (compatible; Googlebot-Mobile/2.1; +http://www.google.com/bot.html)"
66.249.66.89 - - [01/Sep/2013:08:21:23 +0200] "GET /dotclear/themes/default/print.css HTTP/1.1" 200 878 "-" "Mozilla/5.0 (compatible; Googlebot/2.1; +http://www.google.com/bot.html)"
220.181.108.163 - - [01/Sep/2013:08:22:57 +0200] "GET / HTTP/1.1" 302 285 "-" "Mozilla/5.0 (compatible; Baiduspider/2.0; +http://www.baidu.com/search/spider.html)"
123.125.71.89 - - [01/Sep/2013:08:24:23 +0200] "GET / HTTP/1.1" 302 285 "-" "Mozilla/5.0 (compatible; Baiduspider/2.0; +http://www.baidu.com/search/spider.html)"
178.255.215.89 - - [01/Sep/2013:08:27:48 +0200] "GET /photos/ratepic.php?pic=12398&rate=4 HTTP/1.1" 401 629 "-" "Mozilla/5.0 (compatible; Exabot/3.0 (BiggerBetter); +http://www.exabot.com/go/robot)"
88.190.254.18 - - [01/Sep/2013:08:30:20 +0200] "GET / HTTP/1.0" 302 285 "-" "-"
183.60.214.118 - - [01/Sep/2013:08:33:25 +0200] "GET /robots.txt HTTP/1.1" 200 368 "-" "Mozilla/5.0 (compatible; EasouSpider; +http://www.easou.com/search/spider.html)"
183.60.212.183 - - [01/Sep/2013:08:35:20 +0200] "GET /dotclear/index.php?post/2010/03/24/Convert-keys-betweens-GnuPG,-OpenSsh-and-OpenSSL HTTP/1.1" 200 5426 "-" "Mozilla/5.0 (compatible; EasouSpider; +http://www.easou.com/search/spider.html)"
2a02:6b8:0:401:222:4dff:fe55:d193 - - [01/Sep/2013:08:35:49 +0200] "GET /favicon.ico HTTP/1.1" 200 7703 "http://www.sysmic.org/dotclear/index.php?post/2010/03/24/Convert-keys-betweens-GnuPG%2C-OpenSsh-and-OpenSSL" "Opera/9.80 (X11; Linux x86_64) Presto/2.12.388 Version/12.16"
2a02:6b8:0:401:222:4dff:fe55:d193 - - [01/Sep/2013:08:35:50 +0200] "GET /dotclear/themes/giacomo/images/ico_entry.png HTTP/1.1" 200 551 "http://www.sysmic.org/dotclear/index.php?post/2010/03/24/Convert-keys-betweens-GnuPG%2C-OpenSsh-and-OpenSSL" "Opera/9.80 (X11; Linux x86_64) Presto/2.12.388 Version/12.16"
2a02:6b8:0:401:222:4dff:fe55:d193 - - [01/Sep/2013:08:35:50 +0200] "GET /dotclear/themes/giacomo/images/zen.jpg HTTP/1.1" 200 5224 "http://www.sysmic.org/dotclear/index.php?post/2010/03/24/Convert-keys-betweens-GnuPG%2C-OpenSsh-and-OpenSSL" "Opera/9.80 (X11; Linux x86_64) Presto/2.12.388 Version/12.16"
2a02:6b8:0:401:222:4dff:fe55:d193 - - [01/Sep/2013:08:35:50 +0200] "GET /dotclear/themes/giacomo/images/fleche.png HTTP/1.1" 200 507 "http://www.sysmic.org/dotclear/index.php?post/2010/03/24/Convert-keys-betweens-GnuPG%2C-OpenSsh-and-OpenSSL" "Opera/9.80 (X11; Linux x86_64) Presto/2.12.388 Version/12.16"
2a02:6b8:0:401:222:4dff:fe55:d193 - - [01/Sep/2013:08:35:50 +0200] "GET /dotclear/themes/giacomo/images/ico_comments.png HTTP/1.1" 200 542 "http://www.sysmic.org/dotclear/index.php?post/2010/03/24/Convert-keys-betweens-GnuPG%2C-OpenSsh-and-OpenSSL" "Opera/9.80 (X11; Linux x86_64) Presto/2.12.388 Version/12.16"
204.107.128.48 - - [01/Sep/2013:08:38:02 +0200] "GET /robots.txt HTTP/1.0" 200 324 "-" "Mozilla/5.0 (compatible; MJ12bot/v1.4.4; http://www.majestic12.co.uk/bot.php?+)"
204.107.128.48 - - [01/Sep/2013:08:38:04 +0200] "GET /yoogoo/download.php?op=viewdownload&cid=1 HTTP/1.0" 200 3079 "-" "Mozilla/5.0 (compatible; MJ12bot/v1.4.4; http://www.majestic12.co.uk/bot.php?+)"
204.107.128.48 - - [01/Sep/2013:08:38:06 +0200] "GET /yoogoo/download.php?op=viewdownload&cid=2 HTTP/1.0" 200 3079 "-" "Mozilla/5.0 (compatible; MJ12bot/v1.4.4; http://www.majestic12.co.uk/bot.php?+)"
204.107.128.48 - - [01/Sep/2013:08:38:07 +0200] "GET /yoogoo/download.php?op=viewdownload&cid=3 HTTP/1.0" 200 3079 "-" "Mozilla/5.0 (compatible; MJ12bot/v1.4.4; http://www.majestic12.co.uk/bot.php?+)"
204.107.128.48 - - [01/Sep/2013:08:38:09 +0200] "GET /yoogoo/download.php?op=viewdownload&cid=4 HTTP/1.0" 200 3079 "-" "Mozilla/5.0 (compatible; MJ12bot/v1.4.4; http://www.majestic12.co.uk/bot.php?+)"
204.107.128.48 - - [01/Sep/2013:08:38:10 +0200] "GET /yoogoo/download.php?op=viewdownload&cid=5 HTTP/1.0" 200 3079 "-" "Mozilla/5.0 (compatible; MJ12bot/v1.4.4; http://www.majestic12.co.uk/bot.php?+)"
204.107.128.48 - - [01/Sep/2013:08:38:11 +0200] "GET /robots.txt HTTP/1.0" 200 324 "-" "Mozilla/5.0 (compatible; MJ12bot/v1.4.4; http://www.majestic12.co.uk/bot.php?+)"
204.107.128.48 - - [01/Sep/2013:08:38:13 +0200] "GET /dl/kaskpass/kaskpass-0.1/debian HTTP/1.0" 301 563 "-" "Mozilla/5.0 (compatible; MJ12bot/v1.4.4; http://www.majestic12.co.uk/bot.php?+)"
204.107.128.48 - - [01/Sep/2013:08:38:14 +0200] "GET /dl/kaskpass/kaskpass-0.1/debian/ HTTP/1.0" 200 798 "-" "Mozilla/5.0 (compatible; MJ12bot/v1.4.4; http://www.majestic12.co.uk/bot.php?+)"
204.107.128.48 - - [01/Sep/2013:08:38:16 +0200] "GET /dl/kaskpass/kaskpass-0.1/debian/kaskpass/usr/share/doc/?C=N;O=A HTTP/1.0" 200 680 "-" "Mozilla/5.0 (compatible; MJ12bot/v1.4.4; http://www.majestic12.co.uk/bot.php?+)"
204.107.128.48 - - [01/Sep/2013:08:38:18 +0200] "GET /dl/kaskpass/kaskpass-0.1/debian/kaskpass/usr/share/doc/kaskpass HTTP/1.0" 301 606 "-" "Mozilla/5.0 (compatible; MJ12bot/v1.4.4; http://www.majestic12.co.uk/bot.php?+)"
204.107.128.48 - - [01/Sep/2013:08:38:21 +0200] "GET /dl/kaskpass/kaskpass-0.1/debian/kaskpass/usr/share/doc/kaskpass/ HTTP/1.0" 200 788 "-" "Mozilla/5.0 (compatible; MJ12bot/v1.4.4; http://www.majestic12.co.uk/bot.php?+)"
204.107.128.48 - - [01/Sep/2013:08:38:24 +0200] "GET /dl/kwinAltResize/?C=D;O=A HTTP/1.0" 200 1265 "-" "Mozilla/5.0 (compatible; MJ12bot/v1.4.4; http://www.majestic12.co.uk/bot.php?+)"
204.107.128.48 - - [01/Sep/2013:08:38:26 +0200] "GET /dl/kwinAltResize/?C=M;O=A HTTP/1.0" 200 1268 "-" "Mozilla/5.0 (compatible; MJ12bot/v1.4.4; http://www.majestic12.co.uk/bot.php?+)"
204.107.128.48 - - [01/Sep/2013:08:38:30 +0200] "GET /dl/kwinAltResize/?C=N;O=A HTTP/1.0" 200 1265 "-" "Mozilla/5.0 (compatible; MJ12bot/v1.4.4; http://www.majestic12.co.uk/bot.php?+)"
204.107.128.48 - - [01/Sep/2013:08:38:32 +0200] "GET /dl/kwinAltResize/?C=S;O=A HTTP/1.0" 200 1291 "-" "Mozilla/5.0 (compatible; MJ12bot/v1.4.4; http://www.majestic12.co.uk/bot.php?+)"
204.107.128.48 - - [01/Sep/2013:08:38:37 +0200] "GET /dl/kwinAltResize/kdebase_3.4.3-2.dsc HTTP/1.0" 200 1612 "-" "Mozilla/5.0 (compatible; MJ12bot/v1.4.4; http://www.majestic12.co.uk/bot.php?+)"
204.107.128.48 - - [01/Sep/2013:08:38:40 +0200] "GET /yoogoo/CVs.php?CV=1 HTTP/1.0" 200 2973 "-" "Mozilla/5.0 (compatible; MJ12bot/v1.4.4; http://www.majestic12.co.uk/bot.php?+)"
204.107.128.48 - - [01/Sep/2013:08:38:42 +0200] "GET /yoogoo/CVs.php?CV=2 HTTP/1.0" 200 2973 "-" "Mozilla/5.0 (compatible; MJ12bot/v1.4.4; http://www.majestic12.co.uk/bot.php?+)"
204.107.128.48 - - [01/Sep/2013:08:38:44 +0200] "GET /yoogoo/CVs.php?CV=3 HTTP/1.0" 200 2973 "-" "Mozilla/5.0 (compatible; MJ12bot/v1.4.4; http://www.majestic12.co.uk/bot.php?+)"
204.107.128.48 - - [01/Sep/2013:08:38:45 +0200] "GET /yoogoo/CVs.php?CV=4 HTTP/1.0" 200 2973 "-" "Mozilla/5.0 (compatible; MJ12bot/v1.4.4; http://www.majestic12.co.uk/bot.php?+)"
204.107.128.48 - - [01/Sep/2013:08:38:49 +0200] "GET /yoogoo/equipe.php HTTP/1.0" 200 3202 "-" "Mozilla/5.0 (compatible; MJ12bot/v1.4.4; http://www.majestic12.co.uk/bot.php?+)"
88.190.254.18 - - [01/Sep/2013:08:40:21 +0200] "GET / HTTP/1.0" 302 285 "-" "-"
59.57.14.80 - - [01/Sep/2013:08:41:55 +0200] "GET /dotclear/index.php?post/2004/03/03/44-learn-esperanto HTTP/1.0" 200 14652 "http://www.sysmic.org/dotclear/index.php?post/2004/03/03/44-learn-esperanto" "Mozilla/5.0 (Windows NT 6.1; WOW64) AppleWebKit/535.19 (KHTML, like Gecko) Chrome/18.0.1025.1634 Safari/535.19 YE"
59.57.14.80 - - [01/Sep/2013:08:41:56 +0200] "POST /dotclear/index.php?post/2004/03/03/44-learn-esperanto HTTP/1.0" 412 281 "http://www.sysmic.org/dotclear/index.php?post/2004/03/03/44-learn-esperanto" "Mozilla/5.0 (Windows NT 6.1; WOW64) AppleWebKit/535.19 (KHTML, like Gecko) Chrome/18.0.1025.1634 Safari/535.19 YE"
180.76.6.213 - - [01/Sep/2013:08:44:07 +0200] "GET /dl/par/debian/?C=D;O=A HTTP/1.1" 200 937 "-" "Mozilla/5.0 (compatible; Baiduspider/2.0; +http://www.baidu.com/search/spider.html)"
5.10.83.105 - - [01/Sep/2013:08:45:02 +0200] "GET /dl/kaskpass/kaskpass-0.1/debian/kaskpass/usr/?C=S;O=D HTTP/1.1" 200 666 "-" "Mozilla/5.0 (compatible; AhrefsBot/5.0; +http://ahrefs.com/robot/)"
81.52.143.37 - - [01/Sep/2013:08:45:37 +0200] "GET /dotclear/index.php?post/2010/04/16/Orange-approuve-MeeGo HTTP/1.1" 200 3957 "-" "Mozilla/5.0 (Windows; U; Windows NT 5.1; fr; rv:1.8.1) VoilaBot BETA 1.2 (support.voilabot@orange-ftgroup.com)"
5.10.83.74 - - [01/Sep/2013:08:48:22 +0200] "GET /dl/kaskpass/kaskpass-0.1/debian/kaskpass/DEBIAN/?C=M;O=D HTTP/1.1" 200 686 "-" "Mozilla/5.0 (compatible; AhrefsBot/5.0; +http://ahrefs.com/robot/)"
88.190.254.18 - - [01/Sep/2013:08:50:30 +0200] "GET / HTTP/1.0" 302 285 "-" "-"
199.15.233.133 - - [01/Sep/2013:08:52:01 +0200] "GET /dotclear/index.php?post/2009/05/29/82-hue-control-not-properly-detected-on-webcam-bisoncam-nb-pro-5986-0241 HTTP/1.0" 200 13616 "http://www.sysmic.org/dotclear/index.php?post/2009/05/29/82-hue-control-not-properly-detected-on-webcam-bisoncam-nb-pro-5986-0241" "Opera/9.80 (Windows NT 6.1; Win64; x64) Presto/2.12.388 Version/12.10"
199.15.233.133 - - [01/Sep/2013:08:52:02 +0200] "POST /dotclear/index.php?post/2009/05/29/82-hue-control-not-properly-detected-on-webcam-bisoncam-nb-pro-5986-0241 HTTP/1.0" 412 281 "http://www.sysmic.org/dotclear/index.php?post/2009/05/29/82-hue-control-not-properly-detected-on-webcam-bisoncam-nb-pro-5986-0241" "Opera/9.80 (Windows NT 6.1; Win64; x64) Presto/2.12.388 Version/12.10"
5.10.83.101 - - [01/Sep/2013:08:52:42 +0200] "GET /dotclear/index.php?feed/atom/comments/112 HTTP/1.1" 200 1112 "-" "Mozilla/5.0 (compatible; AhrefsBot/5.0; +http://ahrefs.com/robot/)"
193.252.118.167 - - [01/Sep/2013:08:53:59 +0200] "GET /dotclear/index.php?post/2005/05/08/8-la-cote-d-azur HTTP/1.1" 200 4189 "-" "Mozilla/5.0 (Windows; U; Windows NT 5.1; fr; rv:1.8.1) VoilaBot BETA 1.2 (support.voilabot@orange-ftgroup.com)"
198.143.144.172 - - [01/Sep/2013:08:56:42 +0200] "GET /dl/yoogoo/download.php HTTP/1.0" 200 3116 "http://www.sysmic.org/" "Mozilla/5.0 (Windows NT 6.1; WOW64) AppleWebKit/537.36 (KHTML, like Gecko) Chrome/28.0.1500.52 Safari/537.36"
198.143.144.172 - - [01/Sep/2013:08:56:43 +0200] "GET /dl/yoogoo/modules.php?name=Your_Account&op=new_user HTTP/1.0" 200 353 "http://www.sysmic.org/dl/yoogoo/download.php" "Mozilla/5.0 (Windows NT 6.1; WOW64) AppleWebKit/537.36 (KHTML, like Gecko) Chrome/28.0.1500.52 Safari/537.36"
5.10.83.65 - - [01/Sep/2013:08:59:31 +0200] "GET /dl/kwinDCOP/kdepasswd_3.4.3-2_i386.deb HTTP/1.1" 200 93596 "-" "Mozilla/5.0 (compatible; AhrefsBot/5.0; +http://ahrefs.com/robot/)"
88.190.254.18 - - [01/Sep/2013:09:00:19 +0200] "GET / HTTP/1.0" 302 285 "-" "-"
202.46.55.35 - - [01/Sep/2013:09:00:55 +0200] "GET / HTTP/1.1" 302 285 "-" "Mozilla/4.0 (compatible; MSIE 7.0; Windows NT 6.0)"
119.63.193.194 - - [01/Sep/2013:09:01:51 +0200] "GET / HTTP/1.1" 302 285 "-" "Mozilla/4.0 (compatible; MSIE 7.0; Windows NT 6.0)"
37.187.72.144 - - [01/Sep/2013:09:04:02 +0200] "GET /dl/yoogoo/download.php HTTP/1.1" 200 3116 "http://www.sysmic.org/" "Mozilla/5.0 (Windows NT 6.1; WOW64) AppleWebKit/537.36 (KHTML, like Gecko) Chrome/27.0.1453.116 Safari/537.36"
37.187.72.144 - - [01/Sep/2013:09:04:02 +0200] "GET /dl/yoogoo/modules.php?name=Your_Account&op=new_user HTTP/1.1" 200 353 "http://www.sysmic.org/dl/yoogoo/download.php" "Mozilla/5.0 (Windows NT 6.1; WOW64) AppleWebKit/537.36 (KHTML, like Gecko) Chrome/27.0.1453.116 Safari/537.36"
5.10.83.103 - - [01/Sep/2013:09:09:05 +0200] "GET /dotclear/index.php?feed/atom/comments/120 HTTP/1.1" 200 1093 "-" "Mozilla/5.0 (compatible; AhrefsBot/5.0; +http://ahrefs.com/robot/)"
94.23.231.137 - - [01/Sep/2013:09:10:06 +0200] "GET /dl/yoogoo/download.php HTTP/1.1" 200 3116 "http://www.sysmic.org/" "Mozilla/5.0 (Windows NT 6.1; WOW64) AppleWebKit/537.36 (KHTML, like Gecko) Chrome/27.0.1453.116 Safari/537.36"
94.23.231.137 - - [01/Sep/2013:09:10:06 +0200] "GET /dl/yoogoo/modules.php?name=Your_Account&op=new_user HTTP/1.1" 200 353 "http://www.sysmic.org/dl/yoogoo/download.php" "Mozilla/5.0 (Windows NT 6.1; WOW64) AppleWebKit/537.36 (KHTML, like Gecko) Chrome/27.0.1453.116 Safari/537.36"
88.190.254.18 - - [01/Sep/2013:09:10:19 +0200] "GET / HTTP/1.0" 302 285 "-" "-"
173.208.2.163 - - [01/Sep/2013:09:11:49 +0200] "GET /yoogoo/docs.php HTTP/1.0" 200 2998 "http://sysmic.org/" "Mozilla/5.0 (Windows NT 6.1; WOW64) AppleWebKit/537.36 (KHTML, like Gecko) Chrome/27.0.1453.116 Safari/537.36"
173.208.2.163 - - [01/Sep/2013:09:11:51 +0200] "GET /yoogoo/modules.php?name=Your_Account&op=new_user HTTP/1.0" 200 352 "http://sysmic.org/yoogoo/docs.php" "Mozilla/5.0 (Windows NT 6.1; WOW64) AppleWebKit/537.36 (KHTML, like Gecko) Chrome/27.0.1453.116 Safari/537.36"
5.200.39.77 - - [01/Sep/2013:09:13:23 +0200] "GET /w00tw00t.at.ISC.SANS.Win32:) HTTP/1.1" 400 511 "-" "-"
5.10.83.27 - - [01/Sep/2013:09:14:37 +0200] "GET /dl/kaskpass/?C=S;O=D HTTP/1.1" 200 748 "-" "Mozilla/5.0 (compatible; AhrefsBot/5.0; +http://ahrefs.com/robot/)"
176.31.181.165 - - [01/Sep/2013:09:18:01 +0200] "GET /yoogoo/mig.php HTTP/1.1" 200 2826 "http://sysmic.org/" "Mozilla/5.0 (Windows NT 6.1; WOW64) AppleWebKit/537.36 (KHTML, like Gecko) Chrome/27.0.1453.116 Safari/537.36"
176.31.181.165 - - [01/Sep/2013:09:18:01 +0200] "GET /yoogoo/modules.php?name=Your_Account&op=new_user HTTP/1.1" 200 353 "http://sysmic.org/yoogoo/mig.php" "Mozilla/5.0 (Windows NT 6.1; WOW64) AppleWebKit/537.36 (KHTML, like Gecko) Chrome/27.0.1453.116 Safari/537.36"
175.42.90.158 - - [01/Sep/2013:09:18:28 +0200] "GET /dotclear/index.php?post/2011/08/24/Process-communication-in-shell:-fifo,-redirection-and-coproc HTTP/1.1" 200 5282 "-" "Mozilla/4.0 (compatible; MSIE 6.0; Windows NT 5.1; SV1; Mozilla/4.0 (compatible; MSIE 6.0; Windows NT 5.1; SV1) )"
175.42.90.158 - - [01/Sep/2013:09:18:29 +0200] "POST /dotclear/index.php?post/2011/08/24/Process-communication-in-shell:-fifo,-redirection-and-coproc HTTP/1.1" 412 325 "http://www.sysmic.org/dotclear/index.php?post/2011/08/24/Process-communication-in-shell:-fifo,-redirection-and-coproc" "Mozilla/4.0 (compatible; MSIE 6.0; Windows NT 5.1; SV1; Mozilla/4.0 (compatible; MSIE 6.0; Windows NT 5.1; SV1) )"
193.252.118.176 - - [01/Sep/2013:09:19:30 +0200] "GET /dotclear/index.php?post/2003/09/09/39-les-first-jeudis HTTP/1.1" 200 4316 "-" "Mozilla/5.0 (Windows; U; Windows NT 5.1; fr; rv:1.8.1) VoilaBot BETA 1.2 (support.voilabot@orange-ftgroup.com)"
66.249.66.82 - - [01/Sep/2013:09:19:37 +0200] "GET /icons/text.gif HTTP/1.1" 200 4350 "-" "Googlebot-Image/1.0"
88.190.254.18 - - [01/Sep/2013:09:20:20 +0200] "GET / HTTP/1.0" 302 285 "-" "-"
178.255.215.89 - - [01/Sep/2013:09:21:37 +0200] "GET /robots.txt HTTP/1.1" 200 368 "-" "Mozilla/5.0 (compatible; Exabot/3.0 (BiggerBetter); +http://www.exabot.com/go/robot)"
5.10.83.51 - - [01/Sep/2013:09:24:37 +0200] "GET /dotclear/index.php?feed/atom/comments/54 HTTP/1.1" 200 1083 "-" "Mozilla/5.0 (compatible; AhrefsBot/5.0; +http://ahrefs.com/robot/)"
199.15.233.133 - - [01/Sep/2013:09:25:27 +0200] "GET /dotclear/index.php?post/2009/05/29/82-hue-control-not-properly-detected-on-webcam-bisoncam-nb-pro-5986-0241 HTTP/1.0" 200 13603 "http://www.sysmic.org/dotclear/index.php?post/2009/05/29/82-hue-control-not-properly-detected-on-webcam-bisoncam-nb-pro-5986-0241" "Opera/9.80 (Windows NT 6.2; WOW64; MRA 8.0 (build 5784)) Presto/2.12.388 Version/12.10"
199.15.233.133 - - [01/Sep/2013:09:25:28 +0200] "POST /dotclear/index.php?post/2009/05/29/82-hue-control-not-properly-detected-on-webcam-bisoncam-nb-pro-5986-0241 HTTP/1.0" 412 281 "http://www.sysmic.org/dotclear/index.php?post/2009/05/29/82-hue-control-not-properly-detected-on-webcam-bisoncam-nb-pro-5986-0241" "Opera/9.80 (Windows NT 6.2; WOW64; MRA 8.0 (build 5784)) Presto/2.12.388 Version/12.10"
81.52.143.29 - - [01/Sep/2013:09:26:56 +0200] "GET /robots.txt HTTP/1.1" 200 368 "-" "Mozilla/5.0 (Windows; U; Windows NT 5.1; fr; rv:1.8.1) VoilaBot BETA 1.2 (support.voilabot@orange-ftgroup.com)"
81.52.143.29 - - [01/Sep/2013:09:27:25 +0200] "GET /dotclear/index.php?post/2009/06/15/86-ajout-du-support-2628-sur-une-nouvelle-carte HTTP/1.1" 200 4088 "-" "Mozilla/5.0 (Windows; U; Windows NT 5.1; fr; rv:1.8.1) VoilaBot BETA 1.2 (support.voilabot@orange-ftgroup.com)"
183.60.213.19 - - [01/Sep/2013:09:30:08 +0200] "GET /dotclear/index.php?post/2010/03/24/Convert-keys-betweens-GnuPG,-OpenSsh-and-OpenSSL HTTP/1.1" 200 5427 "-" "Mozilla/5.0 (compatible; EasouSpider; +http://www.easou.com/search/spider.html)"
88.190.254.18 - - [01/Sep/2013:09:30:31 +0200] "GET / HTTP/1.0" 302 285 "-" "-"
5.10.83.38 - - [01/Sep/2013:09:33:32 +0200] "GET /dotclear/index.php?post/2006/06/15/52-up HTTP/1.1" 200 3730 "-" "Mozilla/5.0 (compatible; AhrefsBot/5.0; +http://ahrefs.com/robot/)"
66.249.66.82 - - [01/Sep/2013:09:34:32 +0200] "GET /dotclear/index.php?post/2010/01/17/for-(%3B%3B)%3B HTTP/1.1" 200 8002 "-" "Mozilla/5.0 (compatible; Googlebot/2.1; +http://www.google.com/bot.html)"
88.190.254.18 - - [01/Sep/2013:09:40:20 +0200] "GET / HTTP/1.0" 302 285 "-" "-"
37.59.131.105 - - [01/Sep/2013:09:43:06 +0200] "GET /yoogoo/docs.php HTTP/1.0" 200 2998 "http://sysmic.org/" "Mozilla/5.0 (Windows NT 6.1; WOW64) AppleWebKit/537.36 (KHTML, like Gecko) Chrome/27.0.1453.116 Safari/537.36"
37.59.131.105 - - [01/Sep/2013:09:43:07 +0200] "GET /yoogoo/modules.php?name=Your_Account&op=new_user HTTP/1.0" 200 353 "http://sysmic.org/yoogoo/docs.php" "Mozilla/5.0 (Windows NT 6.1; WOW64) AppleWebKit/537.36 (KHTML, like Gecko) Chrome/27.0.1453.116 Safari/537.36"
5.10.83.43 - - [01/Sep/2013:09:44:38 +0200] "GET /dl/kaskpass/kaskpass-0.1/debian/kaskpass/usr/share/doc/kaskpass/?C=M;O=D HTTP/1.1" 200 766 "-" "Mozilla/5.0 (compatible; AhrefsBot/5.0; +http://ahrefs.com/robot/)"
88.190.254.18 - - [01/Sep/2013:09:50:20 +0200] "GET / HTTP/1.0" 302 285 "-" "-"
5.10.83.43 - - [01/Sep/2013:09:50:35 +0200] "GET /dl/kaskpass/kaskpass-0.1/debian/kaskpass/usr/share/doc/?C=S;O=D HTTP/1.1" 200 656 "-" "Mozilla/5.0 (compatible; AhrefsBot/5.0; +http://ahrefs.com/robot/)"
5.10.83.74 - - [01/Sep/2013:09:52:50 +0200] "GET /dl/kblogger/kblogger_0.6.2-1.dsc.gpg HTTP/1.1" 200 604 "-" "Mozilla/5.0 (compatible; AhrefsBot/5.0; +http://ahrefs.com/robot/)"
123.125.71.69 - - [01/Sep/2013:09:53:21 +0200] "GET /dotclear/index.php?post/2005/05/08/9-mon-cv HTTP/1.1" 200 4708 "-" "Mozilla/5.0 (compatible; Baiduspider/2.0; +http://www.baidu.com/search/spider.html)"
123.125.71.84 - - [01/Sep/2013:09:53:29 +0200] "GET /dotclear/themes/default/js/jquery.js HTTP/1.1" 200 28362 "http://www.sysmic.org/dotclear/index.php?post/2005/05/08/9-mon-cv" "Mozilla/5.0 (X11; U; Linux x86_64; en-US; rv:1.9) Gecko Minefield/3.0"
123.125.71.81 - - [01/Sep/2013:09:53:31 +0200] "GET /dotclear/themes/default/js/jquery.cookie.js HTTP/1.1" 200 784 "http://www.sysmic.org/dotclear/index.php?post/2005/05/08/9-mon-cv" "Mozilla/5.0 (X11; U; Linux x86_64; en-US; rv:1.9) Gecko Minefield/3.0"
123.125.71.79 - - [01/Sep/2013:09:53:31 +0200] "GET /dotclear/themes/default/js/post.js HTTP/1.1" 200 843 "http://www.sysmic.org/dotclear/index.php?post/2005/05/08/9-mon-cv" "Mozilla/5.0 (X11; U; Linux x86_64; en-US; rv:1.9) Gecko Minefield/3.0"
123.125.71.95 - - [01/Sep/2013:09:53:33 +0200] "GET /awstats_misc_tracker.js HTTP/1.1" 200 2993 "http://www.sysmic.org/dotclear/index.php?post/2005/05/08/9-mon-cv" "Mozilla/5.0 (X11; U; Linux x86_64; en-US; rv:1.9) Gecko Minefield/3.0"
66.249.66.89 - - [01/Sep/2013:09:54:43 +0200] "GET /dl/yoogoo/links.php?op=viewlink&cid=5&orderby=dateA HTTP/1.1" 200 3290 "-" "Mozilla/5.0 (iPhone; U; CPU iPhone OS 4_1 like Mac OS X; en-us) AppleWebKit/532.9 (KHTML, like Gecko) Version/4.0.5 Mobile/8B117 Safari/6531.22.7 (compatible; Googlebot-Mobile/2.1; +http://www.google.com/bot.html)"
157.55.33.27 - - [01/Sep/2013:09:56:10 +0200] "GET /robots.txt HTTP/1.1" 200 361 "-" "Mozilla/5.0 (compatible; bingbot/2.0; +http://www.bing.com/bingbot.htm)"
157.55.33.27 - - [01/Sep/2013:09:57:34 +0200] "GET /training/embeded_linux/plain/Sysmic%20-%20Formation%20Linux%20embarqu%c3%a9-plain-3.pdf HTTP/1.1" 200 287859 "-" "Mozilla/5.0 (compatible; bingbot/2.0; +http://www.bing.com/bingbot.htm)"
199.15.233.133 - - [01/Sep/2013:09:57:50 +0200] "GET /dotclear/index.php?post/2009/05/29/82-hue-control-not-properly-detected-on-webcam-bisoncam-nb-pro-5986-0241 HTTP/1.0" 200 13574 "http://www.sysmic.org/dotclear/index.php?post/2009/05/29/82-hue-control-not-properly-detected-on-webcam-bisoncam-nb-pro-5986-0241" "Opera/9.80 (X11; Linux x86_64; U; ru) Presto/2.10.289 Version/12.02"
199.15.233.133 - - [01/Sep/2013:09:57:51 +0200] "POST /dotclear/index.php?post/2009/05/29/82-hue-control-not-properly-detected-on-webcam-bisoncam-nb-pro-5986-0241 HTTP/1.0" 412 281 "http://www.sysmic.org/dotclear/index.php?post/2009/05/29/82-hue-control-not-properly-detected-on-webcam-bisoncam-nb-pro-5986-0241" "Opera/9.80 (X11; Linux x86_64; U; ru) Presto/2.10.289 Version/12.02"
85.0.75.239 - - [01/Sep/2013:10:00:09 +0200] "GET /dl/yoogoo/download.php HTTP/1.1" 200 3116 "http://www.sysmic.org/" "Mozilla/5.0 (Windows NT 6.1; WOW64) AppleWebKit/537.36 (KHTML, like Gecko) Chrome/27.0.1453.116 Safari/537.36"
85.0.75.239 - - [01/Sep/2013:10:00:10 +0200] "GET /dl/yoogoo/modules.php?name=Your_Account&op=new_user HTTP/1.1" 200 353 "http://www.sysmic.org/dl/yoogoo/download.php" "Mozilla/5.0 (Windows NT 6.1; WOW64) AppleWebKit/537.36 (KHTML, like Gecko) Chrome/27.0.1453.116 Safari/537.36"
88.190.254.18 - - [01/Sep/2013:10:00:29 +0200] "GET / HTTP/1.0" 302 285 "-" "-"
5.10.83.43 - - [01/Sep/2013:10:02:01 +0200] "GET /dl/kaskpass/kaskpass-0.1/debian/kaskpass/usr/?C=D;O=D HTTP/1.1" 200 666 "-" "Mozilla/5.0 (compatible; AhrefsBot/5.0; +http://ahrefs.com/robot/)"
178.154.203.251 - - [01/Sep/2013:10:04:22 +0200] "GET /dotclear/index.php?archive/2005/12 HTTP/1.1" 200 3159 "-" "Mozilla/5.0 (compatible; YandexBot/3.0; +http://yandex.com/bots)"
5.10.83.65 - - [01/Sep/2013:10:08:12 +0200] "GET /dl/kaskpass/kaskpass-0.1/debian/kaskpass/usr/share/doc/kaskpass/?C=S;O=D HTTP/1.1" 200 765 "-" "Mozilla/5.0 (compatible; AhrefsBot/5.0; +http://ahrefs.com/robot/)"
173.237.181.44 - - [01/Sep/2013:10:09:14 +0200] "GET /yoogoo/mig.php?currDir=.&pageType=image&image=spe_C1_1.jpg HTTP/1.1" 200 2826 "-" "Mozilla/5.0 (Windows NT 6.1; WOW64) AppleWebKit/537.36 (KHTML, like Gecko) Chrome/27.0.1453.116 Safari/537.36"
66.249.66.89 - - [01/Sep/2013:10:10:09 +0200] "GET /dotclear/index.php?post/2011/11/08/Cours-de-temps-r%C3%A9el HTTP/1.1" 200 4382 "-" "Mozilla/5.0 (iPhone; U; CPU iPhone OS 4_1 like Mac OS X; en-us) AppleWebKit/532.9 (KHTML, like Gecko) Version/4.0.5 Mobile/8B117 Safari/6531.22.7 (compatible; Googlebot-Mobile/2.1; +http://www.google.com/bot.html)"
88.190.254.18 - - [01/Sep/2013:10:10:28 +0200] "GET / HTTP/1.0" 302 285 "-" "-"
46.4.227.140 - - [01/Sep/2013:10:11:53 +0200] "GET /yoogoo/download.php HTTP/1.0" 200 3116 "http://sysmic.org/" "Mozilla/5.0 (Windows NT 6.1; WOW64) AppleWebKit/537.36 (KHTML, like Gecko) Chrome/27.0.1453.116 Safari/537.36"
46.4.227.140 - - [01/Sep/2013:10:11:53 +0200] "GET /yoogoo/modules.php?name=Your_Account&op=new_user HTTP/1.0" 200 353 "http://sysmic.org/yoogoo/download.php" "Mozilla/5.0 (Windows NT 6.1; WOW64) AppleWebKit/537.36 (KHTML, like Gecko) Chrome/27.0.1453.116 Safari/537.36"
66.249.66.89 - - [01/Sep/2013:10:12:24 +0200] "GET /dl/kaskpass/kaskpass-0.1/doc/ HTTP/1.1" 200 759 "-" "Mozilla/5.0 (iPhone; U; CPU iPhone OS 4_1 like Mac OS X; en-us) AppleWebKit/532.9 (KHTML, like Gecko) Version/4.0.5 Mobile/8B117 Safari/6531.22.7 (compatible; Googlebot-Mobile/2.1; +http://www.google.com/bot.html)"
199.15.233.133 - - [01/Sep/2013:10:18:40 +0200] "GET /dotclear/index.php?post/2009/05/29/82-hue-control-not-properly-detected-on-webcam-bisoncam-nb-pro-5986-0241 HTTP/1.0" 200 13603 "http://www.sysmic.org/dotclear/index.php?post/2009/05/29/82-hue-control-not-properly-detected-on-webcam-bisoncam-nb-pro-5986-0241" "Opera/9.80 (Windows NT 6.1; WOW64) Presto/2.12.388 Version/12.11"
199.15.233.133 - - [01/Sep/2013:10:18:46 +0200] "POST /dotclear/index.php?post/2009/05/29/82-hue-control-not-properly-detected-on-webcam-bisoncam-nb-pro-5986-0241 HTTP/1.0" 412 281 "http://www.sysmic.org/dotclear/index.php?post/2009/05/29/82-hue-control-not-properly-detected-on-webcam-bisoncam-nb-pro-5986-0241" "Opera/9.80 (Windows NT 6.1; WOW64) Presto/2.12.388 Version/12.11"
88.190.254.18 - - [01/Sep/2013:10:20:32 +0200] "GET / HTTP/1.0" 302 285 "-" "-"
123.125.71.96 - - [01/Sep/2013:10:21:07 +0200] "GET / HTTP/1.1" 302 285 "-" "Mozilla/5.0 (compatible; Baiduspider/2.0; +http://www.baidu.com/search/spider.html)"
220.181.108.179 - - [01/Sep/2013:10:21:17 +0200] "GET / HTTP/1.1" 302 285 "-" "Mozilla/5.0 (compatible; Baiduspider/2.0; +http://www.baidu.com/search/spider.html)"
5.10.83.74 - - [01/Sep/2013:10:27:04 +0200] "GET /dl/kaskpass/kaskpass-0.1/debian/kaskpass/usr/bin/?C=N;O=A HTTP/1.1" 200 662 "-" "Mozilla/5.0 (compatible; AhrefsBot/5.0; +http://ahrefs.com/robot/)"
88.190.254.18 - - [01/Sep/2013:10:30:41 +0200] "GET / HTTP/1.0" 302 285 "-" "-"
66.249.66.82 - - [01/Sep/2013:10:31:49 +0200] "GET /dl/yoogoo/soutFinale.php HTTP/1.1" 200 82533 "-" "Mozilla/5.0 (compatible; Googlebot/2.1; +http://www.google.com/bot.html)"
157.55.35.32 - - [01/Sep/2013:10:35:01 +0200] "GET / HTTP/1.1" 302 341 "-" "Mozilla/5.0 (compatible; bingbot/2.0; +http://www.bing.com/bingbot.htm)"
5.10.83.101 - - [01/Sep/2013:10:35:22 +0200] "GET /dotclear/index.php?feed/atom/comments/20 HTTP/1.1" 200 1104 "-" "Mozilla/5.0 (compatible; AhrefsBot/5.0; +http://ahrefs.com/robot/)"
89.217.35.9 - - [01/Sep/2013:10:36:17 +0200] "GET /favicon.ico HTTP/1.1" 200 7703 "-" "Mozilla/5.0 (compatible; MSIE 10.0; Windows NT 6.2; Win64; x64; Trident/6.0)"
89.217.35.9 - - [01/Sep/2013:10:36:35 +0200] "-" 408 0 "-" "-"
89.217.35.9 - - [01/Sep/2013:10:36:38 +0200] "-" 408 0 "-" "-"
178.154.203.251 - - [01/Sep/2013:10:37:02 +0200] "GET /dotclear/index.php?archive/2009/05 HTTP/1.1" 200 3169 "-" "Mozilla/5.0 (compatible; YandexBot/3.0; +http://yandex.com/bots)"
5.10.83.43 - - [01/Sep/2013:10:37:33 +0200] "GET /CV/?C=S;O=A HTTP/1.1" 200 824 "-" "Mozilla/5.0 (compatible; AhrefsBot/5.0; +http://ahrefs.com/robot/)"
5.10.83.38 - - [01/Sep/2013:10:38:38 +0200] "GET /CV/ HTTP/1.1" 200 834 "-" "Mozilla/5.0 (compatible; AhrefsBot/5.0; +http://ahrefs.com/robot/)"
66.249.66.176 - - [01/Sep/2013:10:39:18 +0200] "GET /ifb/jerome.pouiller@sysmic.fr.ifb HTTP/1.1" 200 1679 "-" "Mozilla/5.0 (compatible; Googlebot/2.1; +http://www.google.com/bot.html)"
64.246.165.150 - - [01/Sep/2013:10:39:58 +0200] "GET /robots.txt HTTP/1.0" 200 324 "-" "Mozilla/5.0 (Windows; U; Windows NT 5.1; en; rv:1.9.0.13) Gecko/2009073022 Firefox/3.5.2 (.NET CLR 3.5.30729) SurveyBot/2.3 (DomainTools)"
64.246.165.150 - - [01/Sep/2013:10:39:59 +0200] "GET / HTTP/1.1" 302 304 "http://whois.domaintools.com/sysmic.biz" "Mozilla/5.0 (Windows; U; Windows NT 5.1; en; rv:1.9.0.13) Gecko/2009073022 Firefox/3.5.2 (.NET CLR 3.5.30729) SurveyBot/2.3 (DomainTools)"
66.249.66.38 - - [01/Sep/2013:10:39:59 +0200] "GET / HTTP/1.1" 302 341 "-" "Mozilla/5.0 (compatible; Googlebot/2.1; +http://www.google.com/bot.html)"
64.246.165.150 - - [01/Sep/2013:10:39:59 +0200] "GET /dotclear/index.php HTTP/1.1" 200 15052 "http://whois.domaintools.com/sysmic.biz" "Mozilla/5.0 (Windows; U; Windows NT 5.1; en; rv:1.9.0.13) Gecko/2009073022 Firefox/3.5.2 (.NET CLR 3.5.30729) SurveyBot/2.3 (DomainTools)"
66.249.66.38 - - [01/Sep/2013:10:40:00 +0200] "GET /dotclear/index.php HTTP/1.1" 200 15089 "-" "Mozilla/5.0 (compatible; Googlebot/2.1; +http://www.google.com/bot.html)"
88.190.254.18 - - [01/Sep/2013:10:40:21 +0200] "GET / HTTP/1.0" 302 285 "-" "-"
66.249.66.38 - - [01/Sep/2013:10:42:58 +0200] "GET /dotclear/themes/giacomo/custom.css HTTP/1.1" 200 633 "-" "Mozilla/5.0 (compatible; Googlebot/2.1; +http://www.google.com/bot.html)"
66.249.66.38 - - [01/Sep/2013:10:42:58 +0200] "GET /dotclear/themes/default/print.css HTTP/1.1" 200 878 "-" "Mozilla/5.0 (compatible; Googlebot/2.1; +http://www.google.com/bot.html)"
66.249.66.38 - - [01/Sep/2013:10:42:59 +0200] "GET /dotclear/themes/giacomo/style.css HTTP/1.1" 200 3434 "-" "Mozilla/5.0 (compatible; Googlebot/2.1; +http://www.google.com/bot.html)"
199.15.233.133 - - [01/Sep/2013:10:43:48 +0200] "GET /dotclear/index.php?post/2009/05/29/82-hue-control-not-properly-detected-on-webcam-bisoncam-nb-pro-5986-0241 HTTP/1.0" 200 13574 "http://www.sysmic.org/dotclear/index.php?post/2009/05/29/82-hue-control-not-properly-detected-on-webcam-bisoncam-nb-pro-5986-0241" "Mozilla/4.0 (compatible; MSIE 8.0; Windows NT 5.1; Trident/4.0; MRA 6.0 (build 5993); MRA 8.0 (build 5784); InfoPath.2)"
199.15.233.133 - - [01/Sep/2013:10:43:49 +0200] "POST /dotclear/index.php?post/2009/05/29/82-hue-control-not-properly-detected-on-webcam-bisoncam-nb-pro-5986-0241 HTTP/1.0" 412 281 "http://www.sysmic.org/dotclear/index.php?post/2009/05/29/82-hue-control-not-properly-detected-on-webcam-bisoncam-nb-pro-5986-0241" "Mozilla/4.0 (compatible; MSIE 8.0; Windows NT 5.1; Trident/4.0; MRA 6.0 (build 5993); MRA 8.0 (build 5784); InfoPath.2)"
5.10.83.74 - - [01/Sep/2013:10:46:17 +0200] "GET /dl/kwinDCOP/?C=M;O=A HTTP/1.1" 200 1306 "-" "Mozilla/5.0 (compatible; AhrefsBot/5.0; +http://ahrefs.com/robot/)"
89.217.35.9 - - [01/Sep/2013:10:48:04 +0200] "-" 408 0 "-" "-"
66.249.66.76 - - [01/Sep/2013:10:48:11 +0200] "GET /robots.txt HTTP/1.1" 200 405 "-" "Mozilla/5.0 (compatible; Googlebot/2.1; +http://www.google.com/bot.html)"
66.249.66.76 - - [01/Sep/2013:10:48:11 +0200] "GET / HTTP/1.1" 302 341 "-" "Mozilla/5.0 (compatible; Googlebot/2.1; +http://www.google.com/bot.html)"
66.249.66.76 - - [01/Sep/2013:10:48:12 +0200] "GET /dotclear/index.php HTTP/1.1" 200 15089 "-" "Mozilla/5.0 (compatible; Googlebot/2.1; +http://www.google.com/bot.html)"
88.190.254.18 - - [01/Sep/2013:10:50:28 +0200] "GET / HTTP/1.0" 302 285 "-" "-"
37.187.72.173 - - [01/Sep/2013:10:50:46 +0200] "GET /dl/yoogoo/download.php HTTP/1.1" 200 3116 "http://www.sysmic.org/" "Mozilla/5.0 (Windows NT 6.1; WOW64) AppleWebKit/537.36 (KHTML, like Gecko) Chrome/27.0.1453.116 Safari/537.36"
37.187.72.173 - - [01/Sep/2013:10:50:46 +0200] "GET /dl/yoogoo/modules.php?name=Your_Account&op=new_user HTTP/1.1" 200 353 "http://www.sysmic.org/dl/yoogoo/download.php" "Mozilla/5.0 (Windows NT 6.1; WOW64) AppleWebKit/537.36 (KHTML, like Gecko) Chrome/27.0.1453.116 Safari/537.36"
5.10.83.74 - - [01/Sep/2013:10:59:04 +0200] "GET /dl/linux-2.6.28.10-eb8541/linux-2.6.28.10-090715-090722.diff HTTP/1.1" 200 3638 "-" "Mozilla/5.0 (compatible; AhrefsBot/5.0; +http://ahrefs.com/robot/)"
5.10.83.51 - - [01/Sep/2013:10:59:38 +0200] "GET /dl/yoogoo/download.php HTTP/1.1" 200 3060 "-" "Mozilla/5.0 (compatible; AhrefsBot/5.0; +http://ahrefs.com/robot/)"
82.241.255.61 - - [01/Sep/2013:10:59:51 +0200] "GET /rt/realtime-pouiller-lecture-3.pdf HTTP/1.1" 200 542060 "http://www.google.fr/url?sa=t&rct=j&q=&esrc=s&source=web&cd=3&ved=0CD8QFjAC&url=http%3A%2F%2Fwww.sysmic.org%2Frt%2Frealtime-pouiller-lecture-3.pdf&ei=_AEjUq-ULeXU0QWgqIDYCQ&usg=AFQjCNEoOHXdJ0C7Y4t5yntLknuKMdDAjQ&sig2=zEL8eH9cWgtRT7g-cxLvrQ&bvm=bv.51495398,d.d2k&cad=rja" "Mozilla/5.0 (X11; Ubuntu; Linux x86_64; rv:23.0) Gecko/20100101 Firefox/23.0"
82.241.255.61 - - [01/Sep/2013:10:59:52 +0200] "GET /favicon.ico HTTP/1.1" 200 7702 "-" "Mozilla/5.0 (X11; Ubuntu; Linux x86_64; rv:23.0) Gecko/20100101 Firefox/23.0"
88.190.254.18 - - [01/Sep/2013:11:00:22 +0200] "GET / HTTP/1.0" 302 285 "-" "-"
66.249.66.76 - - [01/Sep/2013:11:01:19 +0200] "GET /training/embeded_linux/plain/Sysmic%20-%20Formation%20Linux%20embarqu%C3%A9-plain-5.pdf HTTP/1.1" 200 366323 "-" "Mozilla/5.0 (compatible; Googlebot/2.1; +http://www.google.com/bot.html)"
66.249.66.76 - - [01/Sep/2013:11:01:20 +0200] "GET /dotclear/index.php?post/2010/05/27/Linux-dominera-t-il-le-monde HTTP/1.1" 200 4126 "-" "Mozilla/5.0 (compatible; Googlebot/2.1; +http://www.google.com/bot.html)"
66.249.66.76 - - [01/Sep/2013:11:01:21 +0200] "GET /dotclear/index.php?category/Pensees-personnelles HTTP/1.1" 200 9809 "-" "Mozilla/5.0 (compatible; Googlebot/2.1; +http://www.google.com/bot.html)"
66.249.66.76 - - [01/Sep/2013:11:02:15 +0200] "GET /dotclear/themes/default/print.css HTTP/1.1" 200 878 "-" "Mozilla/5.0 (compatible; Googlebot/2.1; +http://www.google.com/bot.html)"
66.249.66.76 - - [01/Sep/2013:11:02:16 +0200] "GET /dotclear/themes/giacomo/style.css HTTP/1.1" 200 3434 "-" "Mozilla/5.0 (compatible; Googlebot/2.1; +http://www.google.com/bot.html)"
66.249.66.76 - - [01/Sep/2013:11:02:16 +0200] "GET /dotclear/themes/giacomo/custom.css HTTP/1.1" 200 633 "-" "Mozilla/5.0 (compatible; Googlebot/2.1; +http://www.google.com/bot.html)"
5.10.83.105 - - [01/Sep/2013:11:06:18 +0200] "GET /dl/kwinAltResize/?C=D;O=A HTTP/1.1" 200 1241 "-" "Mozilla/5.0 (compatible; AhrefsBot/5.0; +http://ahrefs.com/robot/)"
5.10.83.101 - - [01/Sep/2013:11:08:04 +0200] "GET /dotclear/index.php?post/2010/05/27/Linux-dominera-t-il-le-monde HTTP/1.1" 200 4101 "-" "Mozilla/5.0 (compatible; AhrefsBot/5.0; +http://ahrefs.com/robot/)"
202.46.63.122 - - [01/Sep/2013:11:09:58 +0200] "GET / HTTP/1.1" 302 285 "-" "Mozilla/4.0 (compatible; MSIE 7.0; Windows NT 6.0)"
88.190.254.18 - - [01/Sep/2013:11:10:29 +0200] "GET / HTTP/1.0" 302 285 "-" "-"
119.63.193.195 - - [01/Sep/2013:11:11:13 +0200] "GET / HTTP/1.1" 302 285 "-" "Mozilla/4.0 (compatible; MSIE 7.0; Windows NT 6.0)"
66.249.66.76 - - [01/Sep/2013:11:12:40 +0200] "GET /dotclear/index.php?post/2006/02/12/49-easter-eggs HTTP/1.1" 200 5550 "-" "Mozilla/5.0 (compatible; Googlebot/2.1; +http://www.google.com/bot.html)"
66.249.66.76 - - [01/Sep/2013:11:13:09 +0200] "GET /dotclear/index.php?feed/category/Pensees-personnelles/atom HTTP/1.1" 200 35543 "-" "Mozilla/5.0 (compatible; Googlebot/2.1; +http://www.google.com/bot.html)"
66.249.66.76 - - [01/Sep/2013:11:13:26 +0200] "GET /dotclear/index.php?post/2006/07/03/58-l-uf-et-la-poule HTTP/1.1" 200 3805 "-" "Mozilla/5.0 (compatible; Googlebot/2.1; +http://www.google.com/bot.html)"
66.249.66.76 - - [01/Sep/2013:11:13:46 +0200] "GET /dotclear/index.php?post/2005/05/12/12-journee-de-merde HTTP/1.1" 200 3989 "-" "Mozilla/5.0 (compatible; Googlebot/2.1; +http://www.google.com/bot.html)"
66.249.66.76 - - [01/Sep/2013:11:14:26 +0200] "GET /dotclear/index.php?feed/category/Pensees-personnelles/atom/comments HTTP/1.1" 200 3974 "-" "Mozilla/5.0 (compatible; Googlebot/2.1; +http://www.google.com/bot.html)"
157.55.33.27 - - [01/Sep/2013:11:15:03 +0200] "GET /training/embeded_linux/plain/Sysmic%20-%20Formation%20Linux%20embarqu%c3%a9-plain-5.pdf HTTP/1.1" 200 366323 "-" "Mozilla/5.0 (compatible; bingbot/2.0; +http://www.bing.com/bingbot.htm)"
66.249.66.76 - - [01/Sep/2013:11:15:06 +0200] "GET /dotclear/index.php?post/2005/11/07/22-le-lien-entre-emacs-latex-et-initscript HTTP/1.1" 200 7336 "-" "Mozilla/5.0 (compatible; Googlebot/2.1; +http://www.google.com/bot.html)"
88.190.254.18 - - [01/Sep/2013:11:20:22 +0200] "GET / HTTP/1.0" 302 285 "-" "-"
66.249.66.76 - - [01/Sep/2013:11:22:41 +0200] "GET /dotclear/index.php?feed/atom/comments/22 HTTP/1.1" 200 1161 "-" "Mozilla/5.0 (compatible; Googlebot/2.1; +http://www.google.com/bot.html)"
66.249.66.76 - - [01/Sep/2013:11:22:43 +0200] "GET /dotclear/index.php?feed/atom/comments/12 HTTP/1.1" 200 1825 "-" "Mozilla/5.0 (compatible; Googlebot/2.1; +http://www.google.com/bot.html)"
66.249.66.76 - - [01/Sep/2013:11:22:44 +0200] "GET /dotclear/index.php?feed/atom/comments/56 HTTP/1.1" 200 1154 "-" "Mozilla/5.0 (compatible; Googlebot/2.1; +http://www.google.com/bot.html)"
5.10.83.101 - - [01/Sep/2013:11:23:02 +0200] "GET /dl/yoogoo/download.php HTTP/1.1" 200 3060 "-" "Mozilla/5.0 (compatible; AhrefsBot/5.0; +http://ahrefs.com/robot/)"
66.249.66.76 - - [01/Sep/2013:11:23:36 +0200] "GET /dotclear/index.php?feed/atom/comments/47 HTTP/1.1" 200 1898 "-" "Mozilla/5.0 (compatible; Googlebot/2.1; +http://www.google.com/bot.html)"
66.249.66.76 - - [01/Sep/2013:11:24:43 +0200] "GET /dotclear/index.php?post/2006/02/28/51-i-come-back HTTP/1.1" 200 3777 "-" "Mozilla/5.0 (compatible; Googlebot/2.1; +http://www.google.com/bot.html)"
66.249.66.76 - - [01/Sep/2013:11:25:31 +0200] "GET /dotclear/index.php?post/2006/02/12/48-beaucoup-de-changements HTTP/1.1" 200 5002 "-" "Mozilla/5.0 (compatible; Googlebot/2.1; +http://www.google.com/bot.html)"
88.190.254.18 - - [01/Sep/2013:11:30:32 +0200] "GET / HTTP/1.0" 302 285 "-" "-"
66.249.66.76 - - [01/Sep/2013:11:31:56 +0200] "GET /dotclear/index.php?post/2006/08/03/59-upade-of-par-multibyte-encoding-patch HTTP/1.1" 200 4099 "-" "Mozilla/5.0 (compatible; Googlebot/2.1; +http://www.google.com/bot.html)"
66.249.66.76 - - [01/Sep/2013:11:32:51 +0200] "GET /dotclear/index.php?feed/atom/comments/46 HTTP/1.1" 200 1159 "-" "Mozilla/5.0 (compatible; Googlebot/2.1; +http://www.google.com/bot.html)"
66.249.66.76 - - [01/Sep/2013:11:32:52 +0200] "GET /dotclear/index.php?category/System HTTP/1.1" 200 4166 "-" "Mozilla/5.0 (compatible; Googlebot/2.1; +http://www.google.com/bot.html)"
199.15.233.133 - - [01/Sep/2013:11:33:02 +0200] "GET /dotclear/index.php?post/2009/05/29/82-hue-control-not-properly-detected-on-webcam-bisoncam-nb-pro-5986-0241 HTTP/1.0" 200 13573 "http://www.sysmic.org/dotclear/index.php?post/2009/05/29/82-hue-control-not-properly-detected-on-webcam-bisoncam-nb-pro-5986-0241" "Opera/9.80 (Windows NT 5.1) Presto/2.12.388 Version/12.11"
199.15.233.133 - - [01/Sep/2013:11:33:03 +0200] "POST /dotclear/index.php?post/2009/05/29/82-hue-control-not-properly-detected-on-webcam-bisoncam-nb-pro-5986-0241 HTTP/1.0" 412 281 "http://www.sysmic.org/dotclear/index.php?post/2009/05/29/82-hue-control-not-properly-detected-on-webcam-bisoncam-nb-pro-5986-0241" "Opera/9.80 (Windows NT 5.1) Presto/2.12.388 Version/12.11"
5.10.83.101 - - [01/Sep/2013:11:33:51 +0200] "GET /dl/kaskpass/kaskpass-0.1/bin/?C=S;O=A HTTP/1.1" 200 657 "-" "Mozilla/5.0 (compatible; AhrefsBot/5.0; +http://ahrefs.com/robot/)"
